Component: ARM Compiler 5.06 update 7 for Certification (build 960) Tool: armlink [4d3601]

==============================================================================

Section Cross References

    startup_stm32f10x_md.o(RESET) refers to startup_stm32f10x_md.o(STACK) for __initial_sp
    startup_stm32f10x_md.o(RESET) refers to startup_stm32f10x_md.o(.text) for Reset_Handler
    startup_stm32f10x_md.o(RESET) refers to stm32f10x_it.o(i.NMI_Handler) for NMI_Handler
    startup_stm32f10x_md.o(RESET) refers to stm32f10x_it.o(i.HardFault_Handler) for HardFault_Handler
    startup_stm32f10x_md.o(RESET) refers to stm32f10x_it.o(i.MemManage_Handler) for MemManage_Handler
    startup_stm32f10x_md.o(RESET) refers to stm32f10x_it.o(i.BusFault_Handler) for BusFault_Handler
    startup_stm32f10x_md.o(RESET) refers to stm32f10x_it.o(i.UsageFault_Handler) for UsageFault_Handler
    startup_stm32f10x_md.o(RESET) refers to stm32f10x_it.o(i.SVC_Handler) for SVC_Handler
    startup_stm32f10x_md.o(RESET) refers to stm32f10x_it.o(i.DebugMon_Handler) for DebugMon_Handler
    startup_stm32f10x_md.o(RESET) refers to stm32f10x_it.o(i.PendSV_Handler) for PendSV_Handler
    startup_stm32f10x_md.o(RESET) refers to stm32f10x_it.o(i.SysTick_Handler) for SysTick_Handler
    startup_stm32f10x_md.o(RESET) refers to main.o(i.TIM2_IRQHandler) for TIM2_IRQHandler
    startup_stm32f10x_md.o(RESET) refers to usart.o(i.USART1_IRQHandler) for USART1_IRQHandler
    startup_stm32f10x_md.o(.text) refers to system_stm32f10x.o(i.SystemInit) for SystemInit
    startup_stm32f10x_md.o(.text) refers to entry.o(.ARM.Collect$$$$00000000) for __main
    system_stm32f10x.o(i.SetSysClock) refers to system_stm32f10x.o(i.SetSysClockTo72) for SetSysClockTo72
    system_stm32f10x.o(i.SystemCoreClockUpdate) refers to system_stm32f10x.o(.data) for SystemCoreClock
    system_stm32f10x.o(i.SystemInit) refers to system_stm32f10x.o(i.SetSysClock) for SetSysClock
    stm32f10x_adc.o(i.ADC_DeInit) refers to stm32f10x_rcc.o(i.RCC_APB2PeriphResetCmd) for RCC_APB2PeriphResetCmd
    stm32f10x_bkp.o(i.BKP_DeInit) refers to stm32f10x_rcc.o(i.RCC_BackupResetCmd) for RCC_BackupResetCmd
    stm32f10x_can.o(i.CAN_DeInit) refers to stm32f10x_rcc.o(i.RCC_APB1PeriphResetCmd) for RCC_APB1PeriphResetCmd
    stm32f10x_can.o(i.CAN_GetITStatus) refers to stm32f10x_can.o(i.CheckITStatus) for CheckITStatus
    stm32f10x_cec.o(i.CEC_DeInit) refers to stm32f10x_rcc.o(i.RCC_APB1PeriphResetCmd) for RCC_APB1PeriphResetCmd
    stm32f10x_dac.o(i.DAC_DeInit) refers to stm32f10x_rcc.o(i.RCC_APB1PeriphResetCmd) for RCC_APB1PeriphResetCmd
    stm32f10x_flash.o(i.FLASH_EnableWriteProtection) refers to stm32f10x_flash.o(i.FLASH_WaitForLastOperation) for FLASH_WaitForLastOperation
    stm32f10x_flash.o(i.FLASH_EraseAllBank1Pages) refers to stm32f10x_flash.o(i.FLASH_WaitForLastBank1Operation) for FLASH_WaitForLastBank1Operation
    stm32f10x_flash.o(i.FLASH_EraseAllPages) refers to stm32f10x_flash.o(i.FLASH_WaitForLastOperation) for FLASH_WaitForLastOperation
    stm32f10x_flash.o(i.FLASH_EraseOptionBytes) refers to stm32f10x_flash.o(i.FLASH_GetReadOutProtectionStatus) for FLASH_GetReadOutProtectionStatus
    stm32f10x_flash.o(i.FLASH_EraseOptionBytes) refers to stm32f10x_flash.o(i.FLASH_WaitForLastOperation) for FLASH_WaitForLastOperation
    stm32f10x_flash.o(i.FLASH_ErasePage) refers to stm32f10x_flash.o(i.FLASH_WaitForLastOperation) for FLASH_WaitForLastOperation
    stm32f10x_flash.o(i.FLASH_ProgramHalfWord) refers to stm32f10x_flash.o(i.FLASH_WaitForLastOperation) for FLASH_WaitForLastOperation
    stm32f10x_flash.o(i.FLASH_ProgramOptionByteData) refers to stm32f10x_flash.o(i.FLASH_WaitForLastOperation) for FLASH_WaitForLastOperation
    stm32f10x_flash.o(i.FLASH_ProgramWord) refers to stm32f10x_flash.o(i.FLASH_WaitForLastOperation) for FLASH_WaitForLastOperation
    stm32f10x_flash.o(i.FLASH_ReadOutProtection) refers to stm32f10x_flash.o(i.FLASH_WaitForLastOperation) for FLASH_WaitForLastOperation
    stm32f10x_flash.o(i.FLASH_UserOptionByteConfig) refers to stm32f10x_flash.o(i.FLASH_WaitForLastOperation) for FLASH_WaitForLastOperation
    stm32f10x_flash.o(i.FLASH_WaitForLastBank1Operation) refers to stm32f10x_flash.o(i.FLASH_GetBank1Status) for FLASH_GetBank1Status
    stm32f10x_flash.o(i.FLASH_WaitForLastOperation) refers to stm32f10x_flash.o(i.FLASH_GetBank1Status) for FLASH_GetBank1Status
    stm32f10x_gpio.o(i.GPIO_AFIODeInit) refers to stm32f10x_rcc.o(i.RCC_APB2PeriphResetCmd) for RCC_APB2PeriphResetCmd
    stm32f10x_gpio.o(i.GPIO_DeInit) refers to stm32f10x_rcc.o(i.RCC_APB2PeriphResetCmd) for RCC_APB2PeriphResetCmd
    stm32f10x_i2c.o(i.I2C_DeInit) refers to stm32f10x_rcc.o(i.RCC_APB1PeriphResetCmd) for RCC_APB1PeriphResetCmd
    stm32f10x_i2c.o(i.I2C_Init) refers to stm32f10x_rcc.o(i.RCC_GetClocksFreq) for RCC_GetClocksFreq
    stm32f10x_pwr.o(i.PWR_DeInit) refers to stm32f10x_rcc.o(i.RCC_APB1PeriphResetCmd) for RCC_APB1PeriphResetCmd
[...]
    Removing stm32f10x_rcc.o(i.RCC_DeInit), (76 bytes).
    Removing stm32f10x_rcc.o(i.RCC_GetFlagStatus), (60 bytes).
    Removing stm32f10x_rcc.o(i.RCC_GetITStatus), (24 bytes).
    Removing stm32f10x_rcc.o(i.RCC_GetSYSCLKSource), (16 bytes).
    Removing stm32f10x_rcc.o(i.RCC_HCLKConfig), (24 bytes).
    Removing stm32f10x_rcc.o(i.RCC_HSEConfig), (76 bytes).
    Removing stm32f10x_rcc.o(i.RCC_HSICmd), (12 bytes).
    Removing stm32f10x_rcc.o(i.RCC_ITConfig), (32 bytes).
    Removing stm32f10x_rcc.o(i.RCC_LSEConfig), (52 bytes).
    Removing stm32f10x_rcc.o(i.RCC_LSICmd), (12 bytes).
    Removing stm32f10x_rcc.o(i.RCC_MCOConfig), (12 bytes).
    Removing stm32f10x_rcc.o(i.RCC_PCLK1Config), (24 bytes).
    Removing stm32f10x_rcc.o(i.RCC_PCLK2Config), (24 bytes).
    Removing stm32f10x_rcc.o(i.RCC_PLLCmd), (12 bytes).
    Removing stm32f10x_rcc.o(i.RCC_PLLConfig), (28 bytes).
    Removing stm32f10x_rcc.o(i.RCC_RTCCLKCmd), (12 bytes).
    Removing stm32f10x_rcc.o(i.RCC_RTCCLKConfig), (16 bytes).
    Removing stm32f10x_rcc.o(i.RCC_SYSCLKConfig), (24 bytes).
    Removing stm32f10x_rcc.o(i.RCC_USBCLKConfig), (12 bytes).
    Removing stm32f10x_rcc.o(i.RCC_WaitForHSEStartUp), (56 bytes).
    Removing stm32f10x_rtc.o(i.RTC_ClearFlag), (16 bytes).
    Removing stm32f10x_rtc.o(i.RTC_ClearITPendingBit), (16 bytes).
    Removing stm32f10x_rtc.o(i.RTC_EnterConfigMode), (20 bytes).
    Removing stm32f10x_rtc.o(i.RTC_ExitConfigMode), (20 bytes).
    Removing stm32f10x_rtc.o(i.RTC_GetCounter), (20 bytes).
    Removing stm32f10x_rtc.o(i.RTC_GetDivider), (24 bytes).
    Removing stm32f10x_rtc.o(i.RTC_GetFlagStatus), (24 bytes).
    Removing stm32f10x_rtc.o(i.RTC_GetITStatus), (36 bytes).
    Removing stm32f10x_rtc.o(i.RTC_ITConfig), (32 bytes).
    Removing stm32f10x_rtc.o(i.RTC_SetAlarm), (28 bytes).
    Removing stm32f10x_rtc.o(i.RTC_SetCounter), (28 bytes).
    Removing stm32f10x_rtc.o(i.RTC_SetPrescaler), (32 bytes).
    Removing stm32f10x_rtc.o(i.RTC_WaitForLastTask), (20 bytes).
    Removing stm32f10x_rtc.o(i.RTC_WaitForSynchro), (36 bytes).
    Removing stm32f10x_sdio.o(i.SDIO_CEATAITCmd), (16 bytes).
    Removing stm32f10x_sdio.o(i.SDIO_ClearFlag), (12 bytes).
    Removing stm32f10x_sdio.o(i.SDIO_ClearITPendingBit), (12 bytes).
    Removing stm32f10x_sdio.o(i.SDIO_ClockCmd), (12 bytes).
    Removing stm32f10x_sdio.o(i.SDIO_CmdStructInit), (14 bytes).
    Removing stm32f10x_sdio.o(i.SDIO_CommandCompletionCmd), (12 bytes).
    Removing stm32f10x_sdio.o(i.SDIO_DMACmd), (12 bytes).
    Removing stm32f10x_sdio.o(i.SDIO_DataConfig), (48 bytes).
    Removing stm32f10x_sdio.o(i.SDIO_DataStructInit), (20 bytes).
    Removing stm32f10x_sdio.o(i.SDIO_DeInit), (36 bytes).
    Removing stm32f10x_sdio.o(i.SDIO_GetCommandResponse), (12 bytes).
    Removing stm32f10x_sdio.o(i.SDIO_GetDataCounter), (12 bytes).
    Removing stm32f10x_sdio.o(i.SDIO_GetFIFOCount), (12 bytes).
    Removing stm32f10x_sdio.o(i.SDIO_GetFlagStatus), (24 bytes).
    Removing stm32f10x_sdio.o(i.SDIO_GetITStatus), (24 bytes).
    Removing stm32f10x_sdio.o(i.SDIO_GetPowerState), (16 bytes).
    Removing stm32f10x_sdio.o(i.SDIO_GetResponse), (24 bytes).
    Removing stm32f10x_sdio.o(i.SDIO_ITConfig), (32 bytes).
    Removing stm32f10x_sdio.o(i.SDIO_Init), (48 bytes).
    Removing stm32f10x_sdio.o(i.SDIO_ReadData), (12 bytes).
    Removing stm32f10x_sdio.o(i.SDIO_SendCEATACmd), (12 bytes).
    Removing stm32f10x_sdio.o(i.SDIO_SendCommand), (44 bytes).
    Removing stm32f10x_sdio.o(i.SDIO_SendSDIOSuspendCmd), (12 bytes).
    Removing stm32f10x_sdio.o(i.SDIO_SetPowerState), (28 bytes).
    Removing stm32f10x_sdio.o(i.SDIO_SetSDIOOperation), (12 bytes).
    Removing stm32f10x_sdio.o(i.SDIO_SetSDIOReadWaitMode), (12 bytes).
    Removing stm32f10x_sdio.o(i.SDIO_StartSDIOReadWait), (12 bytes).
    Removing stm32f10x_sdio.o(i.SDIO_StopSDIOReadWait), (12 bytes).
    Removing stm32f10x_sdio.o(i.SDIO_StructInit), (16 bytes).
    Removing stm32f10x_sdio.o(i.SDIO_WriteData), (12 bytes).
    Removing stm32f10x_spi.o(i.I2S_Cmd), (24 bytes).
    Removing stm32f10x_spi.o(i.I2S_Init), (232 bytes).
    Removing stm32f10x_spi.o(i.I2S_StructInit), (20 bytes).
    Removing stm32f10x_spi.o(i.SPI_BiDirectionalLineConfig), (28 bytes).
    Removing stm32f10x_spi.o(i.SPI_CalculateCRC), (24 bytes).
    Removing stm32f10x_spi.o(i.SPI_Cmd), (24 bytes).
    Removing stm32f10x_spi.o(i.SPI_DataSizeConfig), (18 bytes).
    Removing stm32f10x_spi.o(i.SPI_GetCRC), (16 bytes).
    Removing stm32f10x_spi.o(i.SPI_GetCRCPolynomial), (6 bytes).
    Removing stm32f10x_spi.o(i.SPI_I2S_ClearFlag), (6 bytes).
    Removing stm32f10x_spi.o(i.SPI_I2S_ClearITPendingBit), (20 bytes).
    Removing stm32f10x_spi.o(i.SPI_I2S_DMACmd), (18 bytes).
    Removing stm32f10x_spi.o(i.SPI_I2S_DeInit), (88 bytes).
    Removing stm32f10x_spi.o(i.SPI_I2S_GetFlagStatus), (18 bytes).
    Removing stm32f10x_spi.o(i.SPI_I2S_GetITStatus), (52 bytes).
    Removing stm32f10x_spi.o(i.SPI_I2S_ITConfig), (32 bytes).
    Removing stm32f10x_spi.o(i.SPI_I2S_ReceiveData), (6 bytes).
    Removing stm32f10x_spi.o(i.SPI_I2S_SendData), (4 bytes).
    Removing stm32f10x_spi.o(i.SPI_Init), (60 bytes).
    Removing stm32f10x_spi.o(i.SPI_NSSInternalSoftwareConfig), (30 bytes).
    Removing stm32f10x_spi.o(i.SPI_SSOutputCmd), (24 bytes).
    Removing stm32f10x_spi.o(i.SPI_StructInit), (24 bytes).
    Removing stm32f10x_spi.o(i.SPI_TransmitCRC), (10 bytes).
    Removing stm32f10x_tim.o(i.TIM_ARRPreloadConfig), (24 bytes).
    Removing stm32f10x_tim.o(i.TIM_BDTRConfig), (32 bytes).
    Removing stm32f10x_tim.o(i.TIM_BDTRStructInit), (18 bytes).
    Removing stm32f10x_tim.o(i.TIM_CCPreloadControl), (24 bytes).
    Removing stm32f10x_tim.o(i.TIM_CCxCmd), (30 bytes).
    Removing stm32f10x_tim.o(i.TIM_CCxNCmd), (30 bytes).
    Removing stm32f10x_tim.o(i.TIM_ClearOC1Ref), (18 bytes).
    Removing stm32f10x_tim.o(i.TIM_ClearOC2Ref), (24 bytes).
    Removing stm32f10x_tim.o(i.TIM_ClearOC3Ref), (18 bytes).
    Removing stm32f10x_tim.o(i.TIM_ClearOC4Ref), (24 bytes).
    Removing stm32f10x_tim.o(i.TIM_CounterModeConfig), (18 bytes).
    Removing stm32f10x_tim.o(i.TIM_DMACmd), (18 bytes).
    Removing stm32f10x_tim.o(i.TIM_DMAConfig), (10 bytes).
    Removing stm32f10x_tim.o(i.TIM_DeInit), (488 bytes).
    Removing stm32f10x_tim.o(i.TIM_ETRClockMode1Config), (54 bytes).
    Removing stm32f10x_tim.o(i.TIM_ETRClockMode2Config), (32 bytes).
    Removing stm32f10x_tim.o(i.TIM_ETRConfig), (28 bytes).
    Removing stm32f10x_tim.o(i.TIM_ForcedOC1Config), (18 bytes).
    Removing stm32f10x_tim.o(i.TIM_ForcedOC2Config), (26 bytes).
    Removing stm32f10x_tim.o(i.TIM_ForcedOC3Config), (18 bytes).
    Removing stm32f10x_tim.o(i.TIM_ForcedOC4Config), (26 bytes).
    Removing stm32f10x_tim.o(i.TIM_GenerateEvent), (4 bytes).
    Removing stm32f10x_tim.o(i.TIM_GetCapture1), (6 bytes).
    Removing stm32f10x_tim.o(i.TIM_GetCapture2), (6 bytes).
    Removing stm32f10x_tim.o(i.TIM_GetCapture3), (6 bytes).
    Removing stm32f10x_tim.o(i.TIM_GetCapture4), (8 bytes).
    Removing stm32f10x_tim.o(i.TIM_GetFlagStatus), (18 bytes).
    Removing stm32f10x_tim.o(i.TIM_GetPrescaler), (6 bytes).
    Removing stm32f10x_tim.o(i.TIM_ITRxExternalClockConfig), (24 bytes).
    Removing stm32f10x_tim.o(i.TIM_OC1FastConfig), (18 bytes).
    Removing stm32f10x_tim.o(i.TIM_OC1NPolarityConfig), (18 bytes).
    Removing stm32f10x_tim.o(i.TIM_OC1PolarityConfig), (18 bytes).
    Removing stm32f10x_tim.o(i.TIM_OC2FastConfig), (26 bytes).
    Removing stm32f10x_tim.o(i.TIM_OC2Init), (164 bytes).
    Removing stm32f10x_tim.o(i.TIM_OC2NPolarityConfig), (26 bytes).
    Removing stm32f10x_tim.o(i.TIM_OC2PolarityConfig), (26 bytes).
    Removing stm32f10x_tim.o(i.TIM_OC2PreloadConfig), (26 bytes).
    Removing stm32f10x_tim.o(i.TIM_OC3FastConfig), (18 bytes).
    Removing stm32f10x_tim.o(i.TIM_OC3Init), (160 bytes).
    Removing stm32f10x_tim.o(i.TIM_OC3NPolarityConfig), (26 bytes).
    Removing stm32f10x_tim.o(i.TIM_OC3PolarityConfig), (26 bytes).
    Removing stm32f10x_tim.o(i.TIM_OC3PreloadConfig), (18 bytes).
    Removing stm32f10x_tim.o(i.TIM_OC4FastConfig), (26 bytes).
    Removing stm32f10x_tim.o(i.TIM_OC4PolarityConfig), (26 bytes).
    Removing stm32f10x_tim.o(i.TIM_PWMIConfig), (124 bytes).
    Removing stm32f10x_tim.o(i.TIM_PrescalerConfig), (6 bytes).
    Removing stm32f10x_tim.o(i.TIM_SelectCCDMA), (24 bytes).
    Removing stm32f10x_tim.o(i.TIM_SelectCOM), (24 bytes).
    Removing stm32f10x_tim.o(i.TIM_SelectHallSensor), (24 bytes).
    Removing stm32f10x_tim.o(i.TIM_SelectInputTrigger), (18 bytes).
    Removing stm32f10x_tim.o(i.TIM_SelectMasterSlaveMode), (18 bytes).
    Removing stm32f10x_tim.o(i.TIM_SelectOCxM), (82 bytes).
    Removing stm32f10x_tim.o(i.TIM_SelectOnePulseMode), (18 bytes).
    Removing stm32f10x_tim.o(i.TIM_SelectOutputTrigger), (18 bytes).
    Removing stm32f10x_tim.o(i.TIM_SelectSlaveMode), (18 bytes).
    Removing stm32f10x_tim.o(i.TIM_SetAutoreload), (4 bytes).
    Removing stm32f10x_tim.o(i.TIM_SetClockDivision), (18 bytes).
    Removing stm32f10x_tim.o(i.TIM_SetCompare2), (4 bytes).
    Removing stm32f10x_tim.o(i.TIM_SetCompare3), (4 bytes).
    Removing stm32f10x_tim.o(i.TIM_TIxExternalClockConfig), (62 bytes).
    Removing stm32f10x_tim.o(i.TIM_TimeBaseStructInit), (18 bytes).
    Removing stm32f10x_tim.o(i.TIM_UpdateDisableConfig), (24 bytes).
    Removing stm32f10x_tim.o(i.TIM_UpdateRequestConfig), (24 bytes).
    Removing stm32f10x_usart.o(i.USART_ClearFlag), (18 bytes).
    Removing stm32f10x_usart.o(i.USART_ClockInit), (34 bytes).
    Removing stm32f10x_usart.o(i.USART_ClockStructInit), (12 bytes).
    Removing stm32f10x_usart.o(i.USART_DMACmd), (18 bytes).
    Removing stm32f10x_usart.o(i.USART_DeInit), (156 bytes).
    Removing stm32f10x_usart.o(i.USART_HalfDuplexCmd), (24 bytes).
    Removing stm32f10x_usart.o(i.USART_IrDACmd), (24 bytes).
    Removing stm32f10x_usart.o(i.USART_IrDAConfig), (18 bytes).
    Removing stm32f10x_usart.o(i.USART_LINBreakDetectLengthConfig), (18 bytes).
    Removing stm32f10x_usart.o(i.USART_LINCmd), (24 bytes).
    Removing stm32f10x_usart.o(i.USART_OneBitMethodCmd), (24 bytes).
    Removing stm32f10x_usart.o(i.USART_OverSampling8Cmd), (22 bytes).
    Removing stm32f10x_usart.o(i.USART_ReceiverWakeUpCmd), (24 bytes).
    Removing stm32f10x_usart.o(i.USART_SendBreak), (10 bytes).
    Removing stm32f10x_usart.o(i.USART_SetAddress), (18 bytes).
    Removing stm32f10x_usart.o(i.USART_SetGuardTime), (16 bytes).
    Removing stm32f10x_usart.o(i.USART_SetPrescaler), (16 bytes).
    Removing stm32f10x_usart.o(i.USART_SmartCardCmd), (24 bytes).
    Removing stm32f10x_usart.o(i.USART_SmartCardNACKCmd), (24 bytes).
    Removing stm32f10x_usart.o(i.USART_StructInit), (24 bytes).
    Removing stm32f10x_usart.o(i.USART_WakeUpConfig), (18 bytes).
    Removing stm32f10x_wwdg.o(i.WWDG_ClearFlag), (12 bytes).
    Removing stm32f10x_wwdg.o(i.WWDG_DeInit), (22 bytes).
    Removing stm32f10x_wwdg.o(i.WWDG_Enable), (16 bytes).
    Removing stm32f10x_wwdg.o(i.WWDG_EnableIT), (12 bytes).
    Removing stm32f10x_wwdg.o(i.WWDG_GetFlagStatus), (12 bytes).
    Removing stm32f10x_wwdg.o(i.WWDG_SetCounter), (16 bytes).
    Removing stm32f10x_wwdg.o(i.WWDG_SetPrescaler), (24 bytes).
    Removing stm32f10x_wwdg.o(i.WWDG_SetWindowValue), (40 bytes).
    Removing delay.o(i.Delay_ms), (24 bytes).
    Removing delay.o(i.Delay_s), (24 bytes).
    Removing delay.o(i.Delay_us), (46 bytes).
    Removing protocol.o(i.SetTargetMaxSpeed), (20 bytes).
    Removing led.o(i.LED1_OFF), (16 bytes).
    Removing led.o(i.LED1_ON), (16 bytes).
    Removing led.o(i.LED1_Turn), (36 bytes).
    Removing led.o(i.LED2_OFF), (16 bytes).
    Removing led.o(i.LED2_ON), (16 bytes).
    Removing led.o(i.LED2_Turn), (36 bytes).
    Removing led.o(i.LED_Init), (52 bytes).
    Removing key.o(i.Key_GetNum), (92 bytes).
    Removing key.o(i.Key_Init), (44 bytes).
    Removing oled.o(i.OLED_Pow), (20 bytes).
    Removing oled.o(i.OLED_ShowBinNum), (62 bytes).
    Removing oled.o(i.OLED_ShowHexNum), (84 bytes).
    Removing oled.o(i.OLED_ShowNum), (68 bytes).
    Removing oled.o(i.OLED_ShowSignedNum), (102 bytes).
    Removing pwm.o(i.PWM_SetCompare1), (20 bytes).
    Removing pwm.o(i.PWM_SetCompare4), (20 bytes).

453 unused section(s) (total 17976 bytes) removed from the image.

==============================================================================

Image Symbol Table

    Local Symbols

    Symbol Name                              Value     Ov Type        Size  Object(Section)

    ../clib/microlib/division.c              0x00000000   Number         0  uldiv.o ABSOLUTE
    ../clib/microlib/division.c              0x00000000   Number         0  uidiv.o ABSOLUTE
    ../clib/microlib/init/entry.s            0x00000000   Number         0  entry9b.o ABSOLUTE
    ../clib/microlib/init/entry.s            0x00000000   Number         0  entry10a.o ABSOLUTE
    ../clib/microlib/init/entry.s            0x00000000   Number         0  entry10b.o ABSOLUTE
    ../clib/microlib/init/entry.s            0x00000000   Number         0  entry11a.o ABSOLUTE
    ../clib/microlib/init/entry.s            0x00000000   Number         0  entry11b.o ABSOLUTE
    ../clib/microlib/init/entry.s            0x00000000   Number         0  entry12a.o ABSOLUTE
    ../clib/microlib/init/entry.s            0x00000000   Number         0  entry12b.o ABSOLUTE
    ../clib/microlib/init/entry.s            0x00000000   Number         0  entry.o ABSOLUTE
    ../clib/microlib/init/entry.s            0x00000000   Number         0  entry2.o ABSOLUTE
    ../clib/microlib/init/entry.s            0x00000000   Number         0  entry5.o ABSOLUTE
    ../clib/microlib/init/entry.s            0x00000000   Number         0  entry7a.o ABSOLUTE
    ../clib/microlib/init/entry.s            0x00000000   Number         0  entry7b.o ABSOLUTE
    ../clib/microlib/init/entry.s            0x00000000   Number         0  entry8b.o ABSOLUTE
    ../clib/microlib/init/entry.s            0x00000000   Number         0  entry8a.o ABSOLUTE
    ../clib/microlib/init/entry.s            0x00000000   Number         0  entry9a.o ABSOLUTE
    ../clib/microlib/longlong.c              0x00000000   Number         0  llushr.o ABSOLUTE
    ../clib/microlib/longlong.c              0x00000000   Number         0  llsshr.o ABSOLUTE
    ../clib/microlib/longlong.c              0x00000000   Number         0  llshl.o ABSOLUTE
    ../clib/microlib/printf/printf.c         0x00000000   Number         0  printf4.o ABSOLUTE
    ../clib/microlib/printf/printf.c         0x00000000   Number         0  printf3.o ABSOLUTE
    ../clib/microlib/printf/printf.c         0x00000000   Number         0  printf2.o ABSOLUTE
    ../clib/microlib/printf/printf.c         0x00000000   Number         0  printf1.o ABSOLUTE
    ../clib/microlib/printf/printf.c         0x00000000   Number         0  printf0.o ABSOLUTE
    ../clib/microlib/printf/printf.c         0x00000000   Number         0  printfb.o ABSOLUTE
    ../clib/microlib/printf/printf.c         0x00000000   Number         0  printf6.o ABSOLUTE
    ../clib/microlib/printf/printf.c         0x00000000   Number         0  printfa.o ABSOLUTE
    ../clib/microlib/printf/printf.c         0x00000000   Number         0  printf8.o ABSOLUTE
    ../clib/microlib/printf/printf.c         0x00000000   Number         0  printf7.o ABSOLUTE
    ../clib/microlib/printf/printf.c         0x00000000   Number         0  printf5.o ABSOLUTE
    ../clib/microlib/printf/stubs.s          0x00000000   Number         0  stubs.o ABSOLUTE
    ../clib/microlib/stdio/streams.c         0x00000000   Number         0  stdout.o ABSOLUTE
    ../clib/microlib/string/memcpy.c         0x00000000   Number         0  memcpyb.o ABSOLUTE
    ../clib/microlib/string/memcpy.c         0x00000000   Number         0  memcpya.o ABSOLUTE
    ../clib/microlib/string/memset.c         0x00000000   Number         0  memseta.o ABSOLUTE
    ../clib/microlib/stubs.s                 0x00000000   Number         0  iusefp.o ABSOLUTE
    ../fplib/microlib/d2f.c                  0x00000000   Number         0  d2f.o ABSOLUTE
    ../fplib/microlib/f2d.c                  0x00000000   Number         0  f2d.o ABSOLUTE
    ../fplib/microlib/fpadd.c                0x00000000   Number         0  fadd.o ABSOLUTE
    ../fplib/microlib/fpadd.c                0x00000000   Number         0  dadd.o ABSOLUTE
    ../fplib/microlib/fpdiv.c                0x00000000   Number         0  fdiv.o ABSOLUTE
    ../fplib/microlib/fpdiv.c                0x00000000   Number         0  ddiv.o ABSOLUTE
    ../fplib/microlib/fpepilogue.c           0x00000000   Number         0  fepilogue.o ABSOLUTE
    ../fplib/microlib/fpepilogue.c           0x00000000   Number         0  depilogue.o ABSOLUTE
    ../fplib/microlib/fpfix.c                0x00000000   Number         0  ffixi.o ABSOLUTE
    ../fplib/microlib/fpfix.c                0x00000000   Number         0  dfixi.o ABSOLUTE
    ../fplib/microlib/fpfix.c                0x00000000   Number         0  dfixul.o ABSOLUTE
    ../fplib/microlib/fpflt.c                0x00000000   Number         0  fflti.o ABSOLUTE
    ../fplib/microlib/fpflt.c                0x00000000   Number         0  dflti.o ABSOLUTE
    ../fplib/microlib/fpmul.c                0x00000000   Number         0  dmul.o ABSOLUTE
    ../fplib/microlib/fpmul.c                0x00000000   Number         0  fmul.o ABSOLUTE
    Hardware\Encoder.c                       0x00000000   Number         0  encoder.o ABSOLUTE
    Hardware\Key.c                           0x00000000   Number         0  key.o ABSOLUTE
    Hardware\LED.c                           0x00000000   Number         0  led.o ABSOLUTE
    Hardware\OLED.c                          0x00000000   Number         0  oled.o ABSOLUTE
    Hardware\PWM.c                           0x00000000   Number         0  pwm.o ABSOLUTE
    Hardware\motor.c                         0x00000000   Number         0  motor.o ABSOLUTE
    Library\misc.c                           0x00000000   Number         0  misc.o ABSOLUTE
    Library\stm32f10x_adc.c                  0x00000000   Number         0  stm32f10x_adc.o ABSOLUTE
    Library\stm32f10x_bkp.c                  0x00000000   Number         0  stm32f10x_bkp.o ABSOLUTE
    Library\stm32f10x_can.c                  0x00000000   Number         0  stm32f10x_can.o ABSOLUTE
    Library\stm32f10x_cec.c                  0x00000000   Number         0  stm32f10x_cec.o ABSOLUTE
    Library\stm32f10x_crc.c                  0x00000000   Number         0  stm32f10x_crc.o ABSOLUTE
    Library\stm32f10x_dac.c                  0x00000000   Number         0  stm32f10x_dac.o ABSOLUTE
    Library\stm32f10x_dbgmcu.c               0x00000000   Number         0  stm32f10x_dbgmcu.o ABSOLUTE
    Library\stm32f10x_dma.c                  0x00000000   Number         0  stm32f10x_dma.o ABSOLUTE
    Library\stm32f10x_exti.c                 0x00000000   Number         0  stm32f10x_exti.o ABSOLUTE
    Library\stm32f10x_flash.c                0x00000000   Number         0  stm32f10x_flash.o ABSOLUTE
    Library\stm32f10x_fsmc.c                 0x00000000   Number         0  stm32f10x_fsmc.o ABSOLUTE
    Library\stm32f10x_gpio.c                 0x00000000   Number         0  stm32f10x_gpio.o ABSOLUTE
    Library\stm32f10x_i2c.c                  0x00000000   Number         0  stm32f10x_i2c.o ABSOLUTE
    Library\stm32f10x_iwdg.c                 0x00000000   Number         0  stm32f10x_iwdg.o ABSOLUTE
    Library\stm32f10x_pwr.c                  0x00000000   Number         0  stm32f10x_pwr.o ABSOLUTE
    Library\stm32f10x_rcc.c                  0x00000000   Number         0  stm32f10x_rcc.o ABSOLUTE
    Library\stm32f10x_rtc.c                  0x00000000   Number         0  stm32f10x_rtc.o ABSOLUTE
    Library\stm32f10x_sdio.c                 0x00000000   Number         0  stm32f10x_sdio.o ABSOLUTE
    Library\stm32f10x_spi.c                  0x00000000   Number         0  stm32f10x_spi.o ABSOLUTE
    Library\stm32f10x_tim.c                  0x00000000   Number         0  stm32f10x_tim.o ABSOLUTE
    Library\stm32f10x_usart.c                0x00000000   Number         0  stm32f10x_usart.o ABSOLUTE
    Library\stm32f10x_wwdg.c                 0x00000000   Number         0  stm32f10x_wwdg.o ABSOLUTE
    Start\\core_cm3.c                        0x00000000   Number         0  core_cm3.o ABSOLUTE
    Start\core_cm3.c                         0x00000000   Number         0  core_cm3.o ABSOLUTE
    Start\startup_stm32f10x_md.s             0x00000000   Number         0  startup_stm32f10x_md.o ABSOLUTE
    Start\system_stm32f10x.c                 0x00000000   Number         0  system_stm32f10x.o ABSOLUTE
    System\Delay.c                           0x00000000   Number         0  delay.o ABSOLUTE
    System\PID.c                             0x00000000   Number         0  pid.o ABSOLUTE
    System\Timer.c                           0x00000000   Number         0  timer.o ABSOLUTE
    System\protocol.c                        0x00000000   Number         0  protocol.o ABSOLUTE
    System\usart.c                           0x00000000   Number         0  usart.o ABSOLUTE
    User\main.c                              0x00000000   Number         0  main.o ABSOLUTE
    User\stm32f10x_it.c                      0x00000000   Number         0  stm32f10x_it.o ABSOLUTE
    cdrcmple.s                               0x00000000   Number         0  cdrcmple.o ABSOLUTE
    cfcmple.s                                0x00000000   Number         0  cfcmple.o ABSOLUTE
    cfrcmple.s                               0x00000000   Number         0  cfrcmple.o ABSOLUTE
    dc.s                                     0x00000000   Number         0  dc.o ABSOLUTE
    handlers.s                               0x00000000   Number         0  handlers.o ABSOLUTE
    init.s                                   0x00000000   Number         0  init.o ABSOLUTE
    RESET                                    0x08000000   Section      236  startup_stm32f10x_md.o(RESET)
    .ARM.Collect$$$$00000000                 0x080000ec   Section        0  entry.o(.ARM.Collect$$$$00000000)
    .ARM.Collect$$$$00000001                 0x080000ec   Section        4  entry2.o(.ARM.Collect$$$$00000001)
    .ARM.Collect$$$$00000004                 0x080000f0   Section        4  entry5.o(.ARM.Collect$$$$00000004)
    .ARM.Collect$$$$00000008                 0x080000f4   Section        0  entry7b.o(.ARM.Collect$$$$00000008)
    .ARM.Collect$$$$0000000A                 0x080000f4   Section        0  entry8b.o(.ARM.Collect$$$$0000000A)
    .ARM.Collect$$$$0000000B                 0x080000f4   Section        8  entry9a.o(.ARM.Collect$$$$0000000B)
    .ARM.Collect$$$$0000000E                 0x080000fc   Section        4  entry12b.o(.ARM.Collect$$$$0000000E)
    .ARM.Collect$$$$0000000F                 0x08000100   Section        0  entry10a.o(.ARM.Collect$$$$0000000F)
    .ARM.Collect$$$$00000011                 0x08000100   Section        0  entry11a.o(.ARM.Collect$$$$00000011)
    .ARM.Collect$$$$00002712                 0x08000100   Section        4  entry2.o(.ARM.Collect$$$$00002712)
    __lit__00000000                          0x08000100   Data           4  entry2.o(.ARM.Collect$$$$00002712)
    .text                                    0x08000104   Section       36  startup_stm32f10x_md.o(.text)
    .text                                    0x08000128   Section        0  memcpya.o(.text)
    .text                                    0x0800014c   Section        0  memseta.o(.text)
    .text                                    0x08000170   Section        0  fadd.o(.text)
    .text                                    0x08000220   Section        0  fmul.o(.text)
    .text                                    0x08000284   Section        0  fdiv.o(.text)
    .text                                    0x08000300   Section        0  ddiv.o(.text)
    .text                                    0x080003de   Section        0  fflti.o(.text)
    .text                                    0x080003f0   Section        0  dflti.o(.text)
    .text                                    0x08000412   Section        0  ffixi.o(.text)
    .text                                    0x08000444   Section        0  dfixi.o(.text)
    .text                                    0x08000482   Section        0  f2d.o(.text)
    .text                                    0x080004a8   Section        0  d2f.o(.text)
    .text                                    0x080004e0   Section       20  cfcmple.o(.text)
    .text                                    0x080004f4   Section       20  cfrcmple.o(.text)
    .text                                    0x08000508   Section        0  uidiv.o(.text)
    .text                                    0x08000534   Section        0  uldiv.o(.text)
    .text                                    0x08000596   Section        0  llushr.o(.text)
    .text                                    0x080005b6   Section        0  fepilogue.o(.text)
    .text                                    0x080005b6   Section        0  iusefp.o(.text)
    .text                                    0x08000624   Section        0  depilogue.o(.text)
    .text                                    0x080006de   Section        0  dadd.o(.text)
    .text                                    0x0800082c   Section        0  dmul.o(.text)
    .text                                    0x08000910   Section        0  dfixul.o(.text)
    .text                                    0x08000940   Section       48  cdrcmple.o(.text)
    .text                                    0x08000970   Section       36  init.o(.text)
    .text                                    0x08000994   Section        0  llshl.o(.text)
    .text                                    0x080009b2   Section        0  llsshr.o(.text)
    i.BusFault_Handler                       0x080009d6   Section        0  stm32f10x_it.o(i.BusFault_Handler)
    i.DebugMon_Handler                       0x080009da   Section        0  stm32f10x_it.o(i.DebugMon_Handler)
    i.Encoder_Get                            0x080009dc   Section        0  encoder.o(i.Encoder_Get)
    i.Encoder_Init                           0x080009f8   Section        0  encoder.o(i.Encoder_Init)
    i.GPIO_Init                              0x08000abc   Section        0  stm32f10x_gpio.o(i.GPIO_Init)
    i.GPIO_WriteBit                          0x08000bd2   Section        0  stm32f10x_gpio.o(i.GPIO_WriteBit)
    i.GetTargetMaxSpeed                      0x08000bdc   Section        0  protocol.o(i.GetTargetMaxSpeed)
    i.HardFault_Handler                      0x08000bec   Section        0  stm32f10x_it.o(i.HardFault_Handler)
    i.LeftMotor_Back                         0x08000bf0   Section        0  motor.o(i.LeftMotor_Back)
    i.LeftMotor_Go                           0x08000c10   Section        0  motor.o(i.LeftMotor_Go)
    i.LeftMotor_Stop                         0x08000c30   Section        0  motor.o(i.LeftMotor_Stop)
    i.MemManage_Handler                      0x08000c50   Section        0  stm32f10x_it.o(i.MemManage_Handler)
    i.MotorControl                           0x08000c54   Section        0  motor.o(i.MotorControl)
    i.Motor_Init                             0x08000cc4   Section        0  motor.o(i.Motor_Init)
    i.NMI_Handler                            0x08000cf0   Section        0  stm32f10x_it.o(i.NMI_Handler)
    i.NVIC_Init                              0x08000cf4   Section        0  misc.o(i.NVIC_Init)
    i.NVIC_PriorityGroupConfig               0x08000d64   Section        0  misc.o(i.NVIC_PriorityGroupConfig)
    i.OLED_Clear                             0x08000d78   Section        0  oled.o(i.OLED_Clear)
    i.OLED_I2C_Init                          0x08000da4   Section        0  oled.o(i.OLED_I2C_Init)
    i.OLED_I2C_SendByte                      0x08000df4   Section        0  oled.o(i.OLED_I2C_SendByte)
    i.OLED_I2C_Start                         0x08000e48   Section        0  oled.o(i.OLED_I2C_Start)
    i.OLED_I2C_Stop                          0x08000e7c   Section        0  oled.o(i.OLED_I2C_Stop)
    i.OLED_Init                              0x08000ea4   Section        0  oled.o(i.OLED_Init)
    i.OLED_SetCursor                         0x08000f52   Section        0  oled.o(i.OLED_SetCursor)
    i.OLED_ShowChar                          0x08000f74   Section        0  oled.o(i.OLED_ShowChar)
    i.OLED_ShowString                        0x08000fe8   Section        0  oled.o(i.OLED_ShowString)
    i.OLED_WriteCommand                      0x08001010   Section        0  oled.o(i.OLED_WriteCommand)
    i.OLED_WriteData                         0x08001030   Section        0  oled.o(i.OLED_WriteData)
    i.PID_Init                               0x08001050   Section        0  pid.o(i.PID_Init)
    i.PWM_Init                               0x080010a0   Section        0  pwm.o(i.PWM_Init)
    i.PendSV_Handler                         0x08001158   Section        0  stm32f10x_it.o(i.PendSV_Handler)
    i.RCC_APB1PeriphClockCmd                 0x0800115c   Section        0  stm32f10x_rcc.o(i.RCC_APB1PeriphClockCmd)
    i.RCC_APB2PeriphClockCmd                 0x0800117c   Section        0  stm32f10x_rcc.o(i.RCC_APB2PeriphClockCmd)
    i.RCC_GetClocksFreq                      0x0800119c   Section        0  stm32f10x_rcc.o(i.RCC_GetClocksFreq)
    i.RightMotor_Back                        0x08001270   Section        0  motor.o(i.RightMotor_Back)
    i.RightMotor_Go                          0x08001290   Section        0  motor.o(i.RightMotor_Go)
    i.RightMotor_Stop                        0x080012b0   Section        0  motor.o(i.RightMotor_Stop)
    i.SVC_Handler                            0x080012d0   Section        0  stm32f10x_it.o(i.SVC_Handler)
    i.SetSysClock                            0x080012d2   Section        0  system_stm32f10x.o(i.SetSysClock)
    SetSysClock                              0x080012d3   Thumb Code     8  system_stm32f10x.o(i.SetSysClock)
    i.SetSysClockTo72                        0x080012dc   Section        0  system_stm32f10x.o(i.SetSysClockTo72)
    SetSysClockTo72                          0x080012dd   Thumb Code   214  system_stm32f10x.o(i.SetSysClockTo72)
    i.SysTick_Handler                        0x080013bc   Section        0  stm32f10x_it.o(i.SysTick_Handler)
    i.SystemInit                             0x080013c0   Section        0  system_stm32f10x.o(i.SystemInit)
    i.TI1_Config                             0x08001420   Section        0  stm32f10x_tim.o(i.TI1_Config)
    TI1_Config                               0x08001421   Thumb Code   108  stm32f10x_tim.o(i.TI1_Config)
    i.TI2_Config                             0x080014a0   Section        0  stm32f10x_tim.o(i.TI2_Config)
    TI2_Config                               0x080014a1   Thumb Code   130  stm32f10x_tim.o(i.TI2_Config)
    i.TI3_Config                             0x08001538   Section        0  stm32f10x_tim.o(i.TI3_Config)
    TI3_Config                               0x08001539   Thumb Code   122  stm32f10x_tim.o(i.TI3_Config)
    i.TI4_Config                             0x080015c8   Section        0  stm32f10x_tim.o(i.TI4_Config)
    TI4_Config                               0x080015c9   Thumb Code   130  stm32f10x_tim.o(i.TI4_Config)
    i.TIM2_IRQHandler                        0x08001660   Section        0  main.o(i.TIM2_IRQHandler)
    i.TIM_ClearFlag                          0x08001838   Section        0  stm32f10x_tim.o(i.TIM_ClearFlag)
    i.TIM_ClearITPendingBit                  0x0800183e   Section        0  stm32f10x_tim.o(i.TIM_ClearITPendingBit)
    i.TIM_Cmd                                0x08001844   Section        0  stm32f10x_tim.o(i.TIM_Cmd)
    i.TIM_CtrlPWMOutputs                     0x0800185c   Section        0  stm32f10x_tim.o(i.TIM_CtrlPWMOutputs)
    i.TIM_EncoderInterfaceConfig             0x0800187a   Section        0  stm32f10x_tim.o(i.TIM_EncoderInterfaceConfig)
    i.TIM_GetCounter                         0x080018bc   Section        0  stm32f10x_tim.o(i.TIM_GetCounter)
    i.TIM_GetITStatus                        0x080018c2   Section        0  stm32f10x_tim.o(i.TIM_GetITStatus)
    i.TIM_ICInit                             0x080018e4   Section        0  stm32f10x_tim.o(i.TIM_ICInit)
    i.TIM_ICStructInit                       0x08001990   Section        0  stm32f10x_tim.o(i.TIM_ICStructInit)
    i.TIM_ITConfig                           0x080019a2   Section        0  stm32f10x_tim.o(i.TIM_ITConfig)
    i.TIM_InternalClockConfig                0x080019b4   Section        0  stm32f10x_tim.o(i.TIM_InternalClockConfig)
    i.TIM_OC1Init                            0x080019c0   Section        0  stm32f10x_tim.o(i.TIM_OC1Init)
    i.TIM_OC1PreloadConfig                   0x08001a58   Section        0  stm32f10x_tim.o(i.TIM_OC1PreloadConfig)
    i.TIM_OC4Init                            0x08001a6c   Section        0  stm32f10x_tim.o(i.TIM_OC4Init)
    i.TIM_OC4PreloadConfig                   0x08001ae8   Section        0  stm32f10x_tim.o(i.TIM_OC4PreloadConfig)
    i.TIM_OCStructInit                       0x08001b02   Section        0  stm32f10x_tim.o(i.TIM_OCStructInit)
    i.TIM_SetCompare1                        0x08001b16   Section        0  stm32f10x_tim.o(i.TIM_SetCompare1)
    i.TIM_SetCompare4                        0x08001b1a   Section        0  stm32f10x_tim.o(i.TIM_SetCompare4)
    i.TIM_SetCounter                         0x08001b20   Section        0  stm32f10x_tim.o(i.TIM_SetCounter)
    i.TIM_SetIC1Prescaler                    0x08001b24   Section        0  stm32f10x_tim.o(i.TIM_SetIC1Prescaler)
    i.TIM_SetIC2Prescaler                    0x08001b36   Section        0  stm32f10x_tim.o(i.TIM_SetIC2Prescaler)
    i.TIM_SetIC3Prescaler                    0x08001b50   Section        0  stm32f10x_tim.o(i.TIM_SetIC3Prescaler)
    i.TIM_SetIC4Prescaler                    0x08001b62   Section        0  stm32f10x_tim.o(i.TIM_SetIC4Prescaler)
    i.TIM_TimeBaseInit                       0x08001b7c   Section        0  stm32f10x_tim.o(i.TIM_TimeBaseInit)
    i.TIMx_calcPID_start                     0x08001c20   Section        0  timer.o(i.TIMx_calcPID_start)
    i.TIMx_calcPID_stop                      0x08001c2c   Section        0  timer.o(i.TIMx_calcPID_stop)
    i.Timer_Init                             0x08001c3a   Section        0  timer.o(i.Timer_Init)
    i.USART1_IRQHandler                      0x08001ca4   Section        0  usart.o(i.USART1_IRQHandler)
    i.USART1_Init                            0x08001d34   Section        0  usart.o(i.USART1_Init)
    i.USART_ClearITPendingBit                0x08001df0   Section        0  stm32f10x_usart.o(i.USART_ClearITPendingBit)
    i.USART_Cmd                              0x08001e0e   Section        0  stm32f10x_usart.o(i.USART_Cmd)
    i.USART_GetFlagStatus                    0x08001e26   Section        0  stm32f10x_usart.o(i.USART_GetFlagStatus)
    i.USART_GetITStatus                      0x08001e40   Section        0  stm32f10x_usart.o(i.USART_GetITStatus)
    i.USART_ITConfig                         0x08001e94   Section        0  stm32f10x_usart.o(i.USART_ITConfig)
    i.USART_Init                             0x08001ee0   Section        0  stm32f10x_usart.o(i.USART_Init)
    i.USART_ReceiveData                      0x08001fb8   Section        0  stm32f10x_usart.o(i.USART_ReceiveData)
    i.USART_SendData                         0x08001fc2   Section        0  stm32f10x_usart.o(i.USART_SendData)
    i.UsageFault_Handler                     0x08001fca   Section        0  stm32f10x_it.o(i.UsageFault_Handler)
    i.__0printf                              0x08001fd0   Section        0  printfa.o(i.__0printf)
    i.__scatterload_copy                     0x08001ff0   Section       14  handlers.o(i.__scatterload_copy)
    i.__scatterload_null                     0x08001ffe   Section        2  handlers.o(i.__scatterload_null)
    i.__scatterload_zeroinit                 0x08002000   Section       14  handlers.o(i.__scatterload_zeroinit)
    i._fp_digits                             0x08002010   Section        0  printfa.o(i._fp_digits)
    _fp_digits                               0x08002011   Thumb Code   366  printfa.o(i._fp_digits)
    i._printf_core                           0x08002194   Section        0  printfa.o(i._printf_core)
    _printf_core                             0x08002195   Thumb Code  1704  printfa.o(i._printf_core)
    i._printf_post_padding                   0x08002848   Section        0  printfa.o(i._printf_post_padding)
    _printf_post_padding                     0x08002849   Thumb Code    36  printfa.o(i._printf_post_padding)
    i._printf_pre_padding                    0x0800286c   Section        0  printfa.o(i._printf_pre_padding)
    _printf_pre_padding                      0x0800286d   Thumb Code    46  printfa.o(i._printf_pre_padding)
    i.check_sum                              0x0800289a   Section        0  protocol.o(i.check_sum)
    i.fputc                                  0x080028b8   Section        0  usart.o(i.fputc)
    i.get_frame_checksum                     0x080028d4   Section        0  protocol.o(i.get_frame_checksum)
    get_frame_checksum                       0x080028d5   Thumb Code    32  protocol.o(i.get_frame_checksum)
    i.get_frame_len                          0x080028f4   Section        0  protocol.o(i.get_frame_len)
    get_frame_len                            0x080028f5   Thumb Code    92  protocol.o(i.get_frame_len)
    i.get_frame_type                         0x08002950   Section        0  protocol.o(i.get_frame_type)
    get_frame_type                           0x08002951   Thumb Code    30  protocol.o(i.get_frame_type)
    i.get_pid_target                         0x0800296e   Section        0  protocol.o(i.get_pid_target)
    i.location_pid_realize                   0x08002974   Section        0  pid.o(i.location_pid_realize)
    i.main                                   0x08002a38   Section        0  main.o(i.main)
    i.protocol_RX_init                       0x08002a84   Section        0  protocol.o(i.protocol_RX_init)
    i.protocol_TX_init                       0x08002aa0   Section        0  protocol.o(i.protocol_TX_init)
    i.protocol_data_recv                     0x08002b30   Section        0  protocol.o(i.protocol_data_recv)
    i.protocol_frame_parse                   0x08002b64   Section        0  protocol.o(i.protocol_frame_parse)
    protocol_frame_parse                     0x08002b65   Thumb Code   438  protocol.o(i.protocol_frame_parse)
    i.pwm_val_protect                        0x08002d20   Section        0  main.o(i.pwm_val_protect)
    i.receiving_process                      0x08002d50   Section        0  protocol.o(i.receiving_process)
    i.recvbuf_find_header                    0x08002ee0   Section        0  protocol.o(i.recvbuf_find_header)
    recvbuf_find_header                      0x08002ee1   Thumb Code   112  protocol.o(i.recvbuf_find_header)
    i.recvbuf_get_len_to_parse               0x08002f54   Section        0  protocol.o(i.recvbuf_get_len_to_parse)
    recvbuf_get_len_to_parse                 0x08002f55   Thumb Code    34  protocol.o(i.recvbuf_get_len_to_parse)
    i.recvbuf_put_data                       0x08002f76   Section        0  protocol.o(i.recvbuf_put_data)
    recvbuf_put_data                         0x08002f77   Thumb Code    70  protocol.o(i.recvbuf_put_data)
    i.set_computer_value                     0x08002fbc   Section        0  protocol.o(i.set_computer_value)
    i.set_p_i_d                              0x08003020   Section        0  protocol.o(i.set_p_i_d)
    i.set_pid_target                         0x08003028   Section        0  protocol.o(i.set_pid_target)
    i.speed_pid_realize                      0x08003064   Section        0  pid.o(i.speed_pid_realize)
    i.speed_val_protect                      0x08003128   Section        0  protocol.o(i.speed_val_protect)
    i.usart1_send                            0x08003164   Section        0  usart.o(i.usart1_send)
    .constdata                               0x08003194   Section     1520  oled.o(.constdata)
    .data                                    0x20000000   Section       20  stm32f10x_rcc.o(.data)
    APBAHBPrescTable                         0x20000000   Data          16  stm32f10x_rcc.o(.data)
    ADCPrescTable                            0x20000010   Data           4  stm32f10x_rcc.o(.data)
    .data                                    0x20000014   Section       10  usart.o(.data)
    .data                                    0x20000020   Section        4  protocol.o(.data)
    TARGET_SPEED_MAX                         0x20000020   Data           4  protocol.o(.data)
    .data                                    0x20000024   Section       48  main.o(.data)
    location_timer                           0x20000034   Data           4  main.o(.data)
    encoderNow                               0x20000038   Data           4  main.o(.data)
    encoderNum                               0x2000003c   Data           4  main.o(.data)
    i                                        0x20000050   Data           4  main.o(.data)
    .data                                    0x20000054   Section        4  stdout.o(.data)
    .bss                                     0x20000058   Section      328  usart.o(.bss)
    .bss                                     0x200001a0   Section      150  protocol.o(.bss)
    parser                                   0x200001a0   Data          12  protocol.o(.bss)
    recv_buf                                 0x200001ac   Data         128  protocol.o(.bss)
    set_packet                               0x2000022c   Data          10  protocol.o(.bss)
    .bss                                     0x20000238   Section       64  main.o(.bss)
    STACK                                    0x20000278   Section     1024  startup_stm32f10x_md.o(STACK)

    Global Symbols

    Symbol Name                              Value     Ov Type        Size  Object(Section)

    BuildAttributes$$THM_ISAv4$P$D$K$B$S$PE$A:L22UL41UL21$X:L11$S22US41US21$IEEE1$IW$USESV6$~STKCKD$USESV7$~SHL$OTIME$ROPI$EBA8$MICROLIB$REQ8$PRES8$EABIv2 0x00000000   Number         0  anon$$obj.o ABSOLUTE
    __ARM_use_no_argv                        0x00000000   Number         0  main.o ABSOLUTE
    _printf_a                                0x00000000   Number         0  stubs.o ABSOLUTE
    _printf_c                                0x00000000   Number         0  stubs.o ABSOLUTE
    _printf_charcount                        0x00000000   Number         0  stubs.o ABSOLUTE
    _printf_d                                0x00000000   Number         0  stubs.o ABSOLUTE
    _printf_e                                0x00000000   Number         0  stubs.o ABSOLUTE
    _printf_f                                0x00000000   Number         0  stubs.o ABSOLUTE
    _printf_flags                            0x00000000   Number         0  stubs.o ABSOLUTE
    _printf_fp_dec                           0x00000000   Number         0  stubs.o ABSOLUTE
    _printf_fp_hex                           0x00000000   Number         0  stubs.o ABSOLUTE
    _printf_g                                0x00000000   Number         0  stubs.o ABSOLUTE
    _printf_i                                0x00000000   Number         0  stubs.o ABSOLUTE
    _printf_int_dec                          0x00000000   Number         0  stubs.o ABSOLUTE
    _printf_l                                0x00000000   Number         0  stubs.o ABSOLUTE
    _printf_lc                               0x00000000   Number         0  stubs.o ABSOLUTE
    _printf_ll                               0x00000000   Number         0  stubs.o ABSOLUTE
    _printf_lld                              0x00000000   Number         0  stubs.o ABSOLUTE
    _printf_lli                              0x00000000   Number         0  stubs.o ABSOLUTE
    _printf_llo                              0x00000000   Number         0  stubs.o ABSOLUTE
    _printf_llu                              0x00000000   Number         0  stubs.o ABSOLUTE
    _printf_llx                              0x00000000   Number         0  stubs.o ABSOLUTE
    _printf_longlong_dec                     0x00000000   Number         0  stubs.o ABSOLUTE
    _printf_longlong_hex                     0x00000000   Number         0  stubs.o ABSOLUTE
    _printf_longlong_oct                     0x00000000   Number         0  stubs.o ABSOLUTE
    _printf_ls                               0x00000000   Number         0  stubs.o ABSOLUTE
    _printf_mbtowc                           0x00000000   Number         0  stubs.o ABSOLUTE
    _printf_n                                0x00000000   Number         0  stubs.o ABSOLUTE
    _printf_o                                0x00000000   Number         0  stubs.o ABSOLUTE
    _printf_p                                0x00000000   Number         0  stubs.o ABSOLUTE
    _printf_percent                          0x00000000   Number         0  stubs.o ABSOLUTE
    _printf_pre_padding                      0x00000000   Number         0  stubs.o ABSOLUTE
    _printf_return_value                     0x00000000   Number         0  stubs.o ABSOLUTE
    _printf_s                                0x00000000   Number         0  stubs.o ABSOLUTE
    _printf_sizespec                         0x00000000   Number         0  stubs.o ABSOLUTE
    _printf_str                              0x00000000   Number         0  stubs.o ABSOLUTE
    _printf_truncate_signed                  0x00000000   Number         0  stubs.o ABSOLUTE
    _printf_truncate_unsigned                0x00000000   Number         0  stubs.o ABSOLUTE
    _printf_u                                0x00000000   Number         0  stubs.o ABSOLUTE
    _printf_wc                               0x00000000   Number         0  stubs.o ABSOLUTE
    _printf_wctomb                           0x00000000   Number         0  stubs.o ABSOLUTE
    _printf_widthprec                        0x00000000   Number         0  stubs.o ABSOLUTE
    _printf_x                                0x00000000   Number         0  stubs.o ABSOLUTE
    __arm_fini_                               - Undefined Weak Reference
    __cpp_initialize__aeabi_                  - Undefined Weak Reference
    __cxa_finalize                            - Undefined Weak Reference
    __decompress                              - Undefined Weak Reference
    _clock_init                               - Undefined Weak Reference
    _microlib_exit                            - Undefined Weak Reference
    __Vectors_Size                           0x000000ec   Number         0  startup_stm32f10x_md.o ABSOLUTE
    __Vectors                                0x08000000   Data           4  startup_stm32f10x_md.o(RESET)
    __Vectors_End                            0x080000ec   Data           0  startup_stm32f10x_md.o(RESET)
    __main                                   0x080000ed   Thumb Code     0  entry.o(.ARM.Collect$$$$00000000)
    _main_stk                                0x080000ed   Thumb Code     0  entry2.o(.ARM.Collect$$$$00000001)
    _main_scatterload                        0x080000f1   Thumb Code     0  entry5.o(.ARM.Collect$$$$00000004)
    __main_after_scatterload                 0x080000f5   Thumb Code     0  entry5.o(.ARM.Collect$$$$00000004)
    _main_clock                              0x080000f5   Thumb Code     0  entry7b.o(.ARM.Collect$$$$00000008)
    _main_cpp_init                           0x080000f5   Thumb Code     0  entry8b.o(.ARM.Collect$$$$0000000A)
    _main_init                               0x080000f5   Thumb Code     0  entry9a.o(.ARM.Collect$$$$0000000B)
    __rt_lib_shutdown_fini                   0x080000fd   Thumb Code     0  entry12b.o(.ARM.Collect$$$$0000000E)
    __rt_final_cpp                           0x08000101   Thumb Code     0  entry10a.o(.ARM.Collect$$$$0000000F)
    __rt_final_exit                          0x08000101   Thumb Code     0  entry11a.o(.ARM.Collect$$$$00000011)
    Reset_Handler                            0x08000105   Thumb Code     8  startup_stm32f10x_md.o(.text)
    ADC1_2_IRQHandler                        0x0800011f   Thumb Code     0  startup_stm32f10x_md.o(.text)
    CAN1_RX1_IRQHandler                      0x0800011f   Thumb Code     0  startup_stm32f10x_md.o(.text)
    CAN1_SCE_IRQHandler                      0x0800011f   Thumb Code     0  startup_stm32f10x_md.o(.text)
    DMA1_Channel1_IRQHandler                 0x0800011f   Thumb Code     0  startup_stm32f10x_md.o(.text)
    DMA1_Channel2_IRQHandler                 0x0800011f   Thumb Code     0  startup_stm32f10x_md.o(.text)
    DMA1_Channel3_IRQHandler                 0x0800011f   Thumb Code     0  startup_stm32f10x_md.o(.text)
    DMA1_Channel4_IRQHandler                 0x0800011f   Thumb Code     0  startup_stm32f10x_md.o(.text)
    DMA1_Channel5_IRQHandler                 0x0800011f   Thumb Code     0  startup_stm32f10x_md.o(.text)
    DMA1_Channel6_IRQHandler                 0x0800011f   Thumb Code     0  startup_stm32f10x_md.o(.text)
    DMA1_Channel7_IRQHandler                 0x0800011f   Thumb Code     0  startup_stm32f10x_md.o(.text)
    EXTI0_IRQHandler                         0x0800011f   Thumb Code     0  startup_stm32f10x_md.o(.text)
    EXTI15_10_IRQHandler                     0x0800011f   Thumb Code     0  startup_stm32f10x_md.o(.text)
    EXTI1_IRQHandler                         0x0800011f   Thumb Code     0  startup_stm32f10x_md.o(.text)
    EXTI2_IRQHandler                         0x0800011f   Thumb Code     0  startup_stm32f10x_md.o(.text)
    EXTI3_IRQHandler                         0x0800011f   Thumb Code     0  startup_stm32f10x_md.o(.text)
    EXTI4_IRQHandler                         0x0800011f   Thumb Code     0  startup_stm32f10x_md.o(.text)
    EXTI9_5_IRQHandler                       0x0800011f   Thumb Code     0  startup_stm32f10x_md.o(.text)
    FLASH_IRQHandler                         0x0800011f   Thumb Code     0  startup_stm32f10x_md.o(.text)
    I2C1_ER_IRQHandler                       0x0800011f   Thumb Code     0  startup_stm32f10x_md.o(.text)
    I2C1_EV_IRQHandler                       0x0800011f   Thumb Code     0  startup_stm32f10x_md.o(.text)
    I2C2_ER_IRQHandler                       0x0800011f   Thumb Code     0  startup_stm32f10x_md.o(.text)
    I2C2_EV_IRQHandler                       0x0800011f   Thumb Code     0  startup_stm32f10x_md.o(.text)
    PVD_IRQHandler                           0x0800011f   Thumb Code     0  startup_stm32f10x_md.o(.text)
    RCC_IRQHandler                           0x0800011f   Thumb Code     0  startup_stm32f10x_md.o(.text)
    RTCAlarm_IRQHandler                      0x0800011f   Thumb Code     0  startup_stm32f10x_md.o(.text)
    RTC_IRQHandler                           0x0800011f   Thumb Code     0  startup_stm32f10x_md.o(.text)
    SPI1_IRQHandler                          0x0800011f   Thumb Code     0  startup_stm32f10x_md.o(.text)
    SPI2_IRQHandler                          0x0800011f   Thumb Code     0  startup_stm32f10x_md.o(.text)
    TAMPER_IRQHandler                        0x0800011f   Thumb Code     0  startup_stm32f10x_md.o(.text)
    TIM1_BRK_IRQHandler                      0x0800011f   Thumb Code     0  startup_stm32f10x_md.o(.text)
    TIM1_CC_IRQHandler                       0x0800011f   Thumb Code     0  startup_stm32f10x_md.o(.text)
    TIM1_TRG_COM_IRQHandler                  0x0800011f   Thumb Code     0  startup_stm32f10x_md.o(.text)
    TIM1_UP_IRQHandler                       0x0800011f   Thumb Code     0  startup_stm32f10x_md.o(.text)
    TIM3_IRQHandler                          0x0800011f   Thumb Code     0  startup_stm32f10x_md.o(.text)
    TIM4_IRQHandler                          0x0800011f   Thumb Code     0  startup_stm32f10x_md.o(.text)
    USART2_IRQHandler                        0x0800011f   Thumb Code     0  startup_stm32f10x_md.o(.text)
    USART3_IRQHandler                        0x0800011f   Thumb Code     0  startup_stm32f10x_md.o(.text)
    USBWakeUp_IRQHandler                     0x0800011f   Thumb Code     0  startup_stm32f10x_md.o(.text)
    USB_HP_CAN1_TX_IRQHandler                0x0800011f   Thumb Code     0  startup_stm32f10x_md.o(.text)
    USB_LP_CAN1_RX0_IRQHandler               0x0800011f   Thumb Code     0  startup_stm32f10x_md.o(.text)
    WWDG_IRQHandler                          0x0800011f   Thumb Code     0  startup_stm32f10x_md.o(.text)
    __aeabi_memcpy                           0x08000129   Thumb Code    36  memcpya.o(.text)
    __aeabi_memcpy4                          0x08000129   Thumb Code     0  memcpya.o(.text)
    __aeabi_memcpy8                          0x08000129   Thumb Code     0  memcpya.o(.text)
    __aeabi_memset                           0x0800014d   Thumb Code    14  memseta.o(.text)
    __aeabi_memset4                          0x0800014d   Thumb Code     0  memseta.o(.text)
    __aeabi_memset8                          0x0800014d   Thumb Code     0  memseta.o(.text)
    __aeabi_memclr                           0x0800015b   Thumb Code     4  memseta.o(.text)
    __aeabi_memclr4                          0x0800015b   Thumb Code     0  memseta.o(.text)
    __aeabi_memclr8                          0x0800015b   Thumb Code     0  memseta.o(.text)
    _memset$wrapper                          0x0800015f   Thumb Code    18  memseta.o(.text)
    __aeabi_fadd                             0x08000171   Thumb Code   164  fadd.o(.text)
    __aeabi_fsub                             0x08000215   Thumb Code     6  fadd.o(.text)
    __aeabi_frsub                            0x0800021b   Thumb Code     6  fadd.o(.text)
    __aeabi_fmul                             0x08000221   Thumb Code   100  fmul.o(.text)
    __aeabi_fdiv                             0x08000285   Thumb Code   124  fdiv.o(.text)
    __aeabi_ddiv                             0x08000301   Thumb Code   222  ddiv.o(.text)
    __aeabi_i2f                              0x080003df   Thumb Code    18  fflti.o(.text)
    __aeabi_i2d                              0x080003f1   Thumb Code    34  dflti.o(.text)
    __aeabi_f2iz                             0x08000413   Thumb Code    50  ffixi.o(.text)
    __aeabi_d2iz                             0x08000445   Thumb Code    62  dfixi.o(.text)
    __aeabi_f2d                              0x08000483   Thumb Code    38  f2d.o(.text)
    __aeabi_d2f                              0x080004a9   Thumb Code    56  d2f.o(.text)
    __aeabi_cfcmpeq                          0x080004e1   Thumb Code     0  cfcmple.o(.text)
    __aeabi_cfcmple                          0x080004e1   Thumb Code    20  cfcmple.o(.text)
    __aeabi_cfrcmple                         0x080004f5   Thumb Code    20  cfrcmple.o(.text)
    __aeabi_uidiv                            0x08000509   Thumb Code     0  uidiv.o(.text)
    __aeabi_uidivmod                         0x08000509   Thumb Code    44  uidiv.o(.text)
    __aeabi_uldivmod                         0x08000535   Thumb Code    98  uldiv.o(.text)
    __aeabi_llsr                             0x08000597   Thumb Code    32  llushr.o(.text)
    _ll_ushift_r                             0x08000597   Thumb Code     0  llushr.o(.text)
    __I$use$fp                               0x080005b7   Thumb Code     0  iusefp.o(.text)
    _float_round                             0x080005b7   Thumb Code    18  fepilogue.o(.text)
    _float_epilogue                          0x080005c9   Thumb Code    92  fepilogue.o(.text)
    _double_round                            0x08000625   Thumb Code    30  depilogue.o(.text)
    _double_epilogue                         0x08000643   Thumb Code   156  depilogue.o(.text)
    __aeabi_dadd                             0x080006df   Thumb Code   322  dadd.o(.text)
    __aeabi_dsub                             0x08000821   Thumb Code     6  dadd.o(.text)
    __aeabi_drsub                            0x08000827   Thumb Code     6  dadd.o(.text)
    __aeabi_dmul                             0x0800082d   Thumb Code   228  dmul.o(.text)
    __aeabi_d2ulz                            0x08000911   Thumb Code    48  dfixul.o(.text)
    __aeabi_cdrcmple                         0x08000941   Thumb Code    48  cdrcmple.o(.text)
    __scatterload                            0x08000971   Thumb Code    28  init.o(.text)
    __scatterload_rt2                        0x08000971   Thumb Code     0  init.o(.text)
    __aeabi_llsl                             0x08000995   Thumb Code    30  llshl.o(.text)
    _ll_shift_l                              0x08000995   Thumb Code     0  llshl.o(.text)
    __aeabi_lasr                             0x080009b3   Thumb Code    36  llsshr.o(.text)
    _ll_sshift_r                             0x080009b3   Thumb Code     0  llsshr.o(.text)
    BusFault_Handler                         0x080009d7   Thumb Code     4  stm32f10x_it.o(i.BusFault_Handler)
    DebugMon_Handler                         0x080009db   Thumb Code     2  stm32f10x_it.o(i.DebugMon_Handler)
    Encoder_Get                              0x080009dd   Thumb Code    22  encoder.o(i.Encoder_Get)
    Encoder_Init                             0x080009f9   Thumb Code   184  encoder.o(i.Encoder_Init)
    GPIO_Init                                0x08000abd   Thumb Code   278  stm32f10x_gpio.o(i.GPIO_Init)
    GPIO_WriteBit                            0x08000bd3   Thumb Code    10  stm32f10x_gpio.o(i.GPIO_WriteBit)
    GetTargetMaxSpeed                        0x08000bdd   Thumb Code    12  protocol.o(i.GetTargetMaxSpeed)
    HardFault_Handler                        0x08000bed   Thumb Code     4  stm32f10x_it.o(i.HardFault_Handler)
    LeftMotor_Back                           0x08000bf1   Thumb Code    26  motor.o(i.LeftMotor_Back)
    LeftMotor_Go                             0x08000c11   Thumb Code    26  motor.o(i.LeftMotor_Go)
    LeftMotor_Stop                           0x08000c31   Thumb Code    28  motor.o(i.LeftMotor_Stop)
    MemManage_Handler                        0x08000c51   Thumb Code     4  stm32f10x_it.o(i.MemManage_Handler)
    MotorControl                             0x08000c55   Thumb Code   106  motor.o(i.MotorControl)
    Motor_Init                               0x08000cc5   Thumb Code    40  motor.o(i.Motor_Init)
    NMI_Handler                              0x08000cf1   Thumb Code     2  stm32f10x_it.o(i.NMI_Handler)
    NVIC_Init                                0x08000cf5   Thumb Code   100  misc.o(i.NVIC_Init)
    NVIC_PriorityGroupConfig                 0x08000d65   Thumb Code    10  misc.o(i.NVIC_PriorityGroupConfig)
    OLED_Clear                               0x08000d79   Thumb Code    42  oled.o(i.OLED_Clear)
    OLED_I2C_Init                            0x08000da5   Thumb Code    76  oled.o(i.OLED_I2C_Init)
    OLED_I2C_SendByte                        0x08000df5   Thumb Code    80  oled.o(i.OLED_I2C_SendByte)
    OLED_I2C_Start                           0x08000e49   Thumb Code    48  oled.o(i.OLED_I2C_Start)
    OLED_I2C_Stop                            0x08000e7d   Thumb Code    36  oled.o(i.OLED_I2C_Stop)
    OLED_Init                                0x08000ea5   Thumb Code   174  oled.o(i.OLED_Init)
    OLED_SetCursor                           0x08000f53   Thumb Code    34  oled.o(i.OLED_SetCursor)
    OLED_ShowChar                            0x08000f75   Thumb Code   110  oled.o(i.OLED_ShowChar)
    OLED_ShowString                          0x08000fe9   Thumb Code    40  oled.o(i.OLED_ShowString)
    OLED_WriteCommand                        0x08001011   Thumb Code    32  oled.o(i.OLED_WriteCommand)
    OLED_WriteData                           0x08001031   Thumb Code    32  oled.o(i.OLED_WriteData)
    PID_Init                                 0x08001051   Thumb Code    56  pid.o(i.PID_Init)
    PWM_Init                                 0x080010a1   Thumb Code   174  pwm.o(i.PWM_Init)
    PendSV_Handler                           0x08001159   Thumb Code     2  stm32f10x_it.o(i.PendSV_Handler)
    RCC_APB1PeriphClockCmd                   0x0800115d   Thumb Code    26  stm32f10x_rcc.o(i.RCC_APB1PeriphClockCmd)
    RCC_APB2PeriphClockCmd                   0x0800117d   Thumb Code    26  stm32f10x_rcc.o(i.RCC_APB2PeriphClockCmd)
    RCC_GetClocksFreq                        0x0800119d   Thumb Code   192  stm32f10x_rcc.o(i.RCC_GetClocksFreq)
    RightMotor_Back                          0x08001271   Thumb Code    26  motor.o(i.RightMotor_Back)
    RightMotor_Go                            0x08001291   Thumb Code    26  motor.o(i.RightMotor_Go)
    RightMotor_Stop                          0x080012b1   Thumb Code    28  motor.o(i.RightMotor_Stop)
    SVC_Handler                              0x080012d1   Thumb Code     2  stm32f10x_it.o(i.SVC_Handler)
    SysTick_Handler                          0x080013bd   Thumb Code     2  stm32f10x_it.o(i.SysTick_Handler)
    SystemInit                               0x080013c1   Thumb Code    78  system_stm32f10x.o(i.SystemInit)
    TIM2_IRQHandler                          0x08001661   Thumb Code   392  main.o(i.TIM2_IRQHandler)
    TIM_ClearFlag                            0x08001839   Thumb Code     6  stm32f10x_tim.o(i.TIM_ClearFlag)
    TIM_ClearITPendingBit                    0x0800183f   Thumb Code     6  stm32f10x_tim.o(i.TIM_ClearITPendingBit)
    TIM_Cmd                                  0x08001845   Thumb Code    24  stm32f10x_tim.o(i.TIM_Cmd)
    TIM_CtrlPWMOutputs                       0x0800185d   Thumb Code    30  stm32f10x_tim.o(i.TIM_CtrlPWMOutputs)
    TIM_EncoderInterfaceConfig               0x0800187b   Thumb Code    66  stm32f10x_tim.o(i.TIM_EncoderInterfaceConfig)
    TIM_GetCounter                           0x080018bd   Thumb Code     6  stm32f10x_tim.o(i.TIM_GetCounter)
    TIM_GetITStatus                          0x080018c3   Thumb Code    34  stm32f10x_tim.o(i.TIM_GetITStatus)
    TIM_ICInit                               0x080018e5   Thumb Code   150  stm32f10x_tim.o(i.TIM_ICInit)
    TIM_ICStructInit                         0x08001991   Thumb Code    18  stm32f10x_tim.o(i.TIM_ICStructInit)
    TIM_ITConfig                             0x080019a3   Thumb Code    18  stm32f10x_tim.o(i.TIM_ITConfig)
    TIM_InternalClockConfig                  0x080019b5   Thumb Code    12  stm32f10x_tim.o(i.TIM_InternalClockConfig)
    TIM_OC1Init                              0x080019c1   Thumb Code   132  stm32f10x_tim.o(i.TIM_OC1Init)
    TIM_OC1PreloadConfig                     0x08001a59   Thumb Code    18  stm32f10x_tim.o(i.TIM_OC1PreloadConfig)
    TIM_OC4Init                              0x08001a6d   Thumb Code   114  stm32f10x_tim.o(i.TIM_OC4Init)
    TIM_OC4PreloadConfig                     0x08001ae9   Thumb Code    26  stm32f10x_tim.o(i.TIM_OC4PreloadConfig)
    TIM_OCStructInit                         0x08001b03   Thumb Code    20  stm32f10x_tim.o(i.TIM_OCStructInit)
    TIM_SetCompare1                          0x08001b17   Thumb Code     4  stm32f10x_tim.o(i.TIM_SetCompare1)
    TIM_SetCompare4                          0x08001b1b   Thumb Code     6  stm32f10x_tim.o(i.TIM_SetCompare4)
    TIM_SetCounter                           0x08001b21   Thumb Code     4  stm32f10x_tim.o(i.TIM_SetCounter)
    TIM_SetIC1Prescaler                      0x08001b25   Thumb Code    18  stm32f10x_tim.o(i.TIM_SetIC1Prescaler)
    TIM_SetIC2Prescaler                      0x08001b37   Thumb Code    26  stm32f10x_tim.o(i.TIM_SetIC2Prescaler)
    TIM_SetIC3Prescaler                      0x08001b51   Thumb Code    18  stm32f10x_tim.o(i.TIM_SetIC3Prescaler)
    TIM_SetIC4Prescaler                      0x08001b63   Thumb Code    26  stm32f10x_tim.o(i.TIM_SetIC4Prescaler)
    TIM_TimeBaseInit                         0x08001b7d   Thumb Code   122  stm32f10x_tim.o(i.TIM_TimeBaseInit)
    TIMx_calcPID_start                       0x08001c21   Thumb Code    12  timer.o(i.TIMx_calcPID_start)
    TIMx_calcPID_stop                        0x08001c2d   Thumb Code    14  timer.o(i.TIMx_calcPID_stop)
    Timer_Init                               0x08001c3b   Thumb Code   106  timer.o(i.Timer_Init)
    USART1_IRQHandler                        0x08001ca5   Thumb Code   128  usart.o(i.USART1_IRQHandler)
    USART1_Init                              0x08001d35   Thumb Code   178  usart.o(i.USART1_Init)
    USART_ClearITPendingBit                  0x08001df1   Thumb Code    30  stm32f10x_usart.o(i.USART_ClearITPendingBit)
    USART_Cmd                                0x08001e0f   Thumb Code    24  stm32f10x_usart.o(i.USART_Cmd)
    USART_GetFlagStatus                      0x08001e27   Thumb Code    26  stm32f10x_usart.o(i.USART_GetFlagStatus)
    USART_GetITStatus                        0x08001e41   Thumb Code    84  stm32f10x_usart.o(i.USART_GetITStatus)
    USART_ITConfig                           0x08001e95   Thumb Code    74  stm32f10x_usart.o(i.USART_ITConfig)
    USART_Init                               0x08001ee1   Thumb Code   210  stm32f10x_usart.o(i.USART_Init)
    USART_ReceiveData                        0x08001fb9   Thumb Code    10  stm32f10x_usart.o(i.USART_ReceiveData)
    USART_SendData                           0x08001fc3   Thumb Code     8  stm32f10x_usart.o(i.USART_SendData)
    UsageFault_Handler                       0x08001fcb   Thumb Code     4  stm32f10x_it.o(i.UsageFault_Handler)
    __0printf                                0x08001fd1   Thumb Code    22  printfa.o(i.__0printf)
    __1printf                                0x08001fd1   Thumb Code     0  printfa.o(i.__0printf)
    __2printf                                0x08001fd1   Thumb Code     0  printfa.o(i.__0printf)
    __c89printf                              0x08001fd1   Thumb Code     0  printfa.o(i.__0printf)
    printf                                   0x08001fd1   Thumb Code     0  printfa.o(i.__0printf)
    __scatterload_copy                       0x08001ff1   Thumb Code    14  handlers.o(i.__scatterload_copy)
    __scatterload_null                       0x08001fff   Thumb Code     2  handlers.o(i.__scatterload_null)
    __scatterload_zeroinit                   0x08002001   Thumb Code    14  handlers.o(i.__scatterload_zeroinit)
    check_sum                                0x0800289b   Thumb Code    28  protocol.o(i.check_sum)
    fputc                                    0x080028b9   Thumb Code    24  usart.o(i.fputc)
    get_pid_target                           0x0800296f   Thumb Code     6  protocol.o(i.get_pid_target)
    location_pid_realize                     0x08002975   Thumb Code   170  pid.o(i.location_pid_realize)
    main                                     0x08002a39   Thumb Code    66  main.o(i.main)
    protocol_RX_init                         0x08002a85   Thumb Code    20  protocol.o(i.protocol_RX_init)
    protocol_TX_init                         0x08002aa1   Thumb Code   136  protocol.o(i.protocol_TX_init)
    protocol_data_recv                       0x08002b31   Thumb Code    46  protocol.o(i.protocol_data_recv)
    pwm_val_protect                          0x08002d21   Thumb Code    44  main.o(i.pwm_val_protect)
    receiving_process                        0x08002d51   Thumb Code   382  protocol.o(i.receiving_process)
    set_computer_value                       0x08002fbd   Thumb Code    90  protocol.o(i.set_computer_value)
    set_p_i_d                                0x08003021   Thumb Code     8  protocol.o(i.set_p_i_d)
    set_pid_target                           0x08003029   Thumb Code    48  protocol.o(i.set_pid_target)
    speed_pid_realize                        0x08003065   Thumb Code   170  pid.o(i.speed_pid_realize)
    speed_val_protect                        0x08003129   Thumb Code    54  protocol.o(i.speed_val_protect)
    usart1_send                              0x08003165   Thumb Code    42  usart.o(i.usart1_send)
    OLED_F8x16                               0x08003194   Data        1520  oled.o(.constdata)
    Region$$Table$$Base                      0x08003784   Number         0  anon$$obj.o(Region$$Table)
    Region$$Table$$Limit                     0x080037a4   Number         0  anon$$obj.o(Region$$Table)
    rx_cnt                                   0x20000014   Data           1  usart.o(.data)
    sizecopy                                 0x20000018   Data           4  usart.o(.data)
    USART_RX_STA                             0x2000001c   Data           2  usart.o(.data)
    EncoderOverflowCnt                       0x20000024   Data           2  main.o(.data)
    machou                                   0x20000026   Data           2  main.o(.data)
    Speed                                    0x20000028   Data           2  main.o(.data)
    pwm                                      0x2000002c   Data           4  main.o(.data)
    PWM1                                     0x20000030   Data           4  main.o(.data)
    Distance                                 0x20000040   Data           4  main.o(.data)
    actual_speed                             0x20000044   Data           4  main.o(.data)
    actual_speed_int                         0x20000048   Data           4  main.o(.data)
    target_speed                             0x2000004c   Data           4  main.o(.data)
    __stdout                                 0x20000054   Data           4  stdout.o(.data)
    Recv1                                    0x20000058   Data         128  usart.o(.bss)
    USART_RX_BUF                             0x200000d8   Data         200  usart.o(.bss)
    pid_location                             0x20000238   Data          32  main.o(.bss)
    pid_speed                                0x20000258   Data          32  main.o(.bss)
    __initial_sp                             0x20000678   Data           0  startup_stm32f10x_md.o(STACK)



==============================================================================

Memory Map of the image

  Image Entry point : 0x080000ed

  Load Region LR_IROM1 (Base: 0x08000000, Size: 0x000037fc, Max: 0x00010000, ABSOLUTE)

    Execution Region ER_IROM1 (Exec base: 0x08000000, Load base: 0x08000000, Size: 0x000037a4, Max: 0x00010000, ABSOLUTE)

    Exec Addr    Load Addr    Size         Type   Attr      Idx    E Section Name        Object

    0x08000000   0x08000000   0x000000ec   Data   RO            3    RESET               startup_stm32f10x_md.o
    0x080000ec   0x080000ec   0x00000000   Code   RO         3845  * .ARM.Collect$$$$00000000  mc_w.l(entry.o)
    0x080000ec   0x080000ec   0x00000004   Code   RO         4139    .ARM.Collect$$$$00000001  mc_w.l(entry2.o)
    0x080000f0   0x080000f0   0x00000004   Code   RO         4142    .ARM.Collect$$$$00000004  mc_w.l(entry5.o)
    0x080000f4   0x080000f4   0x00000000   Code   RO         4144    .ARM.Collect$$$$00000008  mc_w.l(entry7b.o)
    0x080000f4   0x080000f4   0x00000000   Code   RO         4146    .ARM.Collect$$$$0000000A  mc_w.l(entry8b.o)
    0x080000f4   0x080000f4   0x00000008   Code   RO         4147    .ARM.Collect$$$$0000000B  mc_w.l(entry9a.o)
    0x080000fc   0x080000fc   0x00000004   Code   RO         4154    .ARM.Collect$$$$0000000E  mc_w.l(entry12b.o)
    0x08000100   0x08000100   0x00000000   Code   RO         4149    .ARM.Collect$$$$0000000F  mc_w.l(entry10a.o)
    0x08000100   0x08000100   0x00000000   Code   RO         4151    .ARM.Collect$$$$00000011  mc_w.l(entry11a.o)
    0x08000100   0x08000100   0x00000004   Code   RO         4140    .ARM.Collect$$$$00002712  mc_w.l(entry2.o)
    0x08000104   0x08000104   0x00000024   Code   RO            4    .text               startup_stm32f10x_md.o
    0x08000128   0x08000128   0x00000024   Code   RO         3848    .text               mc_w.l(memcpya.o)
    0x0800014c   0x0800014c   0x00000024   Code   RO         3850    .text               mc_w.l(memseta.o)
    0x08000170   0x08000170   0x000000b0   Code   RO         4115    .text               mf_w.l(fadd.o)
    0x08000220   0x08000220   0x00000064   Code   RO         4117    .text               mf_w.l(fmul.o)
    0x08000284   0x08000284   0x0000007c   Code   RO         4119    .text               mf_w.l(fdiv.o)
    0x08000300   0x08000300   0x000000de   Code   RO         4121    .text               mf_w.l(ddiv.o)
    0x080003de   0x080003de   0x00000012   Code   RO         4123    .text               mf_w.l(fflti.o)
    0x080003f0   0x080003f0   0x00000022   Code   RO         4125    .text               mf_w.l(dflti.o)
    0x08000412   0x08000412   0x00000032   Code   RO         4127    .text               mf_w.l(ffixi.o)
    0x08000444   0x08000444   0x0000003e   Code   RO         4129    .text               mf_w.l(dfixi.o)
    0x08000482   0x08000482   0x00000026   Code   RO         4131    .text               mf_w.l(f2d.o)
    0x080004a8   0x080004a8   0x00000038   Code   RO         4133    .text               mf_w.l(d2f.o)
    0x080004e0   0x080004e0   0x00000014   Code   RO         4135    .text               mf_w.l(cfcmple.o)
    0x080004f4   0x080004f4   0x00000014   Code   RO         4137    .text               mf_w.l(cfrcmple.o)
    0x08000508   0x08000508   0x0000002c   Code   RO         4156    .text               mc_w.l(uidiv.o)
    0x08000534   0x08000534   0x00000062   Code   RO         4158    .text               mc_w.l(uldiv.o)
    0x08000596   0x08000596   0x00000020   Code   RO         4160    .text               mc_w.l(llushr.o)
    0x080005b6   0x080005b6   0x00000000   Code   RO         4162    .text               mc_w.l(iusefp.o)
    0x080005b6   0x080005b6   0x0000006e   Code   RO         4163    .text               mf_w.l(fepilogue.o)
    0x08000624   0x08000624   0x000000ba   Code   RO         4165    .text               mf_w.l(depilogue.o)
    0x080006de   0x080006de   0x0000014e   Code   RO         4167    .text               mf_w.l(dadd.o)
    0x0800082c   0x0800082c   0x000000e4   Code   RO         4169    .text               mf_w.l(dmul.o)
    0x08000910   0x08000910   0x00000030   Code   RO         4171    .text               mf_w.l(dfixul.o)
    0x08000940   0x08000940   0x00000030   Code   RO         4173    .text               mf_w.l(cdrcmple.o)
    0x08000970   0x08000970   0x00000024   Code   RO         4175    .text               mc_w.l(init.o)
    0x08000994   0x08000994   0x0000001e   Code   RO         4177    .text               mc_w.l(llshl.o)
    0x080009b2   0x080009b2   0x00000024   Code   RO         4179    .text               mc_w.l(llsshr.o)
    0x080009d6   0x080009d6   0x00000004   Code   RO         3782    i.BusFault_Handler  stm32f10x_it.o
    0x080009da   0x080009da   0x00000002   Code   RO         3783    i.DebugMon_Handler  stm32f10x_it.o
    0x080009dc   0x080009dc   0x0000001c   Code   RO         3633    i.Encoder_Get       encoder.o
    0x080009f8   0x080009f8   0x000000c4   Code   RO         3634    i.Encoder_Init      encoder.o
    0x08000abc   0x08000abc   0x00000116   Code   RO         1347    i.GPIO_Init         stm32f10x_gpio.o
    0x08000bd2   0x08000bd2   0x0000000a   Code   RO         1358    i.GPIO_WriteBit     stm32f10x_gpio.o
    0x08000bdc   0x08000bdc   0x00000010   Code   RO         3330    i.GetTargetMaxSpeed  protocol.o
    0x08000bec   0x08000bec   0x00000004   Code   RO         3784    i.HardFault_Handler  stm32f10x_it.o
    0x08000bf0   0x08000bf0   0x00000020   Code   RO         3655    i.LeftMotor_Back    motor.o
    0x08000c10   0x08000c10   0x00000020   Code   RO         3656    i.LeftMotor_Go      motor.o
    0x08000c30   0x08000c30   0x00000020   Code   RO         3657    i.LeftMotor_Stop    motor.o
    0x08000c50   0x08000c50   0x00000004   Code   RO         3785    i.MemManage_Handler  stm32f10x_it.o
    0x08000c54   0x08000c54   0x00000070   Code   RO         3658    i.MotorControl      motor.o
    0x08000cc4   0x08000cc4   0x0000002c   Code   RO         3659    i.Motor_Init        motor.o
    0x08000cf0   0x08000cf0   0x00000002   Code   RO         3786    i.NMI_Handler       stm32f10x_it.o
    0x08000cf2   0x08000cf2   0x00000002   PAD
    0x08000cf4   0x08000cf4   0x00000070   Code   RO          137    i.NVIC_Init         misc.o
    0x08000d64   0x08000d64   0x00000014   Code   RO          138    i.NVIC_PriorityGroupConfig  misc.o
    0x08000d78   0x08000d78   0x0000002a   Code   RO         3525    i.OLED_Clear        oled.o
    0x08000da2   0x08000da2   0x00000002   PAD
    0x08000da4   0x08000da4   0x00000050   Code   RO         3526    i.OLED_I2C_Init     oled.o
    0x08000df4   0x08000df4   0x00000054   Code   RO         3527    i.OLED_I2C_SendByte  oled.o
    0x08000e48   0x08000e48   0x00000034   Code   RO         3528    i.OLED_I2C_Start    oled.o
    0x08000e7c   0x08000e7c   0x00000028   Code   RO         3529    i.OLED_I2C_Stop     oled.o
    0x08000ea4   0x08000ea4   0x000000ae   Code   RO         3530    i.OLED_Init         oled.o
    0x08000f52   0x08000f52   0x00000022   Code   RO         3532    i.OLED_SetCursor    oled.o
    0x08000f74   0x08000f74   0x00000074   Code   RO         3534    i.OLED_ShowChar     oled.o
    0x08000fe8   0x08000fe8   0x00000028   Code   RO         3538    i.OLED_ShowString   oled.o
    0x08001010   0x08001010   0x00000020   Code   RO         3539    i.OLED_WriteCommand  oled.o
    0x08001030   0x08001030   0x00000020   Code   RO         3540    i.OLED_WriteData    oled.o
    0x08001050   0x08001050   0x00000050   Code   RO         3302    i.PID_Init          pid.o
    0x080010a0   0x080010a0   0x000000b8   Code   RO         3712    i.PWM_Init          pwm.o
    0x08001158   0x08001158   0x00000002   Code   RO         3787    i.PendSV_Handler    stm32f10x_it.o
    0x0800115a   0x0800115a   0x00000002   PAD
    0x0800115c   0x0800115c   0x00000020   Code   RO         1775    i.RCC_APB1PeriphClockCmd  stm32f10x_rcc.o
    0x0800117c   0x0800117c   0x00000020   Code   RO         1777    i.RCC_APB2PeriphClockCmd  stm32f10x_rcc.o
    0x0800119c   0x0800119c   0x000000d4   Code   RO         1785    i.RCC_GetClocksFreq  stm32f10x_rcc.o
    0x08001270   0x08001270   0x00000020   Code   RO         3660    i.RightMotor_Back   motor.o
    0x08001290   0x08001290   0x00000020   Code   RO         3661    i.RightMotor_Go     motor.o
    0x080012b0   0x080012b0   0x00000020   Code   RO         3662    i.RightMotor_Stop   motor.o
    0x080012d0   0x080012d0   0x00000002   Code   RO         3788    i.SVC_Handler       stm32f10x_it.o
    0x080012d2   0x080012d2   0x00000008   Code   RO           24    i.SetSysClock       system_stm32f10x.o
    0x080012da   0x080012da   0x00000002   PAD
    0x080012dc   0x080012dc   0x000000e0   Code   RO           25    i.SetSysClockTo72   system_stm32f10x.o
    0x080013bc   0x080013bc   0x00000002   Code   RO         3789    i.SysTick_Handler   stm32f10x_it.o
    0x080013be   0x080013be   0x00000002   PAD
    0x080013c0   0x080013c0   0x00000060   Code   RO           27    i.SystemInit        system_stm32f10x.o
    0x08001420   0x08001420   0x00000080   Code   RO         2405    i.TI1_Config        stm32f10x_tim.o
    0x080014a0   0x080014a0   0x00000098   Code   RO         2406    i.TI2_Config        stm32f10x_tim.o
    0x08001538   0x08001538   0x00000090   Code   RO         2407    i.TI3_Config        stm32f10x_tim.o
    0x080015c8   0x080015c8   0x00000098   Code   RO         2408    i.TI4_Config        stm32f10x_tim.o
    0x08001660   0x08001660   0x000001d8   Code   RO         3736    i.TIM2_IRQHandler   main.o
    0x08001838   0x08001838   0x00000006   Code   RO         2415    i.TIM_ClearFlag     stm32f10x_tim.o
    0x0800183e   0x0800183e   0x00000006   Code   RO         2416    i.TIM_ClearITPendingBit  stm32f10x_tim.o
    0x08001844   0x08001844   0x00000018   Code   RO         2421    i.TIM_Cmd           stm32f10x_tim.o
    0x0800185c   0x0800185c   0x0000001e   Code   RO         2423    i.TIM_CtrlPWMOutputs  stm32f10x_tim.o
    0x0800187a   0x0800187a   0x00000042   Code   RO         2430    i.TIM_EncoderInterfaceConfig  stm32f10x_tim.o
    0x080018bc   0x080018bc   0x00000006   Code   RO         2440    i.TIM_GetCounter    stm32f10x_tim.o
    0x080018c2   0x080018c2   0x00000022   Code   RO         2442    i.TIM_GetITStatus   stm32f10x_tim.o
    0x080018e4   0x080018e4   0x000000ac   Code   RO         2444    i.TIM_ICInit        stm32f10x_tim.o
    0x08001990   0x08001990   0x00000012   Code   RO         2445    i.TIM_ICStructInit  stm32f10x_tim.o
    0x080019a2   0x080019a2   0x00000012   Code   RO         2446    i.TIM_ITConfig      stm32f10x_tim.o
    0x080019b4   0x080019b4   0x0000000c   Code   RO         2448    i.TIM_InternalClockConfig  stm32f10x_tim.o
    0x080019c0   0x080019c0   0x00000098   Code   RO         2450    i.TIM_OC1Init       stm32f10x_tim.o
    0x08001a58   0x08001a58   0x00000012   Code   RO         2453    i.TIM_OC1PreloadConfig  stm32f10x_tim.o
    0x08001a6a   0x08001a6a   0x00000002   PAD
    0x08001a6c   0x08001a6c   0x0000007c   Code   RO         2465    i.TIM_OC4Init       stm32f10x_tim.o
    0x08001ae8   0x08001ae8   0x0000001a   Code   RO         2467    i.TIM_OC4PreloadConfig  stm32f10x_tim.o
    0x08001b02   0x08001b02   0x00000014   Code   RO         2468    i.TIM_OCStructInit  stm32f10x_tim.o
    0x08001b16   0x08001b16   0x00000004   Code   RO         2482    i.TIM_SetCompare1   stm32f10x_tim.o
    0x08001b1a   0x08001b1a   0x00000006   Code   RO         2485    i.TIM_SetCompare4   stm32f10x_tim.o
    0x08001b20   0x08001b20   0x00000004   Code   RO         2486    i.TIM_SetCounter    stm32f10x_tim.o
    0x08001b24   0x08001b24   0x00000012   Code   RO         2487    i.TIM_SetIC1Prescaler  stm32f10x_tim.o
    0x08001b36   0x08001b36   0x0000001a   Code   RO         2488    i.TIM_SetIC2Prescaler  stm32f10x_tim.o
    0x08001b50   0x08001b50   0x00000012   Code   RO         2489    i.TIM_SetIC3Prescaler  stm32f10x_tim.o
    0x08001b62   0x08001b62   0x0000001a   Code   RO         2490    i.TIM_SetIC4Prescaler  stm32f10x_tim.o
    0x08001b7c   0x08001b7c   0x000000a4   Code   RO         2492    i.TIM_TimeBaseInit  stm32f10x_tim.o
    0x08001c20   0x08001c20   0x0000000c   Code   RO         3220    i.TIMx_calcPID_start  timer.o
    0x08001c2c   0x08001c2c   0x0000000e   Code   RO         3221    i.TIMx_calcPID_stop  timer.o
    0x08001c3a   0x08001c3a   0x0000006a   Code   RO         3222    i.Timer_Init        timer.o
    0x08001ca4   0x08001ca4   0x00000090   Code   RO         3244    i.USART1_IRQHandler  usart.o
    0x08001d34   0x08001d34   0x000000bc   Code   RO         3245    i.USART1_Init       usart.o
    0x08001df0   0x08001df0   0x0000001e   Code   RO         2957    i.USART_ClearITPendingBit  stm32f10x_usart.o
    0x08001e0e   0x08001e0e   0x00000018   Code   RO         2960    i.USART_Cmd         stm32f10x_usart.o
    0x08001e26   0x08001e26   0x0000001a   Code   RO         2963    i.USART_GetFlagStatus  stm32f10x_usart.o
    0x08001e40   0x08001e40   0x00000054   Code   RO         2964    i.USART_GetITStatus  stm32f10x_usart.o
    0x08001e94   0x08001e94   0x0000004a   Code   RO         2966    i.USART_ITConfig    stm32f10x_usart.o
    0x08001ede   0x08001ede   0x00000002   PAD
    0x08001ee0   0x08001ee0   0x000000d8   Code   RO         2967    i.USART_Init        stm32f10x_usart.o
    0x08001fb8   0x08001fb8   0x0000000a   Code   RO         2974    i.USART_ReceiveData  stm32f10x_usart.o
    0x08001fc2   0x08001fc2   0x00000008   Code   RO         2977    i.USART_SendData    stm32f10x_usart.o
    0x08001fca   0x08001fca   0x00000004   Code   RO         3790    i.UsageFault_Handler  stm32f10x_it.o
    0x08001fce   0x08001fce   0x00000002   PAD
    0x08001fd0   0x08001fd0   0x00000020   Code   RO         4087    i.__0printf         mc_w.l(printfa.o)
    0x08001ff0   0x08001ff0   0x0000000e   Code   RO         4183    i.__scatterload_copy  mc_w.l(handlers.o)
    0x08001ffe   0x08001ffe   0x00000002   Code   RO         4184    i.__scatterload_null  mc_w.l(handlers.o)
    0x08002000   0x08002000   0x0000000e   Code   RO         4185    i.__scatterload_zeroinit  mc_w.l(handlers.o)
    0x0800200e   0x0800200e   0x00000002   PAD
    0x08002010   0x08002010   0x00000184   Code   RO         4094    i._fp_digits        mc_w.l(printfa.o)
    0x08002194   0x08002194   0x000006b4   Code   RO         4095    i._printf_core      mc_w.l(printfa.o)
    0x08002848   0x08002848   0x00000024   Code   RO         4096    i._printf_post_padding  mc_w.l(printfa.o)
    0x0800286c   0x0800286c   0x0000002e   Code   RO         4097    i._printf_pre_padding  mc_w.l(printfa.o)
    0x0800289a   0x0800289a   0x0000001c   Code   RO         3332    i.check_sum         protocol.o
    0x080028b6   0x080028b6   0x00000002   PAD
    0x080028b8   0x080028b8   0x0000001c   Code   RO         3246    i.fputc             usart.o
    0x080028d4   0x080028d4   0x00000020   Code   RO         3333    i.get_frame_checksum  protocol.o
    0x080028f4   0x080028f4   0x0000005c   Code   RO         3334    i.get_frame_len     protocol.o
    0x08002950   0x08002950   0x0000001e   Code   RO         3335    i.get_frame_type    protocol.o
    0x0800296e   0x0800296e   0x00000006   Code   RO         3336    i.get_pid_target    protocol.o
    0x08002974   0x08002974   0x000000c4   Code   RO         3303    i.location_pid_realize  pid.o
    0x08002a38   0x08002a38   0x0000004c   Code   RO         3737    i.main              main.o
    0x08002a84   0x08002a84   0x0000001c   Code   RO         3337    i.protocol_RX_init  protocol.o
    0x08002aa0   0x08002aa0   0x00000090   Code   RO         3338    i.protocol_TX_init  protocol.o
    0x08002b30   0x08002b30   0x00000034   Code   RO         3339    i.protocol_data_recv  protocol.o
    0x08002b64   0x08002b64   0x000001bc   Code   RO         3340    i.protocol_frame_parse  protocol.o
    0x08002d20   0x08002d20   0x00000030   Code   RO         3738    i.pwm_val_protect   main.o
    0x08002d50   0x08002d50   0x00000190   Code   RO         3341    i.receiving_process  protocol.o
    0x08002ee0   0x08002ee0   0x00000074   Code   RO         3342    i.recvbuf_find_header  protocol.o
    0x08002f54   0x08002f54   0x00000022   Code   RO         3343    i.recvbuf_get_len_to_parse  protocol.o
    0x08002f76   0x08002f76   0x00000046   Code   RO         3344    i.recvbuf_put_data  protocol.o
    0x08002fbc   0x08002fbc   0x00000064   Code   RO         3345    i.set_computer_value  protocol.o
    0x08003020   0x08003020   0x00000008   Code   RO         3346    i.set_p_i_d         protocol.o
    0x08003028   0x08003028   0x0000003c   Code   RO         3347    i.set_pid_target    protocol.o
    0x08003064   0x08003064   0x000000c4   Code   RO         3304    i.speed_pid_realize  pid.o
    0x08003128   0x08003128   0x0000003c   Code   RO         3348    i.speed_val_protect  protocol.o
    0x08003164   0x08003164   0x00000030   Code   RO         3247    i.usart1_send       usart.o
    0x08003194   0x08003194   0x000005f0   Data   RO         3541    .constdata          oled.o
    0x08003784   0x08003784   0x00000020   Data   RO         4181    Region$$Table       anon$$obj.o


    Execution Region RW_IRAM1 (Exec base: 0x20000000, Load base: 0x080037a4, Size: 0x00000678, Max: 0x00005000, ABSOLUTE)

    Exec Addr    Load Addr    Size         Type   Attr      Idx    E Section Name        Object

    0x20000000   0x080037a4   0x00000014   Data   RW         1805    .data               stm32f10x_rcc.o
    0x20000014   0x080037b8   0x0000000a   Data   RW         3249    .data               usart.o
    0x2000001e   0x080037c2   0x00000002   PAD
    0x20000020   0x080037c4   0x00000004   Data   RW         3350    .data               protocol.o
    0x20000024   0x080037c8   0x00000030   Data   RW         3740    .data               main.o
    0x20000054   0x080037f8   0x00000004   Data   RW         4155    .data               mc_w.l(stdout.o)
    0x20000058        -       0x00000148   Zero   RW         3248    .bss                usart.o
    0x200001a0        -       0x00000096   Zero   RW         3349    .bss                protocol.o
    0x20000236   0x080037fc   0x00000002   PAD
    0x20000238        -       0x00000040   Zero   RW         3739    .bss                main.o
    0x20000278        -       0x00000400   Zero   RW            1    STACK               startup_stm32f10x_md.o


==============================================================================

Image component sizes


      Code (inc. data)   RO Data    RW Data    ZI Data      Debug   Object Name

         0          0          0          0          0       4532   core_cm3.o
       224         18          0          0          0       1161   encoder.o
       596         94          0         48         64       2949   main.o
       132         22          0          0          0     204739   misc.o
       348         42          0          0          0       3753   motor.o
       726         22       1520          0          0       6299   oled.o
       472         76          0          0          0       2146   pid.o
      1720         82          0          4        150      27065   protocol.o
       184         10          0          0          0        635   pwm.o
        36          8        236          0       1024        812   startup_stm32f10x_md.o
         0          0          0          0          0       1656   stm32f10x_adc.o
       288          0          0          0          0      10732   stm32f10x_gpio.o
        26          0          0          0          0       3710   stm32f10x_it.o
       276         32          0         20          0      12950   stm32f10x_rcc.o
      1574        180          0          0          0      36909   stm32f10x_tim.o
       472          6          0          0          0      12455   stm32f10x_usart.o
       328         28          0          0          0      45193   system_stm32f10x.o
       132          0          0          0          0       1402   timer.o
       408         36          0         10        328       6859   usart.o

    ----------------------------------------------------------------------
      7960        656       1788         84       1568     385957   Object Totals
         0          0         32          0          0          0   (incl. Generated)
        18          0          0          2          2          0   (incl. Padding)

    ----------------------------------------------------------------------

      Code (inc. data)   RO Data    RW Data    ZI Data      Debug   Library Member Name

         0          0          0          0          0          0   entry.o
         0          0          0          0          0          0   entry10a.o
         0          0          0          0          0          0   entry11a.o
         4          0          0          0          0          0   entry12b.o
         8          4          0          0          0          0   entry2.o
         4          0          0          0          0          0   entry5.o
         0          0          0          0          0          0   entry7b.o
         0          0          0          0          0          0   entry8b.o
         8          4          0          0          0          0   entry9a.o
        30          0          0          0          0          0   handlers.o
        36          8          0          0          0         68   init.o
         0          0          0          0          0          0   iusefp.o
        30          0          0          0          0         68   llshl.o
        36          0          0          0          0         68   llsshr.o
        32          0          0          0          0         68   llushr.o
        36          0          0          0          0         68   memcpya.o
        36          0          0          0          0        108   memseta.o
      2218         90          0          0          0        464   printfa.o
         0          0          0          4          0          0   stdout.o
        44          0          0          0          0         80   uidiv.o
        98          0          0          0          0         92   uldiv.o
        48          0          0          0          0         68   cdrcmple.o
        20          0          0          0          0         68   cfcmple.o
        20          0          0          0          0         68   cfrcmple.o
        56          0          0          0          0         88   d2f.o
       334          0          0          0          0        148   dadd.o
       222          0          0          0          0        100   ddiv.o
       186          0          0          0          0        176   depilogue.o
        62          0          0          0          0         80   dfixi.o
        48          0          0          0          0         68   dfixul.o
        34          0          0          0          0         76   dflti.o
       228          0          0          0          0         96   dmul.o
        38          0          0          0          0         68   f2d.o
       176          0          0          0          0        140   fadd.o
       124          0          0          0          0         88   fdiv.o
       110          0          0          0          0        168   fepilogue.o
        50          0          0          0          0         68   ffixi.o
        18          0          0          0          0         68   fflti.o
       100          0          0          0          0         76   fmul.o

    ----------------------------------------------------------------------
      4496        106          0          4          0       2796   Library Totals
         2          0          0          0          0          0   (incl. Padding)

    ----------------------------------------------------------------------

      Code (inc. data)   RO Data    RW Data    ZI Data      Debug   Library Name

      2620        106          0          4          0       1084   mc_w.l
      1874          0          0          0          0       1712   mf_w.l

    ----------------------------------------------------------------------
      4496        106          0          4          0       2796   Library Totals

    ----------------------------------------------------------------------

==============================================================================


      Code (inc. data)   RO Data    RW Data    ZI Data      Debug   

     12456        762       1788         88       1568     381989   Grand Totals
     12456        762       1788         88       1568     381989   ELF Image Totals
     12456        762       1788         88          0          0   ROM Totals

==============================================================================

    Total RO  Size (Code + RO Data)                14244 (  13.91kB)
    Total RW  Size (RW Data + ZI Data)              1656 (   1.62kB)
    Total ROM Size (Code + RO Data + RW Data)      14332 (  14.00kB)

==============================================================================

