Component: ARM Compiler 5.06 update 7 for Certification (build 960) Tool: armlink [4d3601]

==============================================================================

Section Cross References

    startup_stm32f10x_md.o(STACK) refers (Special) to heapauxi.o(.text) for __use_two_region_memory
    startup_stm32f10x_md.o(HEAP) refers (Special) to heapauxi.o(.text) for __use_two_region_memory
    startup_stm32f10x_md.o(RESET) refers (Special) to heapauxi.o(.text) for __use_two_region_memory
    startup_stm32f10x_md.o(RESET) refers to startup_stm32f10x_md.o(STACK) for __initial_sp
    startup_stm32f10x_md.o(RESET) refers to startup_stm32f10x_md.o(.text) for Reset_Handler
    startup_stm32f10x_md.o(RESET) refers to stm32f10x_it.o(i.NMI_Handler) for NMI_Handler
    startup_stm32f10x_md.o(RESET) refers to stm32f10x_it.o(i.HardFault_Handler) for HardFault_Handler
    startup_stm32f10x_md.o(RESET) refers to stm32f10x_it.o(i.MemManage_Handler) for MemManage_Handler
    startup_stm32f10x_md.o(RESET) refers to stm32f10x_it.o(i.BusFault_Handler) for BusFault_Handler
    startup_stm32f10x_md.o(RESET) refers to stm32f10x_it.o(i.UsageFault_Handler) for UsageFault_Handler
    startup_stm32f10x_md.o(RESET) refers to stm32f10x_it.o(i.SVC_Handler) for SVC_Handler
    startup_stm32f10x_md.o(RESET) refers to port.o(.emb_text) for SVC_Handler
    startup_stm32f10x_md.o(RESET) refers to stm32f10x_it.o(i.DebugMon_Handler) for DebugMon_Handler
    startup_stm32f10x_md.o(RESET) refers to stm32f10x_it.o(i.PendSV_Handler) for PendSV_Handler
    startup_stm32f10x_md.o(RESET) refers to stm32f10x_it.o(i.SysTick_Handler) for SysTick_Handler
    startup_stm32f10x_md.o(RESET) refers to usart.o(i.USART1_IRQHandler) for USART1_IRQHandler
    startup_stm32f10x_md.o(.text) refers (Special) to heapauxi.o(.text) for __use_two_region_memory
    startup_stm32f10x_md.o(.text) refers to system_stm32f10x.o(i.SystemInit) for SystemInit
    startup_stm32f10x_md.o(.text) refers to __main.o(!!!main) for __main
    startup_stm32f10x_md.o(.text) refers to startup_stm32f10x_md.o(HEAP) for Heap_Mem
    startup_stm32f10x_md.o(.text) refers to startup_stm32f10x_md.o(STACK) for Stack_Mem
    system_stm32f10x.o(i.SetSysClock) refers to system_stm32f10x.o(i.SetSysClockTo72) for SetSysClockTo72
    system_stm32f10x.o(i.SystemCoreClockUpdate) refers to system_stm32f10x.o(.data) for SystemCoreClock
    system_stm32f10x.o(i.SystemInit) refers to system_stm32f10x.o(i.SetSysClock) for SetSysClock
    stm32f10x_adc.o(i.ADC_DeInit) refers to stm32f10x_rcc.o(i.RCC_APB2PeriphResetCmd) for RCC_APB2PeriphResetCmd
    stm32f10x_bkp.o(i.BKP_DeInit) refers to stm32f10x_rcc.o(i.RCC_BackupResetCmd) for RCC_BackupResetCmd
    stm32f10x_can.o(i.CAN_DeInit) refers to stm32f10x_rcc.o(i.RCC_APB1PeriphResetCmd) for RCC_APB1PeriphResetCmd
    stm32f10x_can.o(i.CAN_GetITStatus) refers to stm32f10x_can.o(i.CheckITStatus) for CheckITStatus
    stm32f10x_cec.o(i.CEC_DeInit) refers to stm32f10x_rcc.o(i.RCC_APB1PeriphResetCmd) for RCC_APB1PeriphResetCmd
    stm32f10x_dac.o(i.DAC_DeInit) refers to stm32f10x_rcc.o(i.RCC_APB1PeriphResetCmd) for RCC_APB1PeriphResetCmd
    stm32f10x_flash.o(i.FLASH_EnableWriteProtection) refers to stm32f10x_flash.o(i.FLASH_WaitForLastOperation) for FLASH_WaitForLastOperation
    stm32f10x_flash.o(i.FLASH_EraseAllBank1Pages) refers to stm32f10x_flash.o(i.FLASH_WaitForLastBank1Operation) for FLASH_WaitForLastBank1Operation
    stm32f10x_flash.o(i.FLASH_EraseAllPages) refers to stm32f10x_flash.o(i.FLASH_WaitForLastOperation) for FLASH_WaitForLastOperation
    stm32f10x_flash.o(i.FLASH_EraseOptionBytes) refers to stm32f10x_flash.o(i.FLASH_GetReadOutProtectionStatus) for FLASH_GetReadOutProtectionStatus
    stm32f10x_flash.o(i.FLASH_EraseOptionBytes) refers to stm32f10x_flash.o(i.FLASH_WaitForLastOperation) for FLASH_WaitForLastOperation
    stm32f10x_flash.o(i.FLASH_ErasePage) refers to stm32f10x_flash.o(i.FLASH_WaitForLastOperation) for FLASH_WaitForLastOperation
    stm32f10x_flash.o(i.FLASH_ProgramHalfWord) refers to stm32f10x_flash.o(i.FLASH_WaitForLastOperation) for FLASH_WaitForLastOperation
    stm32f10x_flash.o(i.FLASH_ProgramOptionByteData) refers to stm32f10x_flash.o(i.FLASH_WaitForLastOperation) for FLASH_WaitForLastOperation
    stm32f10x_flash.o(i.FLASH_ProgramWord) refers to stm32f10x_flash.o(i.FLASH_WaitForLastOperation) for FLASH_WaitForLastOperation
    stm32f10x_flash.o(i.FLASH_ReadOutProtection) refers to stm32f10x_flash.o(i.FLASH_WaitForLastOperation) for FLASH_WaitForLastOperation
    stm32f10x_flash.o(i.FLASH_UserOptionByteConfig) refers to stm32f10x_flash.o(i.FLASH_WaitForLastOperation) for FLASH_WaitForLastOperation
    stm32f10x_flash.o(i.FLASH_WaitForLastBank1Operation) refers to stm32f10x_flash.o(i.FLASH_GetBank1Status) for FLASH_GetBank1Status
    stm32f10x_flash.o(i.FLASH_WaitForLastOperation) refers to stm32f10x_flash.o(i.FLASH_GetBank1Status) for FLASH_GetBank1Status
[...]
    tasks.o(i.vTaskRemoveFromUnorderedEventList) refers to _printf_s.o(.ARM.Collect$$_printf_percent$$00000014) for _printf_s
    tasks.o(i.vTaskRemoveFromUnorderedEventList) refers to _printf_dec.o(.text) for _printf_int_dec
    tasks.o(i.vTaskRemoveFromUnorderedEventList) refers to _printf_str.o(.text) for _printf_str
    tasks.o(i.vTaskRemoveFromUnorderedEventList) refers to __2printf.o(.text) for __2printf
    tasks.o(i.vTaskRemoveFromUnorderedEventList) refers to tasks.o(.data) for uxSchedulerSuspended
    tasks.o(i.vTaskRemoveFromUnorderedEventList) refers to tasks.o(.bss) for pxReadyTasksLists
    tasks.o(i.vTaskResume) refers to _printf_percent.o(.ARM.Collect$$_printf_percent$$00000000) for _printf_percent
    tasks.o(i.vTaskResume) refers to _printf_d.o(.ARM.Collect$$_printf_percent$$00000009) for _printf_d
    tasks.o(i.vTaskResume) refers to _printf_s.o(.ARM.Collect$$_printf_percent$$00000014) for _printf_s
    tasks.o(i.vTaskResume) refers to _printf_dec.o(.text) for _printf_int_dec
    tasks.o(i.vTaskResume) refers to _printf_str.o(.text) for _printf_str
    tasks.o(i.vTaskResume) refers to __2printf.o(.text) for __2printf
    tasks.o(i.vTaskResume) refers to port.o(i.vPortEnterCritical) for vPortEnterCritical
    tasks.o(i.vTaskResume) refers to tasks.o(i.prvTaskIsTaskSuspended) for prvTaskIsTaskSuspended
    tasks.o(i.vTaskResume) refers to list.o(i.uxListRemove) for uxListRemove
    tasks.o(i.vTaskResume) refers to port.o(i.vPortExitCritical) for vPortExitCritical
    tasks.o(i.vTaskResume) refers to tasks.o(.data) for pxCurrentTCB
    tasks.o(i.vTaskResume) refers to tasks.o(.bss) for pxReadyTasksLists
    tasks.o(i.vTaskSetTimeOutState) refers to _printf_percent.o(.ARM.Collect$$_printf_percent$$00000000) for _printf_percent
    tasks.o(i.vTaskSetTimeOutState) refers to _printf_d.o(.ARM.Collect$$_printf_percent$$00000009) for _printf_d
    tasks.o(i.vTaskSetTimeOutState) refers to _printf_s.o(.ARM.Collect$$_printf_percent$$00000014) for _printf_s
    tasks.o(i.vTaskSetTimeOutState) refers to _printf_dec.o(.text) for _printf_int_dec
    tasks.o(i.vTaskSetTimeOutState) refers to _printf_str.o(.text) for _printf_str
    tasks.o(i.vTaskSetTimeOutState) refers to __2printf.o(.text) for __2printf
    tasks.o(i.vTaskSetTimeOutState) refers to port.o(i.vPortEnterCritical) for vPortEnterCritical
    tasks.o(i.vTaskSetTimeOutState) refers to port.o(i.vPortExitCritical) for vPortExitCritical
    tasks.o(i.vTaskSetTimeOutState) refers to tasks.o(.data) for xNumOfOverflows
    tasks.o(i.vTaskStartScheduler) refers to _printf_percent.o(.ARM.Collect$$_printf_percent$$00000000) for _printf_percent
    tasks.o(i.vTaskStartScheduler) refers to _printf_d.o(.ARM.Collect$$_printf_percent$$00000009) for _printf_d
    tasks.o(i.vTaskStartScheduler) refers to _printf_s.o(.ARM.Collect$$_printf_percent$$00000014) for _printf_s
    tasks.o(i.vTaskStartScheduler) refers to _printf_dec.o(.text) for _printf_int_dec
    tasks.o(i.vTaskStartScheduler) refers to _printf_str.o(.text) for _printf_str
    tasks.o(i.vTaskStartScheduler) refers to tasks.o(i.xTaskCreate) for xTaskCreate
    tasks.o(i.vTaskStartScheduler) refers to timers.o(i.xTimerCreateTimerTask) for xTimerCreateTimerTask
    tasks.o(i.vTaskStartScheduler) refers to port.o(i.xPortStartScheduler) for xPortStartScheduler
    tasks.o(i.vTaskStartScheduler) refers to __2printf.o(.text) for __2printf
    tasks.o(i.vTaskStartScheduler) refers to tasks.o(.data) for xIdleTaskHandle
    tasks.o(i.vTaskStartScheduler) refers to tasks.o(i.prvIdleTask) for prvIdleTask
    tasks.o(i.vTaskSuspend) refers to _printf_percent.o(.ARM.Collect$$_printf_percent$$00000000) for _printf_percent
    tasks.o(i.vTaskSuspend) refers to _printf_d.o(.ARM.Collect$$_printf_percent$$00000009) for _printf_d
    tasks.o(i.vTaskSuspend) refers to _printf_s.o(.ARM.Collect$$_printf_percent$$00000014) for _printf_s
    tasks.o(i.vTaskSuspend) refers to _printf_dec.o(.text) for _printf_int_dec
    tasks.o(i.vTaskSuspend) refers to _printf_str.o(.text) for _printf_str
    tasks.o(i.vTaskSuspend) refers to port.o(i.vPortEnterCritical) for vPortEnterCritical
    tasks.o(i.vTaskSuspend) refers to list.o(i.uxListRemove) for uxListRemove
    tasks.o(i.vTaskSuspend) refers to list.o(i.vListInsertEnd) for vListInsertEnd
    tasks.o(i.vTaskSuspend) refers to port.o(i.vPortExitCritical) for vPortExitCritical
    tasks.o(i.vTaskSuspend) refers to tasks.o(i.prvResetNextTaskUnblockTime) for prvResetNextTaskUnblockTime
    tasks.o(i.vTaskSuspend) refers to __2printf.o(.text) for __2printf
    tasks.o(i.vTaskSuspend) refers to tasks.o(i.vTaskSwitchContext) for vTaskSwitchContext
    tasks.o(i.vTaskSuspend) refers to tasks.o(.data) for pxCurrentTCB
    tasks.o(i.vTaskSuspend) refers to tasks.o(.bss) for pxReadyTasksLists
    tasks.o(i.vTaskSuspendAll) refers to tasks.o(.data) for uxSchedulerSuspended
    tasks.o(i.vTaskSwitchContext) refers to _printf_percent.o(.ARM.Collect$$_printf_percent$$00000000) for _printf_percent
    tasks.o(i.vTaskSwitchContext) refers to _printf_d.o(.ARM.Collect$$_printf_percent$$00000009) for _printf_d
    tasks.o(i.vTaskSwitchContext) refers to _printf_s.o(.ARM.Collect$$_printf_percent$$00000014) for _printf_s
    tasks.o(i.vTaskSwitchContext) refers to _printf_dec.o(.text) for _printf_int_dec
    tasks.o(i.vTaskSwitchContext) refers to _printf_str.o(.text) for _printf_str
    tasks.o(i.vTaskSwitchContext) refers to __2printf.o(.text) for __2printf
    tasks.o(i.vTaskSwitchContext) refers to tasks.o(.data) for uxSchedulerSuspended
    tasks.o(i.vTaskSwitchContext) refers to tasks.o(.bss) for pxReadyTasksLists
    tasks.o(i.xTaskAbortDelay) refers to _printf_percent.o(.ARM.Collect$$_printf_percent$$00000000) for _printf_percent
    tasks.o(i.xTaskAbortDelay) refers to _printf_d.o(.ARM.Collect$$_printf_percent$$00000009) for _printf_d
    tasks.o(i.xTaskAbortDelay) refers to _printf_s.o(.ARM.Collect$$_printf_percent$$00000014) for _printf_s
    tasks.o(i.xTaskAbortDelay) refers to _printf_dec.o(.text) for _printf_int_dec
    tasks.o(i.xTaskAbortDelay) refers to _printf_str.o(.text) for _printf_str
    tasks.o(i.xTaskAbortDelay) refers to __2printf.o(.text) for __2printf
    tasks.o(i.xTaskAbortDelay) refers to tasks.o(i.vTaskSuspendAll) for vTaskSuspendAll
    tasks.o(i.xTaskAbortDelay) refers to tasks.o(i.eTaskGetState) for eTaskGetState
    tasks.o(i.xTaskAbortDelay) refers to list.o(i.uxListRemove) for uxListRemove
    tasks.o(i.xTaskAbortDelay) refers to port.o(i.vPortEnterCritical) for vPortEnterCritical
    tasks.o(i.xTaskAbortDelay) refers to port.o(i.vPortExitCritical) for vPortExitCritical
    tasks.o(i.xTaskAbortDelay) refers to tasks.o(i.xTaskResumeAll) for xTaskResumeAll
    tasks.o(i.xTaskAbortDelay) refers to tasks.o(.data) for uxTopReadyPriority
    tasks.o(i.xTaskAbortDelay) refers to tasks.o(.bss) for pxReadyTasksLists
    tasks.o(i.xTaskCatchUpTicks) refers to _printf_percent.o(.ARM.Collect$$_printf_percent$$00000000) for _printf_percent
    tasks.o(i.xTaskCatchUpTicks) refers to _printf_d.o(.ARM.Collect$$_printf_percent$$00000009) for _printf_d
    tasks.o(i.xTaskCatchUpTicks) refers to _printf_s.o(.ARM.Collect$$_printf_percent$$00000014) for _printf_s
    tasks.o(i.xTaskCatchUpTicks) refers to _printf_dec.o(.text) for _printf_int_dec
    tasks.o(i.xTaskCatchUpTicks) refers to _printf_str.o(.text) for _printf_str
    tasks.o(i.xTaskCatchUpTicks) refers to __2printf.o(.text) for __2printf
    tasks.o(i.xTaskCatchUpTicks) refers to tasks.o(i.vTaskSuspendAll) for vTaskSuspendAll
    tasks.o(i.xTaskCatchUpTicks) refers to port.o(i.vPortEnterCritical) for vPortEnterCritical
    tasks.o(i.xTaskCatchUpTicks) refers to port.o(i.vPortExitCritical) for vPortExitCritical
    tasks.o(i.xTaskCatchUpTicks) refers to tasks.o(i.xTaskResumeAll) for xTaskResumeAll
    tasks.o(i.xTaskCatchUpTicks) refers to tasks.o(.data) for uxSchedulerSuspended
    tasks.o(i.xTaskCheckForTimeOut) refers to _printf_percent.o(.ARM.Collect$$_printf_percent$$00000000) for _printf_percent
    tasks.o(i.xTaskCheckForTimeOut) refers to _printf_d.o(.ARM.Collect$$_printf_percent$$00000009) for _printf_d
    tasks.o(i.xTaskCheckForTimeOut) refers to _printf_s.o(.ARM.Collect$$_printf_percent$$00000014) for _printf_s
    tasks.o(i.xTaskCheckForTimeOut) refers to _printf_dec.o(.text) for _printf_int_dec
    tasks.o(i.xTaskCheckForTimeOut) refers to _printf_str.o(.text) for _printf_str
    tasks.o(i.xTaskCheckForTimeOut) refers to __2printf.o(.text) for __2printf
    tasks.o(i.xTaskCheckForTimeOut) refers to port.o(i.vPortEnterCritical) for vPortEnterCritical
    tasks.o(i.xTaskCheckForTimeOut) refers to tasks.o(i.vTaskInternalSetTimeOutState) for vTaskInternalSetTimeOutState
    tasks.o(i.xTaskCheckForTimeOut) refers to port.o(i.vPortExitCritical) for vPortExitCritical
    tasks.o(i.xTaskCheckForTimeOut) refers to tasks.o(.data) for xTickCount
    tasks.o(i.xTaskCreate) refers to heap_4.o(i.pvPortMalloc) for pvPortMalloc
    tasks.o(i.xTaskCreate) refers to rt_memclr_w.o(.text) for __aeabi_memclr4
    tasks.o(i.xTaskCreate) refers to heap_4.o(i.vPortFree) for vPortFree
    tasks.o(i.xTaskCreate) refers to tasks.o(i.prvInitialiseNewTask) for prvInitialiseNewTask
    tasks.o(i.xTaskCreate) refers to tasks.o(i.prvAddNewTaskToReadyList) for prvAddNewTaskToReadyList
    tasks.o(i.xTaskDelayUntil) refers to _printf_percent.o(.ARM.Collect$$_printf_percent$$00000000) for _printf_percent
    tasks.o(i.xTaskDelayUntil) refers to _printf_d.o(.ARM.Collect$$_printf_percent$$00000009) for _printf_d
    tasks.o(i.xTaskDelayUntil) refers to _printf_s.o(.ARM.Collect$$_printf_percent$$00000014) for _printf_s
    tasks.o(i.xTaskDelayUntil) refers to _printf_dec.o(.text) for _printf_int_dec
    tasks.o(i.xTaskDelayUntil) refers to _printf_str.o(.text) for _printf_str
    tasks.o(i.xTaskDelayUntil) refers to __2printf.o(.text) for __2printf
    tasks.o(i.xTaskDelayUntil) refers to tasks.o(i.vTaskSuspendAll) for vTaskSuspendAll
    tasks.o(i.xTaskDelayUntil) refers to tasks.o(i.prvAddCurrentTaskToDelayedList) for prvAddCurrentTaskToDelayedList
    tasks.o(i.xTaskDelayUntil) refers to tasks.o(i.xTaskResumeAll) for xTaskResumeAll
    tasks.o(i.xTaskDelayUntil) refers to tasks.o(.data) for uxSchedulerSuspended
    tasks.o(i.xTaskGenericNotify) refers to _printf_percent.o(.ARM.Collect$$_printf_percent$$00000000) for _printf_percent
    tasks.o(i.xTaskGenericNotify) refers to _printf_d.o(.ARM.Collect$$_printf_percent$$00000009) for _printf_d
    tasks.o(i.xTaskGenericNotify) refers to _printf_s.o(.ARM.Collect$$_printf_percent$$00000014) for _printf_s
    tasks.o(i.xTaskGenericNotify) refers to _printf_dec.o(.text) for _printf_int_dec
    tasks.o(i.xTaskGenericNotify) refers to _printf_str.o(.text) for _printf_str
    tasks.o(i.xTaskGenericNotify) refers to __2printf.o(.text) for __2printf
    tasks.o(i.xTaskGenericNotify) refers to port.o(i.vPortEnterCritical) for vPortEnterCritical
    tasks.o(i.xTaskGenericNotify) refers to port.o(i.vPortExitCritical) for vPortExitCritical
    tasks.o(i.xTaskGenericNotify) refers to tasks.o(.data) for xTickCount
    tasks.o(i.xTaskGenericNotify) refers to tasks.o(.bss) for pxReadyTasksLists
    tasks.o(i.xTaskGenericNotifyFromISR) refers to _printf_percent.o(.ARM.Collect$$_printf_percent$$00000000) for _printf_percent
    tasks.o(i.xTaskGenericNotifyFromISR) refers to _printf_d.o(.ARM.Collect$$_printf_percent$$00000009) for _printf_d
    tasks.o(i.xTaskGenericNotifyFromISR) refers to _printf_s.o(.ARM.Collect$$_printf_percent$$00000014) for _printf_s
    tasks.o(i.xTaskGenericNotifyFromISR) refers to _printf_dec.o(.text) for _printf_int_dec
    tasks.o(i.xTaskGenericNotifyFromISR) refers to _printf_str.o(.text) for _printf_str
    tasks.o(i.xTaskGenericNotifyFromISR) refers to __2printf.o(.text) for __2printf
    tasks.o(i.xTaskGenericNotifyFromISR) refers to port.o(i.vPortValidateInterruptPriority) for vPortValidateInterruptPriority
    tasks.o(i.xTaskGenericNotifyFromISR) refers to tasks.o(.data) for xTickCount
    tasks.o(i.xTaskGenericNotifyFromISR) refers to tasks.o(.bss) for pxReadyTasksLists
    tasks.o(i.xTaskGenericNotifyStateClear) refers to _printf_percent.o(.ARM.Collect$$_printf_percent$$00000000) for _printf_percent
    tasks.o(i.xTaskGenericNotifyStateClear) refers to _printf_d.o(.ARM.Collect$$_printf_percent$$00000009) for _printf_d
    tasks.o(i.xTaskGenericNotifyStateClear) refers to _printf_s.o(.ARM.Collect$$_printf_percent$$00000014) for _printf_s
    tasks.o(i.xTaskGenericNotifyStateClear) refers to _printf_dec.o(.text) for _printf_int_dec
    tasks.o(i.xTaskGenericNotifyStateClear) refers to _printf_str.o(.text) for _printf_str
    tasks.o(i.xTaskGenericNotifyStateClear) refers to __2printf.o(.text) for __2printf
    tasks.o(i.xTaskGenericNotifyStateClear) refers to port.o(i.vPortEnterCritical) for vPortEnterCritical
    tasks.o(i.xTaskGenericNotifyStateClear) refers to port.o(i.vPortExitCritical) for vPortExitCritical
    tasks.o(i.xTaskGenericNotifyStateClear) refers to tasks.o(.data) for pxCurrentTCB
    tasks.o(i.xTaskGenericNotifyWait) refers to _printf_percent.o(.ARM.Collect$$_printf_percent$$00000000) for _printf_percent
    tasks.o(i.xTaskGenericNotifyWait) refers to _printf_d.o(.ARM.Collect$$_printf_percent$$00000009) for _printf_d
    tasks.o(i.xTaskGenericNotifyWait) refers to _printf_s.o(.ARM.Collect$$_printf_percent$$00000014) for _printf_s
    tasks.o(i.xTaskGenericNotifyWait) refers to _printf_dec.o(.text) for _printf_int_dec
    tasks.o(i.xTaskGenericNotifyWait) refers to _printf_str.o(.text) for _printf_str
    tasks.o(i.xTaskGenericNotifyWait) refers to __2printf.o(.text) for __2printf
    tasks.o(i.xTaskGenericNotifyWait) refers to port.o(i.vPortEnterCritical) for vPortEnterCritical
    tasks.o(i.xTaskGenericNotifyWait) refers to tasks.o(i.prvAddCurrentTaskToDelayedList) for prvAddCurrentTaskToDelayedList
    tasks.o(i.xTaskGenericNotifyWait) refers to port.o(i.vPortExitCritical) for vPortExitCritical
    tasks.o(i.xTaskGenericNotifyWait) refers to tasks.o(.data) for pxCurrentTCB
    tasks.o(i.xTaskGetCurrentTaskHandle) refers to tasks.o(.data) for pxCurrentTCB
    tasks.o(i.xTaskGetHandle) refers to _printf_percent.o(.ARM.Collect$$_printf_percent$$00000000) for _printf_percent
    tasks.o(i.xTaskGetHandle) refers to _printf_d.o(.ARM.Collect$$_printf_percent$$00000009) for _printf_d
    tasks.o(i.xTaskGetHandle) refers to _printf_s.o(.ARM.Collect$$_printf_percent$$00000014) for _printf_s
    tasks.o(i.xTaskGetHandle) refers to _printf_dec.o(.text) for _printf_int_dec
    tasks.o(i.xTaskGetHandle) refers to _printf_str.o(.text) for _printf_str
    tasks.o(i.xTaskGetHandle) refers to strlen.o(.text) for strlen
    tasks.o(i.xTaskGetHandle) refers to __2printf.o(.text) for __2printf
    tasks.o(i.xTaskGetHandle) refers to tasks.o(i.vTaskSuspendAll) for vTaskSuspendAll
    tasks.o(i.xTaskGetHandle) refers to tasks.o(i.prvSearchForNameWithinSingleList) for prvSearchForNameWithinSingleList
    tasks.o(i.xTaskGetHandle) refers to tasks.o(i.xTaskResumeAll) for xTaskResumeAll
    tasks.o(i.xTaskGetHandle) refers to tasks.o(.bss) for pxReadyTasksLists
    tasks.o(i.xTaskGetHandle) refers to tasks.o(.data) for pxDelayedTaskList
    tasks.o(i.xTaskGetIdleTaskHandle) refers to _printf_percent.o(.ARM.Collect$$_printf_percent$$00000000) for _printf_percent
    tasks.o(i.xTaskGetIdleTaskHandle) refers to _printf_d.o(.ARM.Collect$$_printf_percent$$00000009) for _printf_d
    tasks.o(i.xTaskGetIdleTaskHandle) refers to _printf_s.o(.ARM.Collect$$_printf_percent$$00000014) for _printf_s
    tasks.o(i.xTaskGetIdleTaskHandle) refers to _printf_dec.o(.text) for _printf_int_dec
    tasks.o(i.xTaskGetIdleTaskHandle) refers to _printf_str.o(.text) for _printf_str
    tasks.o(i.xTaskGetIdleTaskHandle) refers to __2printf.o(.text) for __2printf
    tasks.o(i.xTaskGetIdleTaskHandle) refers to tasks.o(.data) for xIdleTaskHandle
    tasks.o(i.xTaskGetSchedulerState) refers to tasks.o(.data) for xSchedulerRunning
    tasks.o(i.xTaskGetTickCount) refers to tasks.o(.data) for xTickCount
    tasks.o(i.xTaskGetTickCountFromISR) refers to port.o(i.vPortValidateInterruptPriority) for vPortValidateInterruptPriority
    tasks.o(i.xTaskGetTickCountFromISR) refers to tasks.o(.data) for xTickCount
    tasks.o(i.xTaskIncrementTick) refers to _printf_percent.o(.ARM.Collect$$_printf_percent$$00000000) for _printf_percent
    tasks.o(i.xTaskIncrementTick) refers to _printf_d.o(.ARM.Collect$$_printf_percent$$00000009) for _printf_d
    tasks.o(i.xTaskIncrementTick) refers to _printf_s.o(.ARM.Collect$$_printf_percent$$00000014) for _printf_s
    tasks.o(i.xTaskIncrementTick) refers to _printf_dec.o(.text) for _printf_int_dec
    tasks.o(i.xTaskIncrementTick) refers to _printf_str.o(.text) for _printf_str
    tasks.o(i.xTaskIncrementTick) refers to __2printf.o(.text) for __2printf
    tasks.o(i.xTaskIncrementTick) refers to tasks.o(i.prvResetNextTaskUnblockTime) for prvResetNextTaskUnblockTime
    tasks.o(i.xTaskIncrementTick) refers to tasks.o(.data) for uxSchedulerSuspended
    tasks.o(i.xTaskIncrementTick) refers to tasks.o(.bss) for pxReadyTasksLists
    tasks.o(i.xTaskPriorityDisinherit) refers to _printf_percent.o(.ARM.Collect$$_printf_percent$$00000000) for _printf_percent
    tasks.o(i.xTaskPriorityDisinherit) refers to _printf_d.o(.ARM.Collect$$_printf_percent$$00000009) for _printf_d
    tasks.o(i.xTaskPriorityDisinherit) refers to _printf_s.o(.ARM.Collect$$_printf_percent$$00000014) for _printf_s
    tasks.o(i.xTaskPriorityDisinherit) refers to _printf_dec.o(.text) for _printf_int_dec
    tasks.o(i.xTaskPriorityDisinherit) refers to _printf_str.o(.text) for _printf_str
    tasks.o(i.xTaskPriorityDisinherit) refers to __2printf.o(.text) for __2printf
    tasks.o(i.xTaskPriorityDisinherit) refers to list.o(i.uxListRemove) for uxListRemove
    tasks.o(i.xTaskPriorityDisinherit) refers to tasks.o(.data) for pxCurrentTCB
    tasks.o(i.xTaskPriorityDisinherit) refers to tasks.o(.bss) for pxReadyTasksLists
    tasks.o(i.xTaskPriorityInherit) refers to list.o(i.uxListRemove) for uxListRemove
    tasks.o(i.xTaskPriorityInherit) refers to tasks.o(.data) for pxCurrentTCB
    tasks.o(i.xTaskPriorityInherit) refers to tasks.o(.bss) for pxReadyTasksLists
    tasks.o(i.xTaskRemoveFromEventList) refers to _printf_percent.o(.ARM.Collect$$_printf_percent$$00000000) for _printf_percent
    tasks.o(i.xTaskRemoveFromEventList) refers to _printf_d.o(.ARM.Collect$$_printf_percent$$00000009) for _printf_d
    tasks.o(i.xTaskRemoveFromEventList) refers to _printf_s.o(.ARM.Collect$$_printf_percent$$00000014) for _printf_s
    tasks.o(i.xTaskRemoveFromEventList) refers to _printf_dec.o(.text) for _printf_int_dec
    tasks.o(i.xTaskRemoveFromEventList) refers to _printf_str.o(.text) for _printf_str
    tasks.o(i.xTaskRemoveFromEventList) refers to __2printf.o(.text) for __2printf
    tasks.o(i.xTaskRemoveFromEventList) refers to tasks.o(.data) for uxSchedulerSuspended
    tasks.o(i.xTaskRemoveFromEventList) refers to tasks.o(.bss) for pxReadyTasksLists
    tasks.o(i.xTaskResumeAll) refers to _printf_percent.o(.ARM.Collect$$_printf_percent$$00000000) for _printf_percent
    tasks.o(i.xTaskResumeAll) refers to _printf_d.o(.ARM.Collect$$_printf_percent$$00000009) for _printf_d
    tasks.o(i.xTaskResumeAll) refers to _printf_s.o(.ARM.Collect$$_printf_percent$$00000014) for _printf_s
    tasks.o(i.xTaskResumeAll) refers to _printf_dec.o(.text) for _printf_int_dec
    tasks.o(i.xTaskResumeAll) refers to _printf_str.o(.text) for _printf_str
    tasks.o(i.xTaskResumeAll) refers to __2printf.o(.text) for __2printf
    tasks.o(i.xTaskResumeAll) refers to port.o(i.vPortEnterCritical) for vPortEnterCritical
    tasks.o(i.xTaskResumeAll) refers to tasks.o(i.prvResetNextTaskUnblockTime) for prvResetNextTaskUnblockTime
    tasks.o(i.xTaskResumeAll) refers to tasks.o(i.xTaskIncrementTick) for xTaskIncrementTick
    tasks.o(i.xTaskResumeAll) refers to port.o(i.vPortExitCritical) for vPortExitCritical
    tasks.o(i.xTaskResumeAll) refers to tasks.o(.data) for uxSchedulerSuspended
    tasks.o(i.xTaskResumeAll) refers to tasks.o(.bss) for xPendingReadyList
    tasks.o(i.xTaskResumeFromISR) refers to _printf_percent.o(.ARM.Collect$$_printf_percent$$00000000) for _printf_percent
    tasks.o(i.xTaskResumeFromISR) refers to _printf_d.o(.ARM.Collect$$_printf_percent$$00000009) for _printf_d
    tasks.o(i.xTaskResumeFromISR) refers to _printf_s.o(.ARM.Collect$$_printf_percent$$00000014) for _printf_s
    tasks.o(i.xTaskResumeFromISR) refers to _printf_dec.o(.text) for _printf_int_dec
    tasks.o(i.xTaskResumeFromISR) refers to _printf_str.o(.text) for _printf_str
    tasks.o(i.xTaskResumeFromISR) refers to __2printf.o(.text) for __2printf
    tasks.o(i.xTaskResumeFromISR) refers to port.o(i.vPortValidateInterruptPriority) for vPortValidateInterruptPriority
    tasks.o(i.xTaskResumeFromISR) refers to tasks.o(i.prvTaskIsTaskSuspended) for prvTaskIsTaskSuspended
    tasks.o(i.xTaskResumeFromISR) refers to list.o(i.uxListRemove) for uxListRemove
    tasks.o(i.xTaskResumeFromISR) refers to list.o(i.vListInsertEnd) for vListInsertEnd
    tasks.o(i.xTaskResumeFromISR) refers to tasks.o(.data) for uxSchedulerSuspended
    tasks.o(i.xTaskResumeFromISR) refers to tasks.o(.bss) for pxReadyTasksLists
    timers.o(i.pcTimerGetName) refers to _printf_percent.o(.ARM.Collect$$_printf_percent$$00000000) for _printf_percent
    timers.o(i.pcTimerGetName) refers to _printf_d.o(.ARM.Collect$$_printf_percent$$00000009) for _printf_d
    timers.o(i.pcTimerGetName) refers to _printf_s.o(.ARM.Collect$$_printf_percent$$00000014) for _printf_s
    timers.o(i.pcTimerGetName) refers to _printf_dec.o(.text) for _printf_int_dec
    timers.o(i.pcTimerGetName) refers to _printf_str.o(.text) for _printf_str
    timers.o(i.pcTimerGetName) refers to __2printf.o(.text) for __2printf
    timers.o(i.prvCheckForValidListAndQueue) refers to port.o(i.vPortEnterCritical) for vPortEnterCritical
    timers.o(i.prvCheckForValidListAndQueue) refers to list.o(i.vListInitialise) for vListInitialise
    timers.o(i.prvCheckForValidListAndQueue) refers to queue.o(i.xQueueGenericCreate) for xQueueGenericCreate
    timers.o(i.prvCheckForValidListAndQueue) refers to queue.o(i.vQueueAddToRegistry) for vQueueAddToRegistry
    timers.o(i.prvCheckForValidListAndQueue) refers to port.o(i.vPortExitCritical) for vPortExitCritical
    timers.o(i.prvCheckForValidListAndQueue) refers to timers.o(.data) for xTimerQueue
    timers.o(i.prvCheckForValidListAndQueue) refers to timers.o(.bss) for xActiveTimerList1
    timers.o(i.prvGetNextExpireTime) refers to timers.o(.data) for pxCurrentTimerList
    timers.o(i.prvInitialiseNewTimer) refers to _printf_percent.o(.ARM.Collect$$_printf_percent$$00000000) for _printf_percent
    timers.o(i.prvInitialiseNewTimer) refers to _printf_d.o(.ARM.Collect$$_printf_percent$$00000009) for _printf_d
    timers.o(i.prvInitialiseNewTimer) refers to _printf_s.o(.ARM.Collect$$_printf_percent$$00000014) for _printf_s
    timers.o(i.prvInitialiseNewTimer) refers to _printf_dec.o(.text) for _printf_int_dec
    timers.o(i.prvInitialiseNewTimer) refers to _printf_str.o(.text) for _printf_str
    timers.o(i.prvInitialiseNewTimer) refers to __2printf.o(.text) for __2printf
    timers.o(i.prvInitialiseNewTimer) refers to timers.o(i.prvCheckForValidListAndQueue) for prvCheckForValidListAndQueue
    timers.o(i.prvInitialiseNewTimer) refers to list.o(i.vListInitialiseItem) for vListInitialiseItem
    timers.o(i.prvInsertTimerInActiveList) refers to list.o(i.vListInsert) for vListInsert
    timers.o(i.prvInsertTimerInActiveList) refers to timers.o(.data) for pxOverflowTimerList
    timers.o(i.prvProcessExpiredTimer) refers to list.o(i.uxListRemove) for uxListRemove
    timers.o(i.prvProcessExpiredTimer) refers to timers.o(i.prvReloadTimer) for prvReloadTimer
    timers.o(i.prvProcessExpiredTimer) refers to timers.o(.data) for pxCurrentTimerList
    timers.o(i.prvProcessReceivedCommands) refers to _printf_percent.o(.ARM.Collect$$_printf_percent$$00000000) for _printf_percent
    timers.o(i.prvProcessReceivedCommands) refers to _printf_d.o(.ARM.Collect$$_printf_percent$$00000009) for _printf_d
    timers.o(i.prvProcessReceivedCommands) refers to _printf_s.o(.ARM.Collect$$_printf_percent$$00000014) for _printf_s
    timers.o(i.prvProcessReceivedCommands) refers to _printf_dec.o(.text) for _printf_int_dec
    timers.o(i.prvProcessReceivedCommands) refers to _printf_str.o(.text) for _printf_str
    timers.o(i.prvProcessReceivedCommands) refers to __2printf.o(.text) for __2printf
    timers.o(i.prvProcessReceivedCommands) refers to list.o(i.uxListRemove) for uxListRemove
    timers.o(i.prvProcessReceivedCommands) refers to timers.o(i.prvSampleTimeNow) for prvSampleTimeNow
    timers.o(i.prvProcessReceivedCommands) refers to timers.o(i.prvInsertTimerInActiveList) for prvInsertTimerInActiveList
    timers.o(i.prvProcessReceivedCommands) refers to timers.o(i.prvReloadTimer) for prvReloadTimer
    timers.o(i.prvProcessReceivedCommands) refers to heap_4.o(i.vPortFree) for vPortFree
    timers.o(i.prvProcessReceivedCommands) refers to queue.o(i.xQueueReceive) for xQueueReceive
    timers.o(i.prvProcessReceivedCommands) refers to timers.o(.data) for xTimerQueue
    timers.o(i.prvProcessTimerOrBlockTask) refers to tasks.o(i.vTaskSuspendAll) for vTaskSuspendAll
    timers.o(i.prvProcessTimerOrBlockTask) refers to timers.o(i.prvSampleTimeNow) for prvSampleTimeNow
    timers.o(i.prvProcessTimerOrBlockTask) refers to tasks.o(i.xTaskResumeAll) for xTaskResumeAll
    timers.o(i.prvProcessTimerOrBlockTask) refers to timers.o(i.prvProcessExpiredTimer) for prvProcessExpiredTimer
    timers.o(i.prvProcessTimerOrBlockTask) refers to queue.o(i.vQueueWaitForMessageRestricted) for vQueueWaitForMessageRestricted
    timers.o(i.prvProcessTimerOrBlockTask) refers to timers.o(.data) for pxOverflowTimerList
    timers.o(i.prvReloadTimer) refers to timers.o(i.prvInsertTimerInActiveList) for prvInsertTimerInActiveList
    timers.o(i.prvSampleTimeNow) refers to tasks.o(i.xTaskGetTickCount) for xTaskGetTickCount
    timers.o(i.prvSampleTimeNow) refers to timers.o(i.prvSwitchTimerLists) for prvSwitchTimerLists
    timers.o(i.prvSampleTimeNow) refers to timers.o(.data) for xLastTime
    timers.o(i.prvSwitchTimerLists) refers to timers.o(i.prvProcessExpiredTimer) for prvProcessExpiredTimer
    timers.o(i.prvSwitchTimerLists) refers to timers.o(.data) for pxCurrentTimerList
    timers.o(i.prvTimerTask) refers to timers.o(i.prvGetNextExpireTime) for prvGetNextExpireTime
    timers.o(i.prvTimerTask) refers to timers.o(i.prvProcessTimerOrBlockTask) for prvProcessTimerOrBlockTask
    timers.o(i.prvTimerTask) refers to timers.o(i.prvProcessReceivedCommands) for prvProcessReceivedCommands
    timers.o(i.pvTimerGetTimerID) refers to _printf_percent.o(.ARM.Collect$$_printf_percent$$00000000) for _printf_percent
    timers.o(i.pvTimerGetTimerID) refers to _printf_d.o(.ARM.Collect$$_printf_percent$$00000009) for _printf_d
    timers.o(i.pvTimerGetTimerID) refers to _printf_s.o(.ARM.Collect$$_printf_percent$$00000014) for _printf_s
    timers.o(i.pvTimerGetTimerID) refers to _printf_dec.o(.text) for _printf_int_dec
    timers.o(i.pvTimerGetTimerID) refers to _printf_str.o(.text) for _printf_str
    timers.o(i.pvTimerGetTimerID) refers to __2printf.o(.text) for __2printf
    timers.o(i.pvTimerGetTimerID) refers to port.o(i.vPortEnterCritical) for vPortEnterCritical
    timers.o(i.pvTimerGetTimerID) refers to port.o(i.vPortExitCritical) for vPortExitCritical
    timers.o(i.uxTimerGetReloadMode) refers to timers.o(i.xTimerGetReloadMode) for xTimerGetReloadMode
    timers.o(i.vTimerSetReloadMode) refers to _printf_percent.o(.ARM.Collect$$_printf_percent$$00000000) for _printf_percent
    timers.o(i.vTimerSetReloadMode) refers to _printf_d.o(.ARM.Collect$$_printf_percent$$00000009) for _printf_d
    timers.o(i.vTimerSetReloadMode) refers to _printf_s.o(.ARM.Collect$$_printf_percent$$00000014) for _printf_s
    timers.o(i.vTimerSetReloadMode) refers to _printf_dec.o(.text) for _printf_int_dec
    timers.o(i.vTimerSetReloadMode) refers to _printf_str.o(.text) for _printf_str
    timers.o(i.vTimerSetReloadMode) refers to __2printf.o(.text) for __2printf
    timers.o(i.vTimerSetReloadMode) refers to port.o(i.vPortEnterCritical) for vPortEnterCritical
    timers.o(i.vTimerSetReloadMode) refers to port.o(i.vPortExitCritical) for vPortExitCritical
    timers.o(i.vTimerSetTimerID) refers to _printf_percent.o(.ARM.Collect$$_printf_percent$$00000000) for _printf_percent
    timers.o(i.vTimerSetTimerID) refers to _printf_d.o(.ARM.Collect$$_printf_percent$$00000009) for _printf_d
    timers.o(i.vTimerSetTimerID) refers to _printf_s.o(.ARM.Collect$$_printf_percent$$00000014) for _printf_s
    timers.o(i.vTimerSetTimerID) refers to _printf_dec.o(.text) for _printf_int_dec
    timers.o(i.vTimerSetTimerID) refers to _printf_str.o(.text) for _printf_str
    timers.o(i.vTimerSetTimerID) refers to __2printf.o(.text) for __2printf
    timers.o(i.vTimerSetTimerID) refers to port.o(i.vPortEnterCritical) for vPortEnterCritical
    timers.o(i.vTimerSetTimerID) refers to port.o(i.vPortExitCritical) for vPortExitCritical
    timers.o(i.xTimerCreate) refers to heap_4.o(i.pvPortMalloc) for pvPortMalloc
    timers.o(i.xTimerCreate) refers to timers.o(i.prvInitialiseNewTimer) for prvInitialiseNewTimer
    timers.o(i.xTimerCreateTimerTask) refers to _printf_percent.o(.ARM.Collect$$_printf_percent$$00000000) for _printf_percent
    timers.o(i.xTimerCreateTimerTask) refers to _printf_d.o(.ARM.Collect$$_printf_percent$$00000009) for _printf_d
    timers.o(i.xTimerCreateTimerTask) refers to _printf_s.o(.ARM.Collect$$_printf_percent$$00000014) for _printf_s
    timers.o(i.xTimerCreateTimerTask) refers to _printf_dec.o(.text) for _printf_int_dec
    timers.o(i.xTimerCreateTimerTask) refers to _printf_str.o(.text) for _printf_str
    timers.o(i.xTimerCreateTimerTask) refers to timers.o(i.prvCheckForValidListAndQueue) for prvCheckForValidListAndQueue
    timers.o(i.xTimerCreateTimerTask) refers to tasks.o(i.xTaskCreate) for xTaskCreate
    timers.o(i.xTimerCreateTimerTask) refers to __2printf.o(.text) for __2printf
    timers.o(i.xTimerCreateTimerTask) refers to timers.o(.data) for xTimerQueue
    timers.o(i.xTimerCreateTimerTask) refers to timers.o(i.prvTimerTask) for prvTimerTask
    timers.o(i.xTimerGenericCommand) refers to _printf_percent.o(.ARM.Collect$$_printf_percent$$00000000) for _printf_percent
    timers.o(i.xTimerGenericCommand) refers to _printf_d.o(.ARM.Collect$$_printf_percent$$00000009) for _printf_d
    timers.o(i.xTimerGenericCommand) refers to _printf_s.o(.ARM.Collect$$_printf_percent$$00000014) for _printf_s
    timers.o(i.xTimerGenericCommand) refers to _printf_dec.o(.text) for _printf_int_dec
    timers.o(i.xTimerGenericCommand) refers to _printf_str.o(.text) for _printf_str
    timers.o(i.xTimerGenericCommand) refers to __2printf.o(.text) for __2printf
    timers.o(i.xTimerGenericCommand) refers to tasks.o(i.xTaskGetSchedulerState) for xTaskGetSchedulerState
    timers.o(i.xTimerGenericCommand) refers to queue.o(i.xQueueGenericSend) for xQueueGenericSend
    timers.o(i.xTimerGenericCommand) refers to queue.o(i.xQueueGenericSendFromISR) for xQueueGenericSendFromISR
    timers.o(i.xTimerGenericCommand) refers to timers.o(.data) for xTimerQueue
    timers.o(i.xTimerGetExpiryTime) refers to _printf_percent.o(.ARM.Collect$$_printf_percent$$00000000) for _printf_percent
    timers.o(i.xTimerGetExpiryTime) refers to _printf_d.o(.ARM.Collect$$_printf_percent$$00000009) for _printf_d
    timers.o(i.xTimerGetExpiryTime) refers to _printf_s.o(.ARM.Collect$$_printf_percent$$00000014) for _printf_s
    timers.o(i.xTimerGetExpiryTime) refers to _printf_dec.o(.text) for _printf_int_dec
    timers.o(i.xTimerGetExpiryTime) refers to _printf_str.o(.text) for _printf_str
    timers.o(i.xTimerGetExpiryTime) refers to __2printf.o(.text) for __2printf
    timers.o(i.xTimerGetPeriod) refers to _printf_percent.o(.ARM.Collect$$_printf_percent$$00000000) for _printf_percent
    timers.o(i.xTimerGetPeriod) refers to _printf_d.o(.ARM.Collect$$_printf_percent$$00000009) for _printf_d
    timers.o(i.xTimerGetPeriod) refers to _printf_s.o(.ARM.Collect$$_printf_percent$$00000014) for _printf_s
    timers.o(i.xTimerGetPeriod) refers to _printf_dec.o(.text) for _printf_int_dec
    timers.o(i.xTimerGetPeriod) refers to _printf_str.o(.text) for _printf_str
    timers.o(i.xTimerGetPeriod) refers to __2printf.o(.text) for __2printf
    timers.o(i.xTimerGetReloadMode) refers to _printf_percent.o(.ARM.Collect$$_printf_percent$$00000000) for _printf_percent
    timers.o(i.xTimerGetReloadMode) refers to _printf_d.o(.ARM.Collect$$_printf_percent$$00000009) for _printf_d
    timers.o(i.xTimerGetReloadMode) refers to _printf_s.o(.ARM.Collect$$_printf_percent$$00000014) for _printf_s
    timers.o(i.xTimerGetReloadMode) refers to _printf_dec.o(.text) for _printf_int_dec
    timers.o(i.xTimerGetReloadMode) refers to _printf_str.o(.text) for _printf_str
    timers.o(i.xTimerGetReloadMode) refers to __2printf.o(.text) for __2printf
    timers.o(i.xTimerGetReloadMode) refers to port.o(i.vPortEnterCritical) for vPortEnterCritical
    timers.o(i.xTimerGetReloadMode) refers to port.o(i.vPortExitCritical) for vPortExitCritical
    timers.o(i.xTimerGetTimerDaemonTaskHandle) refers to _printf_percent.o(.ARM.Collect$$_printf_percent$$00000000) for _printf_percent
    timers.o(i.xTimerGetTimerDaemonTaskHandle) refers to _printf_d.o(.ARM.Collect$$_printf_percent$$00000009) for _printf_d
    timers.o(i.xTimerGetTimerDaemonTaskHandle) refers to _printf_s.o(.ARM.Collect$$_printf_percent$$00000014) for _printf_s
    timers.o(i.xTimerGetTimerDaemonTaskHandle) refers to _printf_dec.o(.text) for _printf_int_dec
    timers.o(i.xTimerGetTimerDaemonTaskHandle) refers to _printf_str.o(.text) for _printf_str
    timers.o(i.xTimerGetTimerDaemonTaskHandle) refers to __2printf.o(.text) for __2printf
    timers.o(i.xTimerGetTimerDaemonTaskHandle) refers to timers.o(.data) for xTimerTaskHandle
    timers.o(i.xTimerIsTimerActive) refers to _printf_percent.o(.ARM.Collect$$_printf_percent$$00000000) for _printf_percent
    timers.o(i.xTimerIsTimerActive) refers to _printf_d.o(.ARM.Collect$$_printf_percent$$00000009) for _printf_d
    timers.o(i.xTimerIsTimerActive) refers to _printf_s.o(.ARM.Collect$$_printf_percent$$00000014) for _printf_s
    timers.o(i.xTimerIsTimerActive) refers to _printf_dec.o(.text) for _printf_int_dec
    timers.o(i.xTimerIsTimerActive) refers to _printf_str.o(.text) for _printf_str
    timers.o(i.xTimerIsTimerActive) refers to __2printf.o(.text) for __2printf
    timers.o(i.xTimerIsTimerActive) refers to port.o(i.vPortEnterCritical) for vPortEnterCritical
    timers.o(i.xTimerIsTimerActive) refers to port.o(i.vPortExitCritical) for vPortExitCritical
    timers.o(i.xTimerPendFunctionCall) refers to _printf_percent.o(.ARM.Collect$$_printf_percent$$00000000) for _printf_percent
    timers.o(i.xTimerPendFunctionCall) refers to _printf_d.o(.ARM.Collect$$_printf_percent$$00000009) for _printf_d
    timers.o(i.xTimerPendFunctionCall) refers to _printf_s.o(.ARM.Collect$$_printf_percent$$00000014) for _printf_s
    timers.o(i.xTimerPendFunctionCall) refers to _printf_dec.o(.text) for _printf_int_dec
    timers.o(i.xTimerPendFunctionCall) refers to _printf_str.o(.text) for _printf_str
    timers.o(i.xTimerPendFunctionCall) refers to __2printf.o(.text) for __2printf
    timers.o(i.xTimerPendFunctionCall) refers to queue.o(i.xQueueGenericSend) for xQueueGenericSend
    timers.o(i.xTimerPendFunctionCall) refers to timers.o(.data) for xTimerQueue
    timers.o(i.xTimerPendFunctionCallFromISR) refers to queue.o(i.xQueueGenericSendFromISR) for xQueueGenericSendFromISR
    timers.o(i.xTimerPendFunctionCallFromISR) refers to timers.o(.data) for xTimerQueue
    port.o(.emb_text) refers to tasks.o(i.vTaskSwitchContext) for vTaskSwitchContext
    port.o(.emb_text) refers to tasks.o(.data) for pxCurrentTCB
    port.o(i.prvTaskExitError) refers to _printf_percent.o(.ARM.Collect$$_printf_percent$$00000000) for _printf_percent
    port.o(i.prvTaskExitError) refers to _printf_d.o(.ARM.Collect$$_printf_percent$$00000009) for _printf_d
    port.o(i.prvTaskExitError) refers to _printf_s.o(.ARM.Collect$$_printf_percent$$00000014) for _printf_s
    port.o(i.prvTaskExitError) refers to _printf_dec.o(.text) for _printf_int_dec
    port.o(i.prvTaskExitError) refers to _printf_str.o(.text) for _printf_str
    port.o(i.prvTaskExitError) refers to __2printf.o(.text) for __2printf
    port.o(i.prvTaskExitError) refers to port.o(.data) for uxCriticalNesting
    port.o(i.pxPortInitialiseStack) refers to port.o(i.prvTaskExitError) for prvTaskExitError
    port.o(i.vPortEndScheduler) refers to _printf_percent.o(.ARM.Collect$$_printf_percent$$00000000) for _printf_percent
    port.o(i.vPortEndScheduler) refers to _printf_d.o(.ARM.Collect$$_printf_percent$$00000009) for _printf_d
    port.o(i.vPortEndScheduler) refers to _printf_s.o(.ARM.Collect$$_printf_percent$$00000014) for _printf_s
    port.o(i.vPortEndScheduler) refers to _printf_dec.o(.text) for _printf_int_dec
    port.o(i.vPortEndScheduler) refers to _printf_str.o(.text) for _printf_str
    port.o(i.vPortEndScheduler) refers to __2printf.o(.text) for __2printf
    port.o(i.vPortEndScheduler) refers to port.o(.data) for uxCriticalNesting
    port.o(i.vPortEnterCritical) refers to _printf_percent.o(.ARM.Collect$$_printf_percent$$00000000) for _printf_percent
    port.o(i.vPortEnterCritical) refers to _printf_d.o(.ARM.Collect$$_printf_percent$$00000009) for _printf_d
    port.o(i.vPortEnterCritical) refers to _printf_s.o(.ARM.Collect$$_printf_percent$$00000014) for _printf_s
    port.o(i.vPortEnterCritical) refers to _printf_dec.o(.text) for _printf_int_dec
    port.o(i.vPortEnterCritical) refers to _printf_str.o(.text) for _printf_str
    port.o(i.vPortEnterCritical) refers to __2printf.o(.text) for __2printf
    port.o(i.vPortEnterCritical) refers to port.o(.data) for uxCriticalNesting
    port.o(i.vPortExitCritical) refers to _printf_percent.o(.ARM.Collect$$_printf_percent$$00000000) for _printf_percent
    port.o(i.vPortExitCritical) refers to _printf_d.o(.ARM.Collect$$_printf_percent$$00000009) for _printf_d
    port.o(i.vPortExitCritical) refers to _printf_s.o(.ARM.Collect$$_printf_percent$$00000014) for _printf_s
    port.o(i.vPortExitCritical) refers to _printf_dec.o(.text) for _printf_int_dec
    port.o(i.vPortExitCritical) refers to _printf_str.o(.text) for _printf_str
    port.o(i.vPortExitCritical) refers to __2printf.o(.text) for __2printf
    port.o(i.vPortExitCritical) refers to port.o(.data) for uxCriticalNesting
    port.o(i.vPortSetupTimerInterrupt) refers to system_stm32f10x.o(.data) for SystemCoreClock
    port.o(i.vPortValidateInterruptPriority) refers to _printf_percent.o(.ARM.Collect$$_printf_percent$$00000000) for _printf_percent
    port.o(i.vPortValidateInterruptPriority) refers to _printf_d.o(.ARM.Collect$$_printf_percent$$00000009) for _printf_d
    port.o(i.vPortValidateInterruptPriority) refers to _printf_s.o(.ARM.Collect$$_printf_percent$$00000014) for _printf_s
    port.o(i.vPortValidateInterruptPriority) refers to _printf_dec.o(.text) for _printf_int_dec
    port.o(i.vPortValidateInterruptPriority) refers to _printf_str.o(.text) for _printf_str
    port.o(i.vPortValidateInterruptPriority) refers to port.o(.emb_text) for vPortGetIPSR
    port.o(i.vPortValidateInterruptPriority) refers to __2printf.o(.text) for __2printf
    port.o(i.vPortValidateInterruptPriority) refers to port.o(.data) for ucMaxSysCallPriority
    port.o(i.xPortStartScheduler) refers to _printf_percent.o(.ARM.Collect$$_printf_percent$$00000000) for _printf_percent
    port.o(i.xPortStartScheduler) refers to _printf_d.o(.ARM.Collect$$_printf_percent$$00000009) for _printf_d
    port.o(i.xPortStartScheduler) refers to _printf_s.o(.ARM.Collect$$_printf_percent$$00000014) for _printf_s
    port.o(i.xPortStartScheduler) refers to _printf_dec.o(.text) for _printf_int_dec
    port.o(i.xPortStartScheduler) refers to _printf_str.o(.text) for _printf_str
    port.o(i.xPortStartScheduler) refers to __2printf.o(.text) for __2printf
    port.o(i.xPortStartScheduler) refers to port.o(i.vPortSetupTimerInterrupt) for vPortSetupTimerInterrupt
    port.o(i.xPortStartScheduler) refers to port.o(.emb_text) for __asm___6_port_c_39a90d8d__prvStartFirstTask
    port.o(i.xPortStartScheduler) refers to port.o(.data) for ucMaxSysCallPriority
    port.o(i.xPortSysTickHandler) refers to tasks.o(i.xTaskIncrementTick) for xTaskIncrementTick
    heap_4.o(i.prvHeapInit) refers to heap_4.o(.bss) for ucHeap
    heap_4.o(i.prvHeapInit) refers to heap_4.o(.data) for xStart
    heap_4.o(i.prvInsertBlockIntoFreeList) refers to heap_4.o(.data) for xStart
    heap_4.o(i.pvPortCalloc) refers to heap_4.o(i.pvPortMalloc) for pvPortMalloc
    heap_4.o(i.pvPortCalloc) refers to rt_memclr.o(.text) for __aeabi_memclr
    heap_4.o(i.pvPortMalloc) refers to _printf_percent.o(.ARM.Collect$$_printf_percent$$00000000) for _printf_percent
    heap_4.o(i.pvPortMalloc) refers to _printf_d.o(.ARM.Collect$$_printf_percent$$00000009) for _printf_d
    heap_4.o(i.pvPortMalloc) refers to _printf_s.o(.ARM.Collect$$_printf_percent$$00000014) for _printf_s
    heap_4.o(i.pvPortMalloc) refers to _printf_dec.o(.text) for _printf_int_dec
    heap_4.o(i.pvPortMalloc) refers to _printf_str.o(.text) for _printf_str
    heap_4.o(i.pvPortMalloc) refers to tasks.o(i.vTaskSuspendAll) for vTaskSuspendAll
    heap_4.o(i.pvPortMalloc) refers to heap_4.o(i.prvHeapInit) for prvHeapInit
    heap_4.o(i.pvPortMalloc) refers to __2printf.o(.text) for __2printf
    heap_4.o(i.pvPortMalloc) refers to heap_4.o(i.prvInsertBlockIntoFreeList) for prvInsertBlockIntoFreeList
    heap_4.o(i.pvPortMalloc) refers to tasks.o(i.xTaskResumeAll) for xTaskResumeAll
    heap_4.o(i.pvPortMalloc) refers to heap_4.o(.data) for pxEnd
    heap_4.o(i.vPortFree) refers to _printf_percent.o(.ARM.Collect$$_printf_percent$$00000000) for _printf_percent
    heap_4.o(i.vPortFree) refers to _printf_d.o(.ARM.Collect$$_printf_percent$$00000009) for _printf_d
    heap_4.o(i.vPortFree) refers to _printf_s.o(.ARM.Collect$$_printf_percent$$00000014) for _printf_s
    heap_4.o(i.vPortFree) refers to _printf_dec.o(.text) for _printf_int_dec
    heap_4.o(i.vPortFree) refers to _printf_str.o(.text) for _printf_str
    heap_4.o(i.vPortFree) refers to __2printf.o(.text) for __2printf
    heap_4.o(i.vPortFree) refers to tasks.o(i.vTaskSuspendAll) for vTaskSuspendAll
    heap_4.o(i.vPortFree) refers to heap_4.o(i.prvInsertBlockIntoFreeList) for prvInsertBlockIntoFreeList
    heap_4.o(i.vPortFree) refers to tasks.o(i.xTaskResumeAll) for xTaskResumeAll
    heap_4.o(i.vPortFree) refers to heap_4.o(.data) for xFreeBytesRemaining
    heap_4.o(i.vPortGetHeapStats) refers to tasks.o(i.vTaskSuspendAll) for vTaskSuspendAll
    heap_4.o(i.vPortGetHeapStats) refers to tasks.o(i.xTaskResumeAll) for xTaskResumeAll
    heap_4.o(i.vPortGetHeapStats) refers to port.o(i.vPortEnterCritical) for vPortEnterCritical
    heap_4.o(i.vPortGetHeapStats) refers to port.o(i.vPortExitCritical) for vPortExitCritical
    heap_4.o(i.vPortGetHeapStats) refers to heap_4.o(.data) for xStart
    heap_4.o(i.xPortGetFreeHeapSize) refers to heap_4.o(.data) for xFreeBytesRemaining
    heap_4.o(i.xPortGetMinimumEverFreeHeapSize) refers to heap_4.o(.data) for xMinimumEverFreeBytesRemaining
    key.o(i.Key_GetNum) refers to stm32f10x_gpio.o(i.GPIO_ReadInputDataBit) for GPIO_ReadInputDataBit
    key.o(i.Key_GetNum) refers to delay.o(i.Delay_ms) for Delay_ms
    key.o(i.Key_Init) refers to stm32f10x_rcc.o(i.RCC_APB2PeriphClockCmd) for RCC_APB2PeriphClockCmd
    key.o(i.Key_Init) refers to stm32f10x_gpio.o(i.GPIO_Init) for GPIO_Init
    led.o(i.LED1_OFF) refers to stm32f10x_gpio.o(i.GPIO_SetBits) for GPIO_SetBits
    led.o(i.LED1_ON) refers to stm32f10x_gpio.o(i.GPIO_ResetBits) for GPIO_ResetBits
    led.o(i.LED1_Turn) refers to stm32f10x_gpio.o(i.GPIO_ReadInputDataBit) for GPIO_ReadInputDataBit
    led.o(i.LED1_Turn) refers to stm32f10x_gpio.o(i.GPIO_SetBits) for GPIO_SetBits
    led.o(i.LED1_Turn) refers to stm32f10x_gpio.o(i.GPIO_ResetBits) for GPIO_ResetBits
    led.o(i.LED2_OFF) refers to stm32f10x_gpio.o(i.GPIO_SetBits) for GPIO_SetBits
    led.o(i.LED2_ON) refers to stm32f10x_gpio.o(i.GPIO_ResetBits) for GPIO_ResetBits
    led.o(i.LED2_Turn) refers to stm32f10x_gpio.o(i.GPIO_ReadInputDataBit) for GPIO_ReadInputDataBit
    led.o(i.LED2_Turn) refers to stm32f10x_gpio.o(i.GPIO_SetBits) for GPIO_SetBits
    led.o(i.LED2_Turn) refers to stm32f10x_gpio.o(i.GPIO_ResetBits) for GPIO_ResetBits
    led.o(i.LED_Init) refers to stm32f10x_rcc.o(i.RCC_APB2PeriphClockCmd) for RCC_APB2PeriphClockCmd
    led.o(i.LED_Init) refers to stm32f10x_gpio.o(i.GPIO_Init) for GPIO_Init
    led.o(i.LED_Init) refers to stm32f10x_gpio.o(i.GPIO_SetBits) for GPIO_SetBits
    oled.o(i.OLED_Clear) refers to oled.o(i.OLED_SetCursor) for OLED_SetCursor
    oled.o(i.OLED_Clear) refers to oled.o(i.OLED_WriteData) for OLED_WriteData
    oled.o(i.OLED_I2C_Init) refers to stm32f10x_rcc.o(i.RCC_APB2PeriphClockCmd) for RCC_APB2PeriphClockCmd
    oled.o(i.OLED_I2C_Init) refers to stm32f10x_gpio.o(i.GPIO_Init) for GPIO_Init
    oled.o(i.OLED_I2C_Init) refers to stm32f10x_gpio.o(i.GPIO_WriteBit) for GPIO_WriteBit
    oled.o(i.OLED_I2C_SendByte) refers to stm32f10x_gpio.o(i.GPIO_WriteBit) for GPIO_WriteBit
    oled.o(i.OLED_I2C_Start) refers to stm32f10x_gpio.o(i.GPIO_WriteBit) for GPIO_WriteBit
    oled.o(i.OLED_I2C_Stop) refers to stm32f10x_gpio.o(i.GPIO_WriteBit) for GPIO_WriteBit
    oled.o(i.OLED_Init) refers to oled.o(i.OLED_I2C_Init) for OLED_I2C_Init
    oled.o(i.OLED_Init) refers to oled.o(i.OLED_WriteCommand) for OLED_WriteCommand
    oled.o(i.OLED_Init) refers to oled.o(i.OLED_Clear) for OLED_Clear
    oled.o(i.OLED_SetCursor) refers to oled.o(i.OLED_WriteCommand) for OLED_WriteCommand
    oled.o(i.OLED_ShowBinNum) refers to oled.o(i.OLED_Pow) for OLED_Pow
    oled.o(i.OLED_ShowBinNum) refers to oled.o(i.OLED_ShowChar) for OLED_ShowChar
    oled.o(i.OLED_ShowChar) refers to oled.o(i.OLED_SetCursor) for OLED_SetCursor
    oled.o(i.OLED_ShowChar) refers to oled.o(i.OLED_WriteData) for OLED_WriteData
    oled.o(i.OLED_ShowChar) refers to oled.o(.constdata) for OLED_F8x16
    oled.o(i.OLED_ShowHexNum) refers to oled.o(i.OLED_Pow) for OLED_Pow
    oled.o(i.OLED_ShowHexNum) refers to oled.o(i.OLED_ShowChar) for OLED_ShowChar
    oled.o(i.OLED_ShowNum) refers to oled.o(i.OLED_Pow) for OLED_Pow
    oled.o(i.OLED_ShowNum) refers to oled.o(i.OLED_ShowChar) for OLED_ShowChar
    oled.o(i.OLED_ShowSignedNum) refers to oled.o(i.OLED_ShowChar) for OLED_ShowChar
    oled.o(i.OLED_ShowSignedNum) refers to oled.o(i.OLED_Pow) for OLED_Pow
    oled.o(i.OLED_ShowString) refers to oled.o(i.OLED_ShowChar) for OLED_ShowChar
    oled.o(i.OLED_WriteCommand) refers to oled.o(i.OLED_I2C_Start) for OLED_I2C_Start
    oled.o(i.OLED_WriteCommand) refers to oled.o(i.OLED_I2C_SendByte) for OLED_I2C_SendByte
    oled.o(i.OLED_WriteCommand) refers to oled.o(i.OLED_I2C_Stop) for OLED_I2C_Stop
    oled.o(i.OLED_WriteData) refers to oled.o(i.OLED_I2C_Start) for OLED_I2C_Start
    oled.o(i.OLED_WriteData) refers to oled.o(i.OLED_I2C_SendByte) for OLED_I2C_SendByte
    oled.o(i.OLED_WriteData) refers to oled.o(i.OLED_I2C_Stop) for OLED_I2C_Stop
    usart.o(i.USART1_IRQHandler) refers to stm32f10x_usart.o(i.USART_GetITStatus) for USART_GetITStatus
    usart.o(i.USART1_IRQHandler) refers to stm32f10x_usart.o(i.USART_ReceiveData) for USART_ReceiveData
    usart.o(i.USART1_IRQHandler) refers to usart.o(i.USART_SendBit) for USART_SendBit
    usart.o(i.USART1_IRQHandler) refers to usart.o(.data) for r
    usart.o(i.USART1_Init) refers to stm32f10x_rcc.o(i.RCC_APB1PeriphClockCmd) for RCC_APB1PeriphClockCmd
    usart.o(i.USART1_Init) refers to stm32f10x_gpio.o(i.GPIO_Init) for GPIO_Init
    usart.o(i.USART1_Init) refers to stm32f10x_usart.o(i.USART_Init) for USART_Init
    usart.o(i.USART1_Init) refers to stm32f10x_usart.o(i.USART_Cmd) for USART_Cmd
    usart.o(i.USART1_Init) refers to stm32f10x_usart.o(i.USART_ITConfig) for USART_ITConfig
    usart.o(i.USART1_Init) refers to misc.o(i.NVIC_Init) for NVIC_Init
    usart.o(i.USART1_Init) refers to stm32f10x_usart.o(i.USART_ClearFlag) for USART_ClearFlag
    usart.o(i.USART_Printf) refers to c89vsprintf.o(.text) for __c89vsprintf
    usart.o(i.USART_Printf) refers to usart.o(i.USART_SendString) for USART_SendString
    usart.o(i.USART_ReceiveBit) refers to stm32f10x_usart.o(i.USART_GetFlagStatus) for USART_GetFlagStatus
    usart.o(i.USART_ReceiveBit) refers to stm32f10x_usart.o(i.USART_ClearFlag) for USART_ClearFlag
    usart.o(i.USART_ReceiveBit) refers to stm32f10x_usart.o(i.USART_ReceiveData) for USART_ReceiveData
    usart.o(i.USART_SendArray) refers to usart.o(i.USART_SendBit) for USART_SendBit
    usart.o(i.USART_SendBit) refers to stm32f10x_usart.o(i.USART_SendData) for USART_SendData
    usart.o(i.USART_SendBit) refers to stm32f10x_usart.o(i.USART_GetFlagStatus) for USART_GetFlagStatus
    usart.o(i.USART_SendNumber) refers to usart.o(i.Serial_Pow) for Serial_Pow
    usart.o(i.USART_SendNumber) refers to usart.o(i.USART_SendBit) for USART_SendBit
    usart.o(i.USART_SendString) refers to usart.o(i.USART_SendBit) for USART_SendBit
    usart.o(i.USART_SenndPaket) refers to usart.o(i.USART_SendBit) for USART_SendBit
    usart.o(i.USART_SenndPaket) refers to usart.o(i.USART_SendArray) for USART_SendArray
    usart.o(i.USART_SenndPaket) refers to usart.o(.data) for USART_TxPacket
    usart.o(i.fputc) refers to usart.o(i.USART_SendBit) for USART_SendBit
    c89vsprintf.o(.text) refers (Special) to _printf_a.o(.ARM.Collect$$_printf_percent$$00000006) for _printf_a
    c89vsprintf.o(.text) refers (Special) to _printf_c.o(.ARM.Collect$$_printf_percent$$00000013) for _printf_c
    c89vsprintf.o(.text) refers (Special) to _printf_charcount.o(.text) for _printf_charcount
    c89vsprintf.o(.text) refers (Special) to _printf_d.o(.ARM.Collect$$_printf_percent$$00000009) for _printf_d
    c89vsprintf.o(.text) refers (Special) to _printf_e.o(.ARM.Collect$$_printf_percent$$00000004) for _printf_e
    c89vsprintf.o(.text) refers (Special) to _printf_f.o(.ARM.Collect$$_printf_percent$$00000003) for _printf_f
    c89vsprintf.o(.text) refers (Special) to printf1.o(x$fpl$printf1) for _printf_fp_dec
    c89vsprintf.o(.text) refers (Special) to _printf_g.o(.ARM.Collect$$_printf_percent$$00000005) for _printf_g
    c89vsprintf.o(.text) refers (Special) to _printf_i.o(.ARM.Collect$$_printf_percent$$00000008) for _printf_i
    c89vsprintf.o(.text) refers (Special) to _printf_dec.o(.text) for _printf_int_dec
    c89vsprintf.o(.text) refers (Special) to _printf_l.o(.ARM.Collect$$_printf_percent$$00000012) for _printf_l
    c89vsprintf.o(.text) refers (Special) to _printf_lc.o(.ARM.Collect$$_printf_percent$$00000015) for _printf_lc
    c89vsprintf.o(.text) refers (Special) to _printf_ll.o(.ARM.Collect$$_printf_percent$$00000007) for _printf_ll
    c89vsprintf.o(.text) refers (Special) to _printf_lld.o(.ARM.Collect$$_printf_percent$$0000000E) for _printf_lld
    c89vsprintf.o(.text) refers (Special) to _printf_lli.o(.ARM.Collect$$_printf_percent$$0000000D) for _printf_lli
    c89vsprintf.o(.text) refers (Special) to _printf_llo.o(.ARM.Collect$$_printf_percent$$00000010) for _printf_llo
    c89vsprintf.o(.text) refers (Special) to _printf_llu.o(.ARM.Collect$$_printf_percent$$0000000F) for _printf_llu
    c89vsprintf.o(.text) refers (Special) to _printf_llx.o(.ARM.Collect$$_printf_percent$$00000011) for _printf_llx
    c89vsprintf.o(.text) refers (Special) to _printf_longlong_dec.o(.text) for _printf_longlong_dec
    c89vsprintf.o(.text) refers (Special) to _printf_hex_int_ll_ptr.o(.text) for _printf_longlong_hex
    c89vsprintf.o(.text) refers (Special) to _printf_oct_int_ll.o(.text) for _printf_longlong_oct
    c89vsprintf.o(.text) refers (Special) to _printf_ls.o(.ARM.Collect$$_printf_percent$$00000016) for _printf_ls
    c89vsprintf.o(.text) refers (Special) to _printf_n.o(.ARM.Collect$$_printf_percent$$00000001) for _printf_n
    c89vsprintf.o(.text) refers (Special) to _printf_o.o(.ARM.Collect$$_printf_percent$$0000000B) for _printf_o
    c89vsprintf.o(.text) refers (Special) to _printf_p.o(.ARM.Collect$$_printf_percent$$00000002) for _printf_p
    c89vsprintf.o(.text) refers (Special) to _printf_percent.o(.ARM.Collect$$_printf_percent$$00000000) for _printf_percent
    c89vsprintf.o(.text) refers (Special) to _printf_pad.o(.text) for _printf_post_padding
    c89vsprintf.o(.text) refers (Special) to _printf_s.o(.ARM.Collect$$_printf_percent$$00000014) for _printf_s
    c89vsprintf.o(.text) refers (Special) to _printf_str.o(.text) for _printf_str
    c89vsprintf.o(.text) refers (Special) to _printf_truncate.o(.text) for _printf_truncate_signed
    c89vsprintf.o(.text) refers (Special) to _printf_u.o(.ARM.Collect$$_printf_percent$$0000000A) for _printf_u
    c89vsprintf.o(.text) refers (Special) to _printf_wctomb.o(.text) for _printf_wctomb
    c89vsprintf.o(.text) refers (Special) to _printf_x.o(.ARM.Collect$$_printf_percent$$0000000C) for _printf_x
    c89vsprintf.o(.text) refers to _printf_char_common.o(.text) for _printf_char_common
    c89vsprintf.o(.text) refers to _sputc.o(.text) for _sputc
    __2printf.o(.text) refers to _printf_char_file.o(.text) for _printf_char_file
    __2printf.o(.text) refers to stdio_streams.o(.bss) for __stdout
    __2sprintf.o(.text) refers to _printf_char_common.o(.text) for _printf_char_common
    __2sprintf.o(.text) refers to _sputc.o(.text) for _sputc
    noretval__2printf.o(.text) refers to _printf_char_file.o(.text) for _printf_char_file
    noretval__2printf.o(.text) refers to stdio_streams.o(.bss) for __stdout
    noretval__2sprintf.o(.text) refers to _printf_char_common.o(.text) for _printf_char_common
    noretval__2sprintf.o(.text) refers to _sputc.o(.text) for _sputc
    __printf.o(.text) refers to _printf_percent.o(.ARM.Collect$$_printf_percent$$00000000) for _printf_percent
    _printf_str.o(.text) refers (Special) to _printf_char.o(.text) for _printf_cs_common
    _printf_str.o(.text) refers (Weak) to _printf_pad.o(.text) for _printf_pre_padding
    _printf_str.o(.text) refers (Weak) to _printf_pad.o(.text) for _printf_post_padding
    _printf_dec.o(.text) refers (Weak) to _printf_truncate.o(.text) for _printf_truncate_signed
    _printf_dec.o(.text) refers (Weak) to _printf_truncate.o(.text) for _printf_truncate_unsigned
    _printf_dec.o(.text) refers to _printf_intcommon.o(.text) for _printf_int_common
    __printf_flags.o(.text) refers to _printf_percent.o(.ARM.Collect$$_printf_percent$$00000000) for _printf_percent
    __printf_flags.o(.text) refers to __printf_flags.o(.constdata) for .constdata
    __printf_ss.o(.text) refers to _printf_percent.o(.ARM.Collect$$_printf_percent$$00000000) for _printf_percent
    __printf_flags_ss.o(.text) refers to _printf_percent.o(.ARM.Collect$$_printf_percent$$00000000) for _printf_percent
    __printf_flags_ss.o(.text) refers to __printf_flags_ss.o(.constdata) for .constdata
    __printf_wp.o(.text) refers to __printf_wp.o(i._is_digit) for _is_digit
    __printf_wp.o(.text) refers to _printf_percent.o(.ARM.Collect$$_printf_percent$$00000000) for _printf_percent
    __printf_flags_wp.o(.text) refers to __printf_wp.o(i._is_digit) for _is_digit
    __printf_flags_wp.o(.text) refers to _printf_percent.o(.ARM.Collect$$_printf_percent$$00000000) for _printf_percent
    __printf_flags_wp.o(.text) refers to __printf_flags_wp.o(.constdata) for .constdata
    __printf_ss_wp.o(.text) refers to __printf_wp.o(i._is_digit) for _is_digit
    __printf_ss_wp.o(.text) refers to _printf_percent.o(.ARM.Collect$$_printf_percent$$00000000) for _printf_percent
    __printf_flags_ss_wp.o(.text) refers to __printf_wp.o(i._is_digit) for _is_digit
    __printf_flags_ss_wp.o(.text) refers to _printf_percent.o(.ARM.Collect$$_printf_percent$$00000000) for _printf_percent
    __printf_flags_ss_wp.o(.text) refers to __printf_flags_ss_wp.o(.constdata) for .constdata
    _printf_c.o(.ARM.Collect$$_printf_percent$$00000013) refers (Weak) to _printf_char.o(.text) for _printf_char
    _printf_s.o(.ARM.Collect$$_printf_percent$$00000014) refers (Weak) to _printf_char.o(.text) for _printf_string
    _printf_d.o(.ARM.Collect$$_printf_percent$$00000009) refers (Weak) to _printf_dec.o(.text) for _printf_int_dec
    _printf_u.o(.ARM.Collect$$_printf_percent$$0000000A) refers (Weak) to _printf_dec.o(.text) for _printf_int_dec
    _printf_percent.o(.ARM.Collect$$_printf_percent$$00000000) refers (Special) to _printf_percent_end.o(.ARM.Collect$$_printf_percent$$00000017) for _printf_percent_end
    rt_memcpy_v6.o(.text) refers to rt_memcpy_w.o(.text) for __aeabi_memcpy4
    memset.o(.text) refers to rt_memclr.o(.text) for _memset
    aeabi_memset.o(.text) refers to rt_memclr.o(.text) for _memset
    rt_memclr.o(.text) refers to rt_memclr_w.o(.text) for _memset_w
    __main.o(!!!main) refers to __rtentry.o(.ARM.Collect$$rtentry$$00000000) for __rt_entry
    __rtentry.o(.ARM.Collect$$rtentry$$00000000) refers (Special) to __rtentry2.o(.ARM.Collect$$rtentry$$0000000A) for __rt_entry_li
    __rtentry.o(.ARM.Collect$$rtentry$$00000000) refers (Special) to __rtentry2.o(.ARM.Collect$$rtentry$$0000000D) for __rt_entry_main
    __rtentry.o(.ARM.Collect$$rtentry$$00000000) refers (Special) to __rtentry2.o(.ARM.Collect$$rtentry$$0000000C) for __rt_entry_postli_1
    __rtentry.o(.ARM.Collect$$rtentry$$00000000) refers (Special) to __rtentry2.o(.ARM.Collect$$rtentry$$00000009) for __rt_entry_postsh_1
    __rtentry.o(.ARM.Collect$$rtentry$$00000000) refers (Special) to __rtentry2.o(.ARM.Collect$$rtentry$$00000002) for __rt_entry_presh_1
    __rtentry.o(.ARM.Collect$$rtentry$$00000000) refers (Special) to __rtentry4.o(.ARM.Collect$$rtentry$$00000004) for __rt_entry_sh
    _printf_intcommon.o(.text) refers (Weak) to _printf_pad.o(.text) for _printf_pre_padding
    _printf_intcommon.o(.text) refers (Weak) to _printf_pad.o(.text) for _printf_pre_padding
    _printf_intcommon.o(.text) refers (Weak) to _printf_pad.o(.text) for _printf_post_padding
    _printf_char_common.o(.text) refers to __printf_flags_ss_wp.o(.text) for __printf
    _printf_char.o(.text) refers (Weak) to _printf_str.o(.text) for _printf_str
    _printf_char_file.o(.text) refers to _printf_char_common.o(.text) for _printf_char_common
    _printf_char_file.o(.text) refers to ferror.o(.text) for ferror
    _printf_char_file.o(.text) refers to usart.o(i.fputc) for fputc
    _printf_wctomb.o(.text) refers (Special) to _printf_wchar.o(.text) for _printf_lcs_common
    _printf_wctomb.o(.text) refers to _wcrtomb.o(.text) for _wcrtomb
    _printf_wctomb.o(.text) refers (Weak) to _printf_pad.o(.text) for _printf_pre_padding
    _printf_wctomb.o(.text) refers (Weak) to _printf_pad.o(.text) for _printf_post_padding
    _printf_wctomb.o(.text) refers to _printf_wctomb.o(.constdata) for .constdata
    _printf_wctomb.o(.constdata) refers (Special) to _printf_wchar.o(.text) for _printf_lcs_common
    _printf_longlong_dec.o(.text) refers to lludiv10.o(.text) for _ll_udiv10
    _printf_longlong_dec.o(.text) refers to _printf_intcommon.o(.text) for _printf_int_common
    _printf_oct_ll.o(.text) refers to _printf_intcommon.o(.text) for _printf_int_common
    _printf_oct_int.o(.text) refers (Weak) to _printf_truncate.o(.text) for _printf_truncate_unsigned
    _printf_oct_int.o(.text) refers to _printf_intcommon.o(.text) for _printf_int_common
    _printf_oct_int_ll.o(.text) refers to _printf_intcommon.o(.text) for _printf_int_common
    _printf_oct_int_ll.o(.text) refers (Weak) to _printf_truncate.o(.text) for _printf_truncate_unsigned
    _printf_hex_ll.o(.text) refers to _printf_intcommon.o(.text) for _printf_int_common
    _printf_hex_ll.o(.text) refers to _printf_hex_ll.o(.constdata) for .constdata
    _printf_hex_int.o(.text) refers (Weak) to _printf_truncate.o(.text) for _printf_truncate_unsigned
    _printf_hex_int.o(.text) refers to _printf_intcommon.o(.text) for _printf_int_common
    _printf_hex_int.o(.text) refers to _printf_hex_int.o(.constdata) for .constdata
    _printf_hex_int_ll.o(.text) refers to _printf_intcommon.o(.text) for _printf_int_common
    _printf_hex_int_ll.o(.text) refers (Weak) to _printf_truncate.o(.text) for _printf_truncate_unsigned
    _printf_hex_int_ll.o(.text) refers to _printf_hex_int_ll.o(.constdata) for .constdata
    _printf_hex_ptr.o(.text) refers to _printf_intcommon.o(.text) for _printf_int_common
    _printf_hex_ptr.o(.text) refers to _printf_hex_ptr.o(.constdata) for .constdata
    _printf_hex_int_ptr.o(.text) refers to _printf_intcommon.o(.text) for _printf_int_common
    _printf_hex_int_ptr.o(.text) refers (Weak) to _printf_truncate.o(.text) for _printf_truncate_unsigned
    _printf_hex_int_ptr.o(.text) refers to _printf_hex_int_ptr.o(.constdata) for .constdata
    _printf_hex_ll_ptr.o(.text) refers to _printf_intcommon.o(.text) for _printf_int_common
    _printf_hex_ll_ptr.o(.text) refers to _printf_hex_ll_ptr.o(.constdata) for .constdata
    _printf_hex_int_ll_ptr.o(.text) refers to _printf_intcommon.o(.text) for _printf_int_common
    _printf_hex_int_ll_ptr.o(.text) refers (Weak) to _printf_truncate.o(.text) for _printf_truncate_unsigned
    _printf_hex_int_ll_ptr.o(.text) refers to _printf_hex_int_ll_ptr.o(.constdata) for .constdata
    _printf_n.o(.ARM.Collect$$_printf_percent$$00000001) refers (Weak) to _printf_charcount.o(.text) for _printf_charcount
    _printf_x.o(.ARM.Collect$$_printf_percent$$0000000C) refers (Weak) to _printf_hex_int_ll_ptr.o(.text) for _printf_int_hex
    _printf_p.o(.ARM.Collect$$_printf_percent$$00000002) refers (Weak) to _printf_hex_int_ll_ptr.o(.text) for _printf_hex_ptr
    _printf_o.o(.ARM.Collect$$_printf_percent$$0000000B) refers (Weak) to _printf_oct_int_ll.o(.text) for _printf_int_oct
    _printf_i.o(.ARM.Collect$$_printf_percent$$00000008) refers (Weak) to _printf_dec.o(.text) for _printf_int_dec
    _printf_f.o(.ARM.Collect$$_printf_percent$$00000003) refers (Weak) to printf1.o(x$fpl$printf1) for _printf_fp_dec
    _printf_e.o(.ARM.Collect$$_printf_percent$$00000004) refers (Weak) to printf1.o(x$fpl$printf1) for _printf_fp_dec
    _printf_g.o(.ARM.Collect$$_printf_percent$$00000005) refers (Weak) to printf1.o(x$fpl$printf1) for _printf_fp_dec
    _printf_lli.o(.ARM.Collect$$_printf_percent$$0000000D) refers (Special) to _printf_ll.o(.ARM.Collect$$_printf_percent$$00000007) for _printf_ll
    _printf_lli.o(.ARM.Collect$$_printf_percent$$0000000D) refers (Weak) to _printf_longlong_dec.o(.text) for _printf_longlong_dec
    _printf_lld.o(.ARM.Collect$$_printf_percent$$0000000E) refers (Special) to _printf_ll.o(.ARM.Collect$$_printf_percent$$00000007) for _printf_ll
    _printf_lld.o(.ARM.Collect$$_printf_percent$$0000000E) refers (Weak) to _printf_longlong_dec.o(.text) for _printf_longlong_dec
    _printf_llu.o(.ARM.Collect$$_printf_percent$$0000000F) refers (Special) to _printf_ll.o(.ARM.Collect$$_printf_percent$$00000007) for _printf_ll
    _printf_llu.o(.ARM.Collect$$_printf_percent$$0000000F) refers (Weak) to _printf_longlong_dec.o(.text) for _printf_longlong_dec
    _printf_lc.o(.ARM.Collect$$_printf_percent$$00000015) refers (Special) to _printf_l.o(.ARM.Collect$$_printf_percent$$00000012) for _printf_l
    _printf_lc.o(.ARM.Collect$$_printf_percent$$00000015) refers (Weak) to _printf_wchar.o(.text) for _printf_wchar
    _printf_ls.o(.ARM.Collect$$_printf_percent$$00000016) refers (Special) to _printf_l.o(.ARM.Collect$$_printf_percent$$00000012) for _printf_l
    _printf_ls.o(.ARM.Collect$$_printf_percent$$00000016) refers (Weak) to _printf_wchar.o(.text) for _printf_wstring
    _printf_llo.o(.ARM.Collect$$_printf_percent$$00000010) refers (Special) to _printf_ll.o(.ARM.Collect$$_printf_percent$$00000007) for _printf_ll
    _printf_llo.o(.ARM.Collect$$_printf_percent$$00000010) refers (Weak) to _printf_oct_int_ll.o(.text) for _printf_ll_oct
    _printf_llx.o(.ARM.Collect$$_printf_percent$$00000011) refers (Special) to _printf_ll.o(.ARM.Collect$$_printf_percent$$00000007) for _printf_ll
    _printf_llx.o(.ARM.Collect$$_printf_percent$$00000011) refers (Weak) to _printf_hex_int_ll_ptr.o(.text) for _printf_ll_hex
    stdio_streams.o(.bss) refers (Special) to initio.o(.text) for _initio
    stdio_streams.o(.bss) refers (Special) to initio.o(.text) for _initio
    stdio_streams.o(.bss) refers (Special) to initio.o(.text) for _initio
    stdio_streams.o(.data) refers (Special) to initio.o(.text) for _initio
    stdio_streams.o(.data) refers (Special) to initio.o(.text) for _initio
    stdio_streams.o(.data) refers (Special) to initio.o(.text) for _initio
    printf1.o(x$fpl$printf1) refers to _printf_fp_dec.o(.text) for _printf_fp_dec_real
    __rtentry2.o(.ARM.Collect$$rtentry$$00000008) refers to boardinit2.o(.text) for _platform_post_stackheap_init
    __rtentry2.o(.ARM.Collect$$rtentry$$0000000A) refers to libinit.o(.ARM.Collect$$libinit$$00000000) for __rt_lib_init
    __rtentry2.o(.ARM.Collect$$rtentry$$0000000B) refers to boardinit3.o(.text) for _platform_post_lib_init
    __rtentry2.o(.ARM.Collect$$rtentry$$0000000D) refers to main.o(i.main) for main
    __rtentry2.o(.ARM.Collect$$rtentry$$0000000D) refers to exit.o(.text) for exit
    __rtentry2.o(.ARM.exidx) refers to __rtentry2.o(.ARM.Collect$$rtentry$$00000001) for .ARM.Collect$$rtentry$$00000001
    __rtentry2.o(.ARM.exidx) refers to __rtentry2.o(.ARM.Collect$$rtentry$$00000008) for .ARM.Collect$$rtentry$$00000008
    __rtentry2.o(.ARM.exidx) refers to __rtentry2.o(.ARM.Collect$$rtentry$$0000000A) for .ARM.Collect$$rtentry$$0000000A
    __rtentry2.o(.ARM.exidx) refers to __rtentry2.o(.ARM.Collect$$rtentry$$0000000B) for .ARM.Collect$$rtentry$$0000000B
    __rtentry2.o(.ARM.exidx) refers to __rtentry2.o(.ARM.Collect$$rtentry$$0000000D) for .ARM.Collect$$rtentry$$0000000D
    __rtentry4.o(.ARM.Collect$$rtentry$$00000004) refers to sys_stackheap_outer.o(.text) for __user_setup_stackheap
    __rtentry4.o(.ARM.exidx) refers to __rtentry4.o(.ARM.Collect$$rtentry$$00000004) for .ARM.Collect$$rtentry$$00000004
    _printf_fp_dec.o(.text) refers (Special) to usenofp.o(x$fpl$usenofp) for __I$use$fp
    _printf_fp_dec.o(.text) refers (Special) to lc_numeric_c.o(locale$$code) for _get_lc_numeric
    _printf_fp_dec.o(.text) refers to bigflt0.o(.text) for _btod_etento
    _printf_fp_dec.o(.text) refers to btod.o(CL$$btod_d2e) for _btod_d2e
    _printf_fp_dec.o(.text) refers to btod.o(CL$$btod_ediv) for _btod_ediv
    _printf_fp_dec.o(.text) refers to btod.o(CL$$btod_emul) for _btod_emul
    _printf_fp_dec.o(.text) refers to lludiv10.o(.text) for _ll_udiv10
    _printf_fp_dec.o(.text) refers to fpclassify.o(i.__ARM_fpclassify) for __ARM_fpclassify
    _printf_fp_dec.o(.text) refers to _printf_fp_infnan.o(.text) for _printf_fp_infnan
    _printf_fp_dec.o(.text) refers (Weak) to _printf_pad.o(.text) for _printf_pre_padding
    _printf_fp_dec.o(.text) refers (Weak) to _printf_pad.o(.text) for _printf_pre_padding
    _printf_fp_dec.o(.text) refers to rt_locale_intlibspace.o(.text) for __rt_locale
    _printf_fp_dec.o(.text) refers (Weak) to _printf_pad.o(.text) for _printf_post_padding
    _printf_wchar.o(.text) refers (Weak) to _printf_wctomb.o(.text) for _printf_wctomb
    initio.o(.text) refers (Special) to libinit2.o(.ARM.Collect$$libinit$$00000024) for __rt_lib_init_stdio_2
    initio.o(.text) refers (Special) to libshutdown2.o(.ARM.Collect$$libshutdown$$00000005) for __rt_lib_shutdown_stdio_2
    initio.o(.text) refers to rt_memclr_w.o(.text) for __aeabi_memclr4
    initio.o(.text) refers to fopen.o(.text) for freopen
    initio.o(.text) refers to defsig_rtred_outer.o(.text) for __rt_SIGRTRED
    initio.o(.text) refers to setvbuf.o(.text) for setvbuf
    initio.o(.text) refers to fclose.o(.text) for _fclose_internal
    initio.o(.text) refers to h1_free.o(.text) for free
    initio.o(.text) refers to stdio_streams.o(.bss) for __stdin
    initio.o(.text) refers to stdio_streams.o(.bss) for __stdout
    initio.o(.text) refers to stdio_streams.o(.bss) for __stderr
    initio.o(.text) refers to stdio_streams.o(.data) for __aeabi_stdin
    initio.o(.text) refers to stdio_streams.o(.data) for __aeabi_stdout
    initio.o(.text) refers to stdio_streams.o(.data) for __aeabi_stderr
    initio.o(.text) refers to sys_io.o(.constdata) for __stdin_name
    initio.o(.text) refers to sys_io.o(.constdata) for __stdout_name
    initio.o(.text) refers to sys_io.o(.constdata) for __stderr_name
    initio_locked.o(.text) refers (Special) to libinit2.o(.ARM.Collect$$libinit$$00000024) for __rt_lib_init_stdio_2
    initio_locked.o(.text) refers (Special) to libshutdown2.o(.ARM.Collect$$libshutdown$$00000005) for __rt_lib_shutdown_stdio_2
    initio_locked.o(.text) refers to rt_memclr_w.o(.text) for __aeabi_memclr4
    initio_locked.o(.text) refers to fopen.o(.text) for freopen
    initio_locked.o(.text) refers to defsig_rtred_outer.o(.text) for __rt_SIGRTRED
    initio_locked.o(.text) refers to setvbuf.o(.text) for setvbuf
    initio_locked.o(.text) refers to fclose.o(.text) for _fclose_internal
    initio_locked.o(.text) refers to h1_free.o(.text) for free
    initio_locked.o(.text) refers to stdio_streams.o(.bss) for __stdin
    initio_locked.o(.text) refers to stdio_streams.o(.bss) for __stdout
    initio_locked.o(.text) refers to stdio_streams.o(.bss) for __stderr
    initio_locked.o(.text) refers to stdio_streams.o(.data) for __aeabi_stdin
    initio_locked.o(.text) refers to stdio_streams.o(.data) for __aeabi_stdout
    initio_locked.o(.text) refers to stdio_streams.o(.data) for __aeabi_stderr
    initio_locked.o(.text) refers to streamlock.o(.data) for _stream_list_lock
    initio_locked.o(.text) refers to sys_io.o(.constdata) for __stdin_name
    initio_locked.o(.text) refers to sys_io.o(.constdata) for __stdout_name
    initio_locked.o(.text) refers to sys_io.o(.constdata) for __stderr_name
    _wcrtomb.o(.text) refers to rt_ctype_table.o(.text) for __rt_ctype_table
    sys_io.o(.text) refers (Special) to use_no_semi.o(.text) for __I$use$semihosting
    sys_io.o(.text) refers (Special) to indicate_semi.o(.text) for __semihosting_library_function
    sys_io.o(.text) refers to strlen.o(.text) for strlen
    sys_io.o(.constdata) refers (Special) to use_no_semi.o(.text) for __I$use$semihosting
    sys_io.o(.constdata) refers (Special) to indicate_semi.o(.text) for __semihosting_library_function
    sys_io.o(.constdata) refers (Special) to use_no_semi.o(.text) for __I$use$semihosting
    sys_io.o(.constdata) refers (Special) to indicate_semi.o(.text) for __semihosting_library_function
    sys_io.o(.constdata) refers (Special) to use_no_semi.o(.text) for __I$use$semihosting
    sys_io.o(.constdata) refers (Special) to indicate_semi.o(.text) for __semihosting_library_function
    sys_stackheap_outer.o(.text) refers to libspace.o(.text) for __user_perproc_libspace
    sys_stackheap_outer.o(.text) refers to startup_stm32f10x_md.o(.text) for __user_initial_stackheap
    rt_ctype_table.o(.text) refers to rt_locale_intlibspace.o(.text) for __rt_locale
    rt_ctype_table.o(.text) refers to lc_ctype_c.o(locale$$code) for _get_lc_ctype
    rt_locale.o(.text) refers to rt_locale.o(.bss) for __rt_locale_data
    rt_locale_intlibspace.o(.text) refers to libspace.o(.bss) for __libspace_start
    free.o(.text) refers (Special) to hguard.o(.text) for __heap$guard
    free.o(.text) refers to rt_heap_descriptor_intlibspace.o(.text) for __rt_heap_descriptor
    free.o(.text) refers to heapstubs.o(.text) for __Heap_Free
    h1_free.o(.text) refers to rt_heap_descriptor_intlibspace.o(.text) for __rt_heap_descriptor
    h1_free_mt.o(.text) refers to rt_heap_descriptor_intlibspace.o(.text) for __rt_heap_descriptor
    heap2.o(i._FDIterate) refers to heap2.o(.conststring) for .conststring
    heap2.o(i.___Heap_ProvideMemory$realtime) refers to fdtree.o(i._FDTree_Delete) for _FDTree_Delete
    heap2.o(i.___Heap_ProvideMemory$realtime) refers to fdtree.o(i._FDTree_Insert) for _FDTree_Insert
    heap2.o(i.___Heap_Stats$realtime) refers to heap2.o(i._Heap2_StatsIterate) for _Heap2_StatsIterate
    heap2.o(i.___Heap_Valid$realtime) refers to heap2.o(i._FDIterate) for _FDIterate
    heap2.o(i.___Heap_Valid$realtime) refers to heap2.o(.conststring) for .conststring
    heap2.o(i._free$realtime) refers to rt_heap_descriptor_intlibspace.o(.text) for __rt_heap_descriptor
    heap2.o(i._free$realtime) refers to fdtree.o(i._FDTree_Delete) for _FDTree_Delete
    heap2.o(i._free$realtime) refers to fdtree.o(i._FDTree_Insert) for _FDTree_Insert
    heap2.o(i._malloc$realtime) refers to rt_heap_descriptor_intlibspace.o(.text) for __rt_heap_descriptor
    heap2.o(i._malloc$realtime) refers to fdtree.o(i._FDTree_FindFirst) for _FDTree_FindFirst
    heap2.o(i._malloc$realtime) refers to init_alloc.o(.text) for __Heap_Full
    heap2.o(i._malloc$realtime) refers to fdtree.o(i._FDTree_RemoveNode) for _FDTree_RemoveNode
    heap2.o(i._malloc$realtime) refers to fdtree.o(i._FDTree_Insert) for _FDTree_Insert
    heap2.o(i._posix_memalign$realtime) refers to rt_heap_descriptor_intlibspace.o(.text) for __rt_heap_descriptor
    heap2.o(i._posix_memalign$realtime) refers to fdtree.o(i._FDTree_FindFirst) for _FDTree_FindFirst
    heap2.o(i._posix_memalign$realtime) refers to init_alloc.o(.text) for __Heap_Full
    heap2.o(i._posix_memalign$realtime) refers to fdtree.o(i._FDTree_RemoveNode) for _FDTree_RemoveNode
    heap2.o(i._posix_memalign$realtime) refers to fdtree.o(i._FDTree_Insert) for _FDTree_Insert
    heap2.o(i._realloc$realtime) refers to rt_heap_descriptor_intlibspace.o(.text) for __rt_heap_descriptor
    heap2.o(i._realloc$realtime) refers to fdtree.o(i._FDTree_Insert) for _FDTree_Insert
    heap2.o(i._realloc$realtime) refers to h1_free.o(.text) for free
    heap2.o(i._realloc$realtime) refers to h1_alloc.o(.text) for malloc
    heap2.o(i._realloc$realtime) refers to fdtree.o(i._FDTree_Delete) for _FDTree_Delete
    heap2.o(i._realloc$realtime) refers to rt_memcpy_w.o(.text) for __aeabi_memcpy4
    heap2mt.o(i._FDIterate) refers to heap2mt.o(.conststring) for .conststring
    heap2mt.o(i.___Heap_Initialize$realtime$concurrent) refers to mutex_dummy.o(.text) for _mutex_initialize
    heap2mt.o(i.___Heap_ProvideMemory$realtime$concurrent) refers to fdtree.o(i._FDTree_Delete) for _FDTree_Delete
    heap2mt.o(i.___Heap_ProvideMemory$realtime$concurrent) refers to fdtree.o(i._FDTree_Insert) for _FDTree_Insert
    heap2mt.o(i.___Heap_Stats$realtime$concurrent) refers to heap2mt.o(i._Heap2_StatsIterate) for _Heap2_StatsIterate
    heap2mt.o(i.___Heap_Valid$realtime$concurrent) refers to heap2mt.o(i._FDIterate) for _FDIterate
    heap2mt.o(i.___Heap_Valid$realtime$concurrent) refers to heap2mt.o(.conststring) for .conststring
    heap2mt.o(i._free$realtime$concurrent) refers to rt_heap_descriptor_intlibspace.o(.text) for __rt_heap_descriptor
    heap2mt.o(i._free$realtime$concurrent) refers to fdtree.o(i._FDTree_Delete) for _FDTree_Delete
    heap2mt.o(i._free$realtime$concurrent) refers to fdtree.o(i._FDTree_Insert) for _FDTree_Insert
    heap2mt.o(i._malloc$realtime$concurrent) refers to rt_heap_descriptor_intlibspace.o(.text) for __rt_heap_descriptor
    heap2mt.o(i._malloc$realtime$concurrent) refers to fdtree.o(i._FDTree_FindFirst) for _FDTree_FindFirst
    heap2mt.o(i._malloc$realtime$concurrent) refers to init_alloc.o(.text) for __Heap_Full
    heap2mt.o(i._malloc$realtime$concurrent) refers to fdtree.o(i._FDTree_RemoveNode) for _FDTree_RemoveNode
    heap2mt.o(i._malloc$realtime$concurrent) refers to fdtree.o(i._FDTree_Insert) for _FDTree_Insert
    heap2mt.o(i._posix_memalign$realtime$concurrent) refers to rt_heap_descriptor_intlibspace.o(.text) for __rt_heap_descriptor
    heap2mt.o(i._posix_memalign$realtime$concurrent) refers to fdtree.o(i._FDTree_FindFirst) for _FDTree_FindFirst
    heap2mt.o(i._posix_memalign$realtime$concurrent) refers to init_alloc.o(.text) for __Heap_Full
    heap2mt.o(i._posix_memalign$realtime$concurrent) refers to fdtree.o(i._FDTree_RemoveNode) for _FDTree_RemoveNode
    heap2mt.o(i._posix_memalign$realtime$concurrent) refers to fdtree.o(i._FDTree_Insert) for _FDTree_Insert
    heap2mt.o(i._realloc$realtime$concurrent) refers to rt_heap_descriptor_intlibspace.o(.text) for __rt_heap_descriptor
    heap2mt.o(i._realloc$realtime$concurrent) refers to fdtree.o(i._FDTree_Insert) for _FDTree_Insert
    heap2mt.o(i._realloc$realtime$concurrent) refers to h1_free.o(.text) for free
    heap2mt.o(i._realloc$realtime$concurrent) refers to h1_alloc.o(.text) for malloc
    heap2mt.o(i._realloc$realtime$concurrent) refers to fdtree.o(i._FDTree_Delete) for _FDTree_Delete
    heap2mt.o(i._realloc$realtime$concurrent) refers to rt_memcpy_w.o(.text) for __aeabi_memcpy4
    _printf_fp_infnan.o(.text) refers (Weak) to _printf_pad.o(.text) for _printf_pre_padding
    _printf_fp_infnan.o(.text) refers (Weak) to _printf_pad.o(.text) for _printf_post_padding
    bigflt0.o(.text) refers (Special) to usenofp.o(x$fpl$usenofp) for __I$use$fp
    bigflt0.o(.text) refers to btod.o(CL$$btod_emul) for _btod_emul
    bigflt0.o(.text) refers to btod.o(CL$$btod_ediv) for _btod_ediv
    bigflt0.o(.text) refers to bigflt0.o(.constdata) for .constdata
    bigflt0.o(.constdata) refers (Special) to usenofp.o(x$fpl$usenofp) for __I$use$fp
    btod.o(CL$$btod_d2e) refers (Special) to usenofp.o(x$fpl$usenofp) for __I$use$fp
    btod.o(CL$$btod_d2e) refers to btod.o(CL$$btod_d2e_norm_op1) for _d2e_norm_op1
    btod.o(CL$$btod_d2e_norm_op1) refers (Special) to usenofp.o(x$fpl$usenofp) for __I$use$fp
    btod.o(CL$$btod_d2e_norm_op1) refers to btod.o(CL$$btod_d2e_denorm_low) for _d2e_denorm_low
    btod.o(CL$$btod_d2e_denorm_low) refers (Special) to usenofp.o(x$fpl$usenofp) for __I$use$fp
    btod.o(CL$$btod_emul) refers (Special) to usenofp.o(x$fpl$usenofp) for __I$use$fp
    btod.o(CL$$btod_emul) refers to btod.o(CL$$btod_mult_common) for __btod_mult_common
    btod.o(CL$$btod_emul) refers to btod.o(CL$$btod_e2e) for _e2e
    btod.o(CL$$btod_ediv) refers (Special) to usenofp.o(x$fpl$usenofp) for __I$use$fp
    btod.o(CL$$btod_ediv) refers to btod.o(CL$$btod_div_common) for __btod_div_common
    btod.o(CL$$btod_ediv) refers to btod.o(CL$$btod_e2e) for _e2e
    btod.o(CL$$btod_emuld) refers (Special) to usenofp.o(x$fpl$usenofp) for __I$use$fp
    btod.o(CL$$btod_emuld) refers to btod.o(CL$$btod_mult_common) for __btod_mult_common
    btod.o(CL$$btod_emuld) refers to btod.o(CL$$btod_e2d) for _e2d
    btod.o(CL$$btod_edivd) refers (Special) to usenofp.o(x$fpl$usenofp) for __I$use$fp
    btod.o(CL$$btod_edivd) refers to btod.o(CL$$btod_div_common) for __btod_div_common
    btod.o(CL$$btod_edivd) refers to btod.o(CL$$btod_e2d) for _e2d
    btod.o(CL$$btod_e2e) refers (Special) to usenofp.o(x$fpl$usenofp) for __I$use$fp
    btod.o(CL$$btod_e2d) refers (Special) to usenofp.o(x$fpl$usenofp) for __I$use$fp
    btod.o(CL$$btod_e2d) refers to btod.o(CL$$btod_e2e) for _e2e
    btod.o(CL$$btod_mult_common) refers (Special) to usenofp.o(x$fpl$usenofp) for __I$use$fp
    btod.o(CL$$btod_div_common) refers (Special) to usenofp.o(x$fpl$usenofp) for __I$use$fp
    streamlock.o(.data) refers (Special) to initio.o(.text) for _initio
    fopen.o(.text) refers to fclose.o(.text) for _fclose_internal
    fopen.o(.text) refers to sys_io.o(.text) for _sys_open
    fopen.o(.text) refers to fseek.o(.text) for _fseek
    fopen.o(.text) refers to h1_alloc.o(.text) for malloc
    fopen.o(.text) refers to rt_memclr_w.o(.text) for __aeabi_memclr4
    fopen.o(.text) refers to stdio_streams.o(.bss) for __stdin
    fclose.o(.text) refers to stdio.o(.text) for _fflush
    fclose.o(.text) refers to sys_io.o(.text) for _sys_close
    fclose.o(.text) refers to h1_free.o(.text) for free
    fclose.o(.text) refers to rt_memclr_w.o(.text) for __aeabi_memclr4
    fopen_locked.o(.text) refers to fclose.o(.text) for _fclose_internal
    fopen_locked.o(.text) refers to sys_io.o(.text) for _sys_open
    fopen_locked.o(.text) refers to fseek.o(.text) for _fseek
    fopen_locked.o(.text) refers to h1_alloc.o(.text) for malloc
    fopen_locked.o(.text) refers to rt_memclr_w.o(.text) for __aeabi_memclr4
    fopen_locked.o(.text) refers to streamlock.o(.data) for _stream_list_lock
    fopen_locked.o(.text) refers to stdio_streams.o(.bss) for __stdin
    lc_numeric_c.o(locale$$data) refers (Special) to libinit2.o(.ARM.Collect$$libinit$$00000016) for __rt_lib_init_lc_numeric_2
    lc_numeric_c.o(locale$$code) refers (Special) to libinit2.o(.ARM.Collect$$libinit$$00000016) for __rt_lib_init_lc_numeric_2
    lc_numeric_c.o(locale$$code) refers to strcmpv7m.o(.text) for strcmp
    lc_numeric_c.o(locale$$code) refers to lc_numeric_c.o(locale$$data) for __lcnum_c_name
    exit.o(.text) refers to rtexit.o(.ARM.Collect$$rtexit$$00000000) for __rt_exit
    defsig_rtred_outer.o(.text) refers to defsig_rtred_inner.o(.text) for __rt_SIGRTRED_inner
    defsig_rtred_outer.o(.text) refers to defsig_exit.o(.text) for __sig_exit
    defsig_rtred_formal.o(.text) refers to rt_raise.o(.text) for __rt_raise
    libinit.o(.ARM.Collect$$libinit$$00000000) refers (Special) to libinit2.o(.ARM.Collect$$libinit$$0000002E) for __rt_lib_init_alloca_1
    libinit.o(.ARM.Collect$$libinit$$00000000) refers (Special) to libinit2.o(.ARM.Collect$$libinit$$0000002C) for __rt_lib_init_argv_1
    libinit.o(.ARM.Collect$$libinit$$00000000) refers (Special) to libinit2.o(.ARM.Collect$$libinit$$0000001B) for __rt_lib_init_atexit_1
    libinit.o(.ARM.Collect$$libinit$$00000000) refers (Special) to libinit2.o(.ARM.Collect$$libinit$$00000021) for __rt_lib_init_clock_1
    libinit.o(.ARM.Collect$$libinit$$00000000) refers (Special) to libinit2.o(.ARM.Collect$$libinit$$00000032) for __rt_lib_init_cpp_1
    libinit.o(.ARM.Collect$$libinit$$00000000) refers (Special) to libinit2.o(.ARM.Collect$$libinit$$00000030) for __rt_lib_init_exceptions_1
    libinit.o(.ARM.Collect$$libinit$$00000000) refers (Special) to libinit2.o(.ARM.Collect$$libinit$$00000002) for __rt_lib_init_fp_1
    libinit.o(.ARM.Collect$$libinit$$00000000) refers (Special) to libinit2.o(.ARM.Collect$$libinit$$0000001F) for __rt_lib_init_fp_trap_1
    libinit.o(.ARM.Collect$$libinit$$00000000) refers (Special) to libinit2.o(.ARM.Collect$$libinit$$00000023) for __rt_lib_init_getenv_1
    libinit.o(.ARM.Collect$$libinit$$00000000) refers (Special) to libinit2.o(.ARM.Collect$$libinit$$0000000A) for __rt_lib_init_heap_1
    libinit.o(.ARM.Collect$$libinit$$00000000) refers (Special) to libinit2.o(.ARM.Collect$$libinit$$00000011) for __rt_lib_init_lc_collate_1
    libinit.o(.ARM.Collect$$libinit$$00000000) refers (Special) to libinit2.o(.ARM.Collect$$libinit$$00000013) for __rt_lib_init_lc_ctype_1
    libinit.o(.ARM.Collect$$libinit$$00000000) refers (Special) to libinit2.o(.ARM.Collect$$libinit$$00000015) for __rt_lib_init_lc_monetary_1
    libinit.o(.ARM.Collect$$libinit$$00000000) refers (Special) to libinit2.o(.ARM.Collect$$libinit$$00000017) for __rt_lib_init_lc_numeric_1
    libinit.o(.ARM.Collect$$libinit$$00000000) refers (Special) to libinit2.o(.ARM.Collect$$libinit$$00000019) for __rt_lib_init_lc_time_1
    libinit.o(.ARM.Collect$$libinit$$00000000) refers (Special) to libinit2.o(.ARM.Collect$$libinit$$00000004) for __rt_lib_init_preinit_1
    libinit.o(.ARM.Collect$$libinit$$00000000) refers (Special) to libinit2.o(.ARM.Collect$$libinit$$0000000E) for __rt_lib_init_rand_1
    libinit.o(.ARM.Collect$$libinit$$00000000) refers (Special) to libinit2.o(.ARM.Collect$$libinit$$00000033) for __rt_lib_init_return
    libinit.o(.ARM.Collect$$libinit$$00000000) refers (Special) to libinit2.o(.ARM.Collect$$libinit$$0000001D) for __rt_lib_init_signal_1
    libinit.o(.ARM.Collect$$libinit$$00000000) refers (Special) to libinit2.o(.ARM.Collect$$libinit$$00000025) for __rt_lib_init_stdio_1
    libinit.o(.ARM.Collect$$libinit$$00000000) refers (Special) to libinit2.o(.ARM.Collect$$libinit$$0000000C) for __rt_lib_init_user_alloc_1
    libinit2.o(.ARM.Collect$$libinit$$00000005) refers (Weak) to init_alloc.o(.text) for _init_alloc
    libinit2.o(.ARM.Collect$$libinit$$0000000F) refers (Weak) to rt_locale_intlibspace.o(.text) for __rt_locale
    libinit2.o(.ARM.Collect$$libinit$$00000010) refers to libinit2.o(.ARM.Collect$$libinit$$0000000F) for .ARM.Collect$$libinit$$0000000F
    libinit2.o(.ARM.Collect$$libinit$$00000012) refers to libinit2.o(.ARM.Collect$$libinit$$0000000F) for .ARM.Collect$$libinit$$0000000F
    libinit2.o(.ARM.Collect$$libinit$$00000012) refers (Weak) to lc_ctype_c.o(locale$$code) for _get_lc_ctype
    libinit2.o(.ARM.Collect$$libinit$$00000014) refers to libinit2.o(.ARM.Collect$$libinit$$0000000F) for .ARM.Collect$$libinit$$0000000F
    libinit2.o(.ARM.Collect$$libinit$$00000016) refers to libinit2.o(.ARM.Collect$$libinit$$0000000F) for .ARM.Collect$$libinit$$0000000F
    libinit2.o(.ARM.Collect$$libinit$$00000016) refers (Weak) to lc_numeric_c.o(locale$$code) for _get_lc_numeric
    libinit2.o(.ARM.Collect$$libinit$$00000018) refers to libinit2.o(.ARM.Collect$$libinit$$0000000F) for .ARM.Collect$$libinit$$0000000F
    libinit2.o(.ARM.Collect$$libinit$$00000024) refers (Weak) to initio.o(.text) for _initio
    libinit2.o(.ARM.Collect$$libinit$$00000026) refers to argv_veneer.o(.emb_text) for __ARM_argv_veneer
    libinit2.o(.ARM.Collect$$libinit$$00000027) refers to argv_veneer.o(.emb_text) for __ARM_argv_veneer
    libshutdown2.o(.ARM.Collect$$libshutdown$$00000005) refers (Weak) to initio.o(.text) for _terminateio
    libshutdown2.o(.ARM.Collect$$libshutdown$$0000000F) refers (Weak) to term_alloc.o(.text) for _terminate_alloc
    istatus.o(x$fpl$ieeestatus) refers (Special) to usenofp.o(x$fpl$usenofp) for __I$use$fp
    fpclassify.o(i.__ARM_fpclassify) refers (Special) to usenofp.o(x$fpl$usenofp) for __I$use$fp
    libspace.o(.text) refers to libspace.o(.bss) for __libspace_start
    rtexit.o(.ARM.Collect$$rtexit$$00000000) refers (Special) to rtexit2.o(.ARM.Collect$$rtexit$$00000004) for __rt_exit_exit
    rtexit.o(.ARM.Collect$$rtexit$$00000000) refers (Special) to rtexit2.o(.ARM.Collect$$rtexit$$00000003) for __rt_exit_ls
    rtexit.o(.ARM.Collect$$rtexit$$00000000) refers (Special) to rtexit2.o(.ARM.Collect$$rtexit$$00000002) for __rt_exit_prels_1
    rtexit.o(.ARM.exidx) refers (Special) to rtexit2.o(.ARM.Collect$$rtexit$$00000004) for __rt_exit_exit
    rtexit.o(.ARM.exidx) refers (Special) to rtexit2.o(.ARM.Collect$$rtexit$$00000003) for __rt_exit_ls
    rtexit.o(.ARM.exidx) refers (Special) to rtexit2.o(.ARM.Collect$$rtexit$$00000002) for __rt_exit_prels_1
    rtexit.o(.ARM.exidx) refers to rtexit.o(.ARM.Collect$$rtexit$$00000000) for .ARM.Collect$$rtexit$$00000000
    rt_raise.o(.text) refers to __raise.o(.text) for __raise
    rt_raise.o(.text) refers to sys_exit.o(.text) for _sys_exit
    rt_heap_descriptor.o(.text) refers to rt_heap_descriptor.o(.bss) for __rt_heap_descriptor_data
    rt_heap_descriptor_intlibspace.o(.text) refers to libspace.o(.bss) for __libspace_start
    init_alloc.o(.text) refers (Special) to hguard.o(.text) for __heap$guard
    init_alloc.o(.text) refers (Special) to libinit2.o(.ARM.Collect$$libinit$$00000005) for __rt_lib_init_heap_2
    init_alloc.o(.text) refers (Special) to maybetermalloc1.o(.emb_text) for _maybe_terminate_alloc
    init_alloc.o(.text) refers to h1_extend.o(.text) for __Heap_ProvideMemory
    init_alloc.o(.text) refers to defsig_rtmem_outer.o(.text) for __rt_SIGRTMEM
    init_alloc.o(.text) refers to rt_heap_descriptor_intlibspace.o(.text) for __rt_heap_descriptor
    init_alloc.o(.text) refers to h1_init.o(.text) for __Heap_Initialize
    malloc.o(.text) refers (Special) to hguard.o(.text) for __heap$guard
    malloc.o(.text) refers (Special) to init_alloc.o(.text) for _init_alloc
    malloc.o(.text) refers to rt_heap_descriptor_intlibspace.o(.text) for __rt_heap_descriptor
    malloc.o(.text) refers to heapstubs.o(.text) for __Heap_Alloc
    h1_alloc.o(.text) refers (Special) to h1_init.o(.text) for __Heap_Initialize
    h1_alloc.o(.text) refers to rt_heap_descriptor_intlibspace.o(.text) for __rt_heap_descriptor
    h1_alloc.o(.text) refers to init_alloc.o(.text) for __Heap_Full
    h1_alloc_mt.o(.text) refers (Special) to h1_init.o(.text) for __Heap_Initialize
    h1_alloc_mt.o(.text) refers to init_alloc.o(.text) for __Heap_Full
    h1_alloc_mt.o(.text) refers to rt_heap_descriptor_intlibspace.o(.text) for __rt_heap_descriptor
    fseek.o(.text) refers to sys_io.o(.text) for _sys_istty
    fseek.o(.text) refers to ftell.o(.text) for _ftell_internal
    fseek.o(.text) refers to stdio.o(.text) for _seterr
    stdio.o(.text) refers to sys_io.o(.text) for _sys_seek
    lc_ctype_c.o(locale$$data) refers (Special) to libinit2.o(.ARM.Collect$$libinit$$00000012) for __rt_lib_init_lc_ctype_2
    lc_ctype_c.o(locale$$code) refers (Special) to libinit2.o(.ARM.Collect$$libinit$$00000012) for __rt_lib_init_lc_ctype_2
    lc_ctype_c.o(locale$$code) refers to strcmpv7m.o(.text) for strcmp
    lc_ctype_c.o(locale$$code) refers to lc_ctype_c.o(locale$$data) for __lcctype_c_name
    defsig_exit.o(.text) refers to sys_exit.o(.text) for _sys_exit
    defsig_rtred_inner.o(.text) refers to defsig_general.o(.text) for __default_signal_display
    argv_veneer.o(.emb_text) refers to no_argv.o(.text) for __ARM_get_argv
    sys_exit.o(.text) refers (Special) to use_no_semi.o(.text) for __I$use$semihosting
    sys_exit.o(.text) refers (Special) to indicate_semi.o(.text) for __semihosting_library_function
    rtexit2.o(.ARM.Collect$$rtexit$$00000003) refers to libshutdown.o(.ARM.Collect$$libshutdown$$00000000) for __rt_lib_shutdown
    rtexit2.o(.ARM.Collect$$rtexit$$00000004) refers to sys_exit.o(.text) for _sys_exit
    rtexit2.o(.ARM.exidx) refers to rtexit2.o(.ARM.Collect$$rtexit$$00000001) for .ARM.Collect$$rtexit$$00000001
    rtexit2.o(.ARM.exidx) refers to rtexit2.o(.ARM.Collect$$rtexit$$00000003) for .ARM.Collect$$rtexit$$00000003
    rtexit2.o(.ARM.exidx) refers to rtexit2.o(.ARM.Collect$$rtexit$$00000004) for .ARM.Collect$$rtexit$$00000004
    maybetermalloc2.o(.emb_text) refers (Special) to term_alloc.o(.text) for _terminate_alloc
    h1_extend.o(.text) refers to h1_free.o(.text) for free
    h1_init_mt.o(.text) refers to mutex_dummy.o(.text) for _mutex_initialize
    h1_extend_mt.o(.text) refers to h1_free_mt.o(.text) for _free_internal
    ftell.o(.text) refers to rt_errno_addr_intlibspace.o(.text) for __aeabi_errno_addr
    __raise.o(.text) refers to defsig.o(CL$$defsig) for __default_signal_handler
    defsig_general.o(.text) refers to sys_wrch.o(.text) for _ttywrch
    defsig_rtmem_outer.o(.text) refers to defsig_rtmem_inner.o(.text) for __rt_SIGRTMEM_inner
    defsig_rtmem_outer.o(.text) refers to defsig_exit.o(.text) for __sig_exit
    defsig_rtmem_formal.o(.text) refers to rt_raise.o(.text) for __rt_raise
    heapauxa.o(.text) refers to heapauxa.o(.data) for .data
    _get_argv.o(.text) refers (Special) to hrguard.o(.text) for __heap_region$guard
    _get_argv.o(.text) refers to h1_alloc.o(.text) for malloc
    _get_argv.o(.text) refers to defsig_rtmem_outer.o(.text) for __rt_SIGRTMEM
    _get_argv.o(.text) refers to sys_command.o(.text) for _sys_command_string
    _get_argv_nomalloc.o(.text) refers (Special) to hrguard.o(.text) for __heap_region$guard
    _get_argv_nomalloc.o(.text) refers to defsig_rtmem_outer.o(.text) for __rt_SIGRTMEM
    _get_argv_nomalloc.o(.text) refers to sys_command.o(.text) for _sys_command_string
    sys_wrch.o(.text) refers (Special) to use_no_semi.o(.text) for __I$use$semihosting
    sys_wrch.o(.text) refers (Special) to indicate_semi.o(.text) for __semihosting_library_function
    sys_command.o(.text) refers (Special) to use_no_semi.o(.text) for __I$use$semihosting
    sys_command.o(.text) refers (Special) to indicate_semi.o(.text) for __semihosting_library_function
    rt_errno_addr.o(.text) refers to rt_errno_addr.o(.bss) for __aeabi_errno_addr_data
    rt_errno_addr_intlibspace.o(.text) refers to libspace.o(.bss) for __libspace_start
    term_alloc.o(.text) refers (Special) to libshutdown2.o(.ARM.Collect$$libshutdown$$00000010) for __rt_lib_shutdown_heap_2
    term_alloc.o(.text) refers to rt_heap_descriptor_intlibspace.o(.text) for __rt_heap_descriptor
    term_alloc.o(.text) refers to h1_final.o(.text) for __Heap_Finalize
    defsig_rtmem_inner.o(.text) refers to defsig_general.o(.text) for __default_signal_display
    defsig.o(CL$$defsig) refers to defsig_rtred_inner.o(.text) for __rt_SIGRTRED_inner
    defsig.o(CL$$defsig) refers to defsig_rtmem_inner.o(.text) for __rt_SIGRTMEM_inner
    libshutdown.o(.ARM.Collect$$libshutdown$$00000000) refers (Special) to libshutdown2.o(.ARM.Collect$$libshutdown$$00000004) for __rt_lib_shutdown_cpp_1
    libshutdown.o(.ARM.Collect$$libshutdown$$00000000) refers (Special) to libshutdown2.o(.ARM.Collect$$libshutdown$$00000002) for __rt_lib_shutdown_fini_1
    libshutdown.o(.ARM.Collect$$libshutdown$$00000000) refers (Special) to libshutdown2.o(.ARM.Collect$$libshutdown$$00000009) for __rt_lib_shutdown_fp_trap_1
    libshutdown.o(.ARM.Collect$$libshutdown$$00000000) refers (Special) to libshutdown2.o(.ARM.Collect$$libshutdown$$00000011) for __rt_lib_shutdown_heap_1
    libshutdown.o(.ARM.Collect$$libshutdown$$00000000) refers (Special) to libshutdown2.o(.ARM.Collect$$libshutdown$$00000012) for __rt_lib_shutdown_return
    libshutdown.o(.ARM.Collect$$libshutdown$$00000000) refers (Special) to libshutdown2.o(.ARM.Collect$$libshutdown$$0000000C) for __rt_lib_shutdown_signal_1
    libshutdown.o(.ARM.Collect$$libshutdown$$00000000) refers (Special) to libshutdown2.o(.ARM.Collect$$libshutdown$$00000006) for __rt_lib_shutdown_stdio_1
    libshutdown.o(.ARM.Collect$$libshutdown$$00000000) refers (Special) to libshutdown2.o(.ARM.Collect$$libshutdown$$0000000E) for __rt_lib_shutdown_user_alloc_1
    defsig_abrt_inner.o(.text) refers to defsig_general.o(.text) for __default_signal_display
    defsig_fpe_inner.o(.text) refers to defsig_general.o(.text) for __default_signal_display
    defsig_stak_inner.o(.text) refers to defsig_general.o(.text) for __default_signal_display
    defsig_pvfn_inner.o(.text) refers to defsig_general.o(.text) for __default_signal_display
    defsig_cppl_inner.o(.text) refers to defsig_general.o(.text) for __default_signal_display
    defsig_segv_inner.o(.text) refers to defsig_general.o(.text) for __default_signal_display
    defsig_other.o(.text) refers to defsig_general.o(.text) for __default_signal_display

